Archive member included to satisfy reference by file (symbol)

/opt/gcc-arm-none-eabi-9-2020-q2-update/bin/../lib/gcc/arm-none-eabi/9.3.1/../../../../arm-none-eabi/lib/thumb/v6-m/nofp/libc_nano.a(lib_a-exit.o)
                              /opt/gcc-arm-none-eabi-9-2020-q2-update/bin/../lib/gcc/arm-none-eabi/9.3.1/../../../../arm-none-eabi/lib/thumb/v6-m/nofp/crt0.o (exit)
/opt/gcc-arm-none-eabi-9-2020-q2-update/bin/../lib/gcc/arm-none-eabi/9.3.1/../../../../arm-none-eabi/lib/thumb/v6-m/nofp/libc_nano.a(lib_a-impure.o)
                              /opt/gcc-arm-none-eabi-9-2020-q2-update/bin/../lib/gcc/arm-none-eabi/9.3.1/../../../../arm-none-eabi/lib/thumb/v6-m/nofp/libc_nano.a(lib_a-exit.o) (_global_impure_ptr)
/opt/gcc-arm-none-eabi-9-2020-q2-update/bin/../lib/gcc/arm-none-eabi/9.3.1/../../../../arm-none-eabi/lib/thumb/v6-m/nofp/libc_nano.a(lib_a-init.o)
                              /opt/gcc-arm-none-eabi-9-2020-q2-update/bin/../lib/gcc/arm-none-eabi/9.3.1/../../../../arm-none-eabi/lib/thumb/v6-m/nofp/crt0.o (__libc_init_array)
/opt/gcc-arm-none-eabi-9-2020-q2-update/bin/../lib/gcc/arm-none-eabi/9.3.1/../../../../arm-none-eabi/lib/thumb/v6-m/nofp/libc_nano.a(lib_a-memset.o)
                              /opt/gcc-arm-none-eabi-9-2020-q2-update/bin/../lib/gcc/arm-none-eabi/9.3.1/../../../../arm-none-eabi/lib/thumb/v6-m/nofp/crt0.o (memset)
/opt/gcc-arm-none-eabi-9-2020-q2-update/bin/../lib/gcc/arm-none-eabi/9.3.1/thumb/v6-m/nofp/libgcc.a(_udivsi3.o)
                              CMakeFiles/nucleo_l073rz_initialize.out.dir/Drivers/STM32L0xx_HAL_Driver/Src/stm32l0xx_hal_uart.c.obj (__aeabi_uidiv)
/opt/gcc-arm-none-eabi-9-2020-q2-update/bin/../lib/gcc/arm-none-eabi/9.3.1/thumb/v6-m/nofp/libgcc.a(_dvmd_tls.o)
                              /opt/gcc-arm-none-eabi-9-2020-q2-update/bin/../lib/gcc/arm-none-eabi/9.3.1/thumb/v6-m/nofp/libgcc.a(_udivsi3.o) (__aeabi_idiv0)
/opt/gcc-arm-none-eabi-9-2020-q2-update/bin/../lib/gcc/arm-none-eabi/9.3.1/thumb/v6-m/nofp/libgcc.a(_aeabi_uldivmod.o)
                              CMakeFiles/nucleo_l073rz_initialize.out.dir/Drivers/STM32L0xx_HAL_Driver/Src/stm32l0xx_hal_uart.c.obj (__aeabi_uldivmod)
/opt/gcc-arm-none-eabi-9-2020-q2-update/bin/../lib/gcc/arm-none-eabi/9.3.1/thumb/v6-m/nofp/libgcc.a(_muldi3.o)
                              CMakeFiles/nucleo_l073rz_initialize.out.dir/Drivers/STM32L0xx_HAL_Driver/Src/stm32l0xx_hal_rcc.c.obj (__aeabi_lmul)
/opt/gcc-arm-none-eabi-9-2020-q2-update/bin/../lib/gcc/arm-none-eabi/9.3.1/thumb/v6-m/nofp/libgcc.a(_udivmoddi4.o)
                              /opt/gcc-arm-none-eabi-9-2020-q2-update/bin/../lib/gcc/arm-none-eabi/9.3.1/thumb/v6-m/nofp/libgcc.a(_aeabi_uldivmod.o) (__udivmoddi4)
/opt/gcc-arm-none-eabi-9-2020-q2-update/bin/../lib/gcc/arm-none-eabi/9.3.1/thumb/v6-m/nofp/libgcc.a(unwind-arm.o)
                              CMakeFiles/nucleo_l073rz_initialize.out.dir/Src/main.cc.obj (__aeabi_unwind_cpp_pr0)
/opt/gcc-arm-none-eabi-9-2020-q2-update/bin/../lib/gcc/arm-none-eabi/9.3.1/thumb/v6-m/nofp/libgcc.a(libunwind.o)
                              /opt/gcc-arm-none-eabi-9-2020-q2-update/bin/../lib/gcc/arm-none-eabi/9.3.1/thumb/v6-m/nofp/libgcc.a(unwind-arm.o) (restore_core_regs)
/opt/gcc-arm-none-eabi-9-2020-q2-update/bin/../lib/gcc/arm-none-eabi/9.3.1/thumb/v6-m/nofp/libgcc.a(pr-support.o)
                              /opt/gcc-arm-none-eabi-9-2020-q2-update/bin/../lib/gcc/arm-none-eabi/9.3.1/thumb/v6-m/nofp/libgcc.a(unwind-arm.o) (__gnu_unwind_execute)
/opt/gcc-arm-none-eabi-9-2020-q2-update/bin/../lib/gcc/arm-none-eabi/9.3.1/thumb/v6-m/nofp/libgcc.a(_clzdi2.o)
                              /opt/gcc-arm-none-eabi-9-2020-q2-update/bin/../lib/gcc/arm-none-eabi/9.3.1/thumb/v6-m/nofp/libgcc.a(_udivmoddi4.o) (__clzdi2)
/opt/gcc-arm-none-eabi-9-2020-q2-update/bin/../lib/gcc/arm-none-eabi/9.3.1/thumb/v6-m/nofp/libgcc.a(_clzsi2.o)
                              /opt/gcc-arm-none-eabi-9-2020-q2-update/bin/../lib/gcc/arm-none-eabi/9.3.1/thumb/v6-m/nofp/libgcc.a(_clzdi2.o) (__clzsi2)
/opt/gcc-arm-none-eabi-9-2020-q2-update/bin/../lib/gcc/arm-none-eabi/9.3.1/../../../../arm-none-eabi/lib/thumb/v6-m/nofp/libg_nano.a(lib_a-abort.o)
                              /opt/gcc-arm-none-eabi-9-2020-q2-update/bin/../lib/gcc/arm-none-eabi/9.3.1/thumb/v6-m/nofp/libgcc.a(unwind-arm.o) (abort)
/opt/gcc-arm-none-eabi-9-2020-q2-update/bin/../lib/gcc/arm-none-eabi/9.3.1/../../../../arm-none-eabi/lib/thumb/v6-m/nofp/libg_nano.a(lib_a-memcpy-stub.o)
                              /opt/gcc-arm-none-eabi-9-2020-q2-update/bin/../lib/gcc/arm-none-eabi/9.3.1/thumb/v6-m/nofp/libgcc.a(unwind-arm.o) (memcpy)
/opt/gcc-arm-none-eabi-9-2020-q2-update/bin/../lib/gcc/arm-none-eabi/9.3.1/../../../../arm-none-eabi/lib/thumb/v6-m/nofp/libg_nano.a(lib_a-signal.o)
                              /opt/gcc-arm-none-eabi-9-2020-q2-update/bin/../lib/gcc/arm-none-eabi/9.3.1/../../../../arm-none-eabi/lib/thumb/v6-m/nofp/libg_nano.a(lib_a-abort.o) (raise)
[...]
Memory Configuration

Name             Origin             Length             Attributes
RAM              0x0000000020000000 0x0000000000005000 xrw
FLASH            0x0000000008000000 0x0000000000030000 xr
*default*        0x0000000000000000 0xffffffffffffffff

Linker script and memory map

LOAD /opt/gcc-arm-none-eabi-9-2020-q2-update/bin/../lib/gcc/arm-none-eabi/9.3.1/thumb/v6-m/nofp/crti.o
LOAD /opt/gcc-arm-none-eabi-9-2020-q2-update/bin/../lib/gcc/arm-none-eabi/9.3.1/thumb/v6-m/nofp/crtbegin.o
LOAD /opt/gcc-arm-none-eabi-9-2020-q2-update/bin/../lib/gcc/arm-none-eabi/9.3.1/../../../../arm-none-eabi/lib/thumb/v6-m/nofp/crt0.o
LOAD /opt/gcc-arm-none-eabi-9-2020-q2-update/bin/../lib/gcc/arm-none-eabi/9.3.1/../../../../arm-none-eabi/lib/thumb/v6-m/nofp/libnosys.a
LOAD CMakeFiles/nucleo_l073rz_initialize.out.dir/Src/main.cc.obj
LOAD CMakeFiles/nucleo_l073rz_initialize.out.dir/Src/stm32l0xx_it.c.obj
LOAD CMakeFiles/nucleo_l073rz_initialize.out.dir/Src/stm32l0xx_hal_msp.c.obj
LOAD CMakeFiles/nucleo_l073rz_initialize.out.dir/Drivers/STM32L0xx_HAL_Driver/Src/stm32l0xx_hal_tim.c.obj
LOAD CMakeFiles/nucleo_l073rz_initialize.out.dir/Drivers/STM32L0xx_HAL_Driver/Src/stm32l0xx_hal_tim_ex.c.obj
LOAD CMakeFiles/nucleo_l073rz_initialize.out.dir/Drivers/STM32L0xx_HAL_Driver/Src/stm32l0xx_hal_uart.c.obj
LOAD CMakeFiles/nucleo_l073rz_initialize.out.dir/Drivers/STM32L0xx_HAL_Driver/Src/stm32l0xx_hal_uart_ex.c.obj
LOAD CMakeFiles/nucleo_l073rz_initialize.out.dir/Drivers/STM32L0xx_HAL_Driver/Src/stm32l0xx_hal.c.obj
LOAD CMakeFiles/nucleo_l073rz_initialize.out.dir/Drivers/STM32L0xx_HAL_Driver/Src/stm32l0xx_hal_i2c.c.obj
LOAD CMakeFiles/nucleo_l073rz_initialize.out.dir/Drivers/STM32L0xx_HAL_Driver/Src/stm32l0xx_hal_i2c_ex.c.obj
LOAD CMakeFiles/nucleo_l073rz_initialize.out.dir/Drivers/STM32L0xx_HAL_Driver/Src/stm32l0xx_hal_rcc.c.obj
LOAD CMakeFiles/nucleo_l073rz_initialize.out.dir/Drivers/STM32L0xx_HAL_Driver/Src/stm32l0xx_hal_rcc_ex.c.obj
LOAD CMakeFiles/nucleo_l073rz_initialize.out.dir/Drivers/STM32L0xx_HAL_Driver/Src/stm32l0xx_hal_flash_ramfunc.c.obj
LOAD CMakeFiles/nucleo_l073rz_initialize.out.dir/Drivers/STM32L0xx_HAL_Driver/Src/stm32l0xx_hal_flash.c.obj
LOAD CMakeFiles/nucleo_l073rz_initialize.out.dir/Drivers/STM32L0xx_HAL_Driver/Src/stm32l0xx_hal_flash_ex.c.obj
LOAD CMakeFiles/nucleo_l073rz_initialize.out.dir/Drivers/STM32L0xx_HAL_Driver/Src/stm32l0xx_hal_gpio.c.obj
LOAD CMakeFiles/nucleo_l073rz_initialize.out.dir/Drivers/STM32L0xx_HAL_Driver/Src/stm32l0xx_hal_dma.c.obj
LOAD CMakeFiles/nucleo_l073rz_initialize.out.dir/Drivers/STM32L0xx_HAL_Driver/Src/stm32l0xx_hal_pwr.c.obj
LOAD CMakeFiles/nucleo_l073rz_initialize.out.dir/Drivers/STM32L0xx_HAL_Driver/Src/stm32l0xx_hal_pwr_ex.c.obj
LOAD CMakeFiles/nucleo_l073rz_initialize.out.dir/Drivers/STM32L0xx_HAL_Driver/Src/stm32l0xx_hal_cortex.c.obj
LOAD CMakeFiles/nucleo_l073rz_initialize.out.dir/Drivers/STM32L0xx_HAL_Driver/Src/stm32l0xx_hal_exti.c.obj
LOAD CMakeFiles/nucleo_l073rz_initialize.out.dir/Src/system_stm32l0xx.c.obj
LOAD CMakeFiles/nucleo_l073rz_initialize.out.dir/startup_stm32l073xx.s.obj
LOAD /opt/gcc-arm-none-eabi-9-2020-q2-update/bin/../lib/gcc/arm-none-eabi/9.3.1/../../../../arm-none-eabi/lib/thumb/v6-m/nofp/libstdc++_nano.a
LOAD /opt/gcc-arm-none-eabi-9-2020-q2-update/bin/../lib/gcc/arm-none-eabi/9.3.1/../../../../arm-none-eabi/lib/thumb/v6-m/nofp/libm.a
LOAD /opt/gcc-arm-none-eabi-9-2020-q2-update/bin/../lib/gcc/arm-none-eabi/9.3.1/../../../../arm-none-eabi/lib/thumb/v6-m/nofp/libc_nano.a
START GROUP
LOAD /opt/gcc-arm-none-eabi-9-2020-q2-update/bin/../lib/gcc/arm-none-eabi/9.3.1/thumb/v6-m/nofp/libgcc.a
LOAD /opt/gcc-arm-none-eabi-9-2020-q2-update/bin/../lib/gcc/arm-none-eabi/9.3.1/../../../../arm-none-eabi/lib/thumb/v6-m/nofp/libg_nano.a
LOAD /opt/gcc-arm-none-eabi-9-2020-q2-update/bin/../lib/gcc/arm-none-eabi/9.3.1/../../../../arm-none-eabi/lib/thumb/v6-m/nofp/libc_nano.a
END GROUP
START GROUP
LOAD /opt/gcc-arm-none-eabi-9-2020-q2-update/bin/../lib/gcc/arm-none-eabi/9.3.1/thumb/v6-m/nofp/libgcc.a
LOAD /opt/gcc-arm-none-eabi-9-2020-q2-update/bin/../lib/gcc/arm-none-eabi/9.3.1/../../../../arm-none-eabi/lib/thumb/v6-m/nofp/libc_nano.a
LOAD /opt/gcc-arm-none-eabi-9-2020-q2-update/bin/../lib/gcc/arm-none-eabi/9.3.1/../../../../arm-none-eabi/lib/thumb/v6-m/nofp/libnosys.a
END GROUP
START GROUP
LOAD /opt/gcc-arm-none-eabi-9-2020-q2-update/bin/../lib/gcc/arm-none-eabi/9.3.1/thumb/v6-m/nofp/libgcc.a
LOAD /opt/gcc-arm-none-eabi-9-2020-q2-update/bin/../lib/gcc/arm-none-eabi/9.3.1/../../../../arm-none-eabi/lib/thumb/v6-m/nofp/libc_nano.a
LOAD /opt/gcc-arm-none-eabi-9-2020-q2-update/bin/../lib/gcc/arm-none-eabi/9.3.1/../../../../arm-none-eabi/lib/thumb/v6-m/nofp/libnosys.a
END GROUP
LOAD /opt/gcc-arm-none-eabi-9-2020-q2-update/bin/../lib/gcc/arm-none-eabi/9.3.1/thumb/v6-m/nofp/crtend.o
LOAD /opt/gcc-arm-none-eabi-9-2020-q2-update/bin/../lib/gcc/arm-none-eabi/9.3.1/thumb/v6-m/nofp/crtn.o
                0x0000000020005000                _estack = (ORIGIN (RAM) + LENGTH (RAM))
                0x0000000000000200                _Min_Heap_Size = 0x200
                0x0000000000000400                _Min_Stack_Size = 0x400

.isr_vector     0x0000000008000000       0xc0
                0x0000000008000000                . = ALIGN (0x4)
 *(.isr_vector)
 .isr_vector    0x0000000008000000       0xc0 CMakeFiles/nucleo_l073rz_initialize.out.dir/startup_stm32l073xx.s.obj
                0x0000000008000000                g_pfnVectors
                0x00000000080000c0                . = ALIGN (0x4)

.text           0x00000000080000c0     0x2308
                0x00000000080000c0                . = ALIGN (0x4)
 *(.text)
 .text          0x00000000080000c0       0x48 /opt/gcc-arm-none-eabi-9-2020-q2-update/bin/../lib/gcc/arm-none-eabi/9.3.1/thumb/v6-m/nofp/crtbegin.o
 .text          0x0000000008000108      0x114 /opt/gcc-arm-none-eabi-9-2020-q2-update/bin/../lib/gcc/arm-none-eabi/9.3.1/thumb/v6-m/nofp/libgcc.a(_udivsi3.o)
                0x0000000008000108                __udivsi3
                0x0000000008000108                __aeabi_uidiv
                0x0000000008000214                __aeabi_uidivmod
 .text          0x000000000800021c        0x4 /opt/gcc-arm-none-eabi-9-2020-q2-update/bin/../lib/gcc/arm-none-eabi/9.3.1/thumb/v6-m/nofp/libgcc.a(_dvmd_tls.o)
                0x000000000800021c                __aeabi_ldiv0
                0x000000000800021c                __aeabi_idiv0
 .text          0x0000000008000220       0x40 /opt/gcc-arm-none-eabi-9-2020-q2-update/bin/../lib/gcc/arm-none-eabi/9.3.1/thumb/v6-m/nofp/libgcc.a(_aeabi_uldivmod.o)
                0x0000000008000220                __aeabi_uldivmod
 .text          0x0000000008000260       0x50 /opt/gcc-arm-none-eabi-9-2020-q2-update/bin/../lib/gcc/arm-none-eabi/9.3.1/thumb/v6-m/nofp/libgcc.a(_muldi3.o)
                0x0000000008000260                __aeabi_lmul
                0x0000000008000260                __muldi3
 .text          0x00000000080002b0      0x198 /opt/gcc-arm-none-eabi-9-2020-q2-update/bin/../lib/gcc/arm-none-eabi/9.3.1/thumb/v6-m/nofp/libgcc.a(_udivmoddi4.o)
                0x00000000080002b0                __udivmoddi4
 .text          0x0000000008000448      0xa44 /opt/gcc-arm-none-eabi-9-2020-q2-update/bin/../lib/gcc/arm-none-eabi/9.3.1/thumb/v6-m/nofp/libgcc.a(unwind-arm.o)
                0x0000000008000714                _Unwind_GetCFA
                0x0000000008000718                __gnu_Unwind_RaiseException
                0x000000000800076c                __gnu_Unwind_ForcedUnwind
                0x0000000008000780                __gnu_Unwind_Resume
                0x00000000080007c8                __gnu_Unwind_Resume_or_Rethrow
                0x00000000080007e4                _Unwind_Complete
                0x00000000080007e8                _Unwind_DeleteException
                0x00000000080007f8                _Unwind_VRS_Get
                0x0000000008000844                _Unwind_VRS_Set
                0x0000000008000890                __gnu_Unwind_Backtrace
                0x0000000008000bec                __aeabi_unwind_cpp_pr0
                0x0000000008000bf8                __aeabi_unwind_cpp_pr1
                0x0000000008000c04                __aeabi_unwind_cpp_pr2
                0x0000000008000c10                _Unwind_VRS_Pop
 .text          0x0000000008000e8c      0x144 /opt/gcc-arm-none-eabi-9-2020-q2-update/bin/../lib/gcc/arm-none-eabi/9.3.1/thumb/v6-m/nofp/libgcc.a(libunwind.o)
                0x0000000008000e8c                __restore_core_regs
                0x0000000008000e8c                restore_core_regs
                0x0000000008000eb8                __gnu_Unwind_Restore_VFP
                0x0000000008000ebc                __gnu_Unwind_Save_VFP
                0x0000000008000ec0                __gnu_Unwind_Restore_VFP_D
                0x0000000008000ec4                __gnu_Unwind_Save_VFP_D
                0x0000000008000ec8                __gnu_Unwind_Restore_VFP_D_16_to_31
                0x0000000008000ecc                __gnu_Unwind_Save_VFP_D_16_to_31
                0x0000000008000ed0                __gnu_Unwind_Restore_WMMXD
                0x0000000008000ed4                __gnu_Unwind_Save_WMMXD
                0x0000000008000ed8                __gnu_Unwind_Restore_WMMXC
                0x0000000008000edc                __gnu_Unwind_Save_WMMXC
                0x0000000008000ee0                ___Unwind_RaiseException
                0x0000000008000ee0                _Unwind_RaiseException
                0x0000000008000f10                ___Unwind_Resume
                0x0000000008000f10                _Unwind_Resume
                0x0000000008000f40                _Unwind_Resume_or_Rethrow
                0x0000000008000f40                ___Unwind_Resume_or_Rethrow
                0x0000000008000f70                ___Unwind_ForcedUnwind
                0x0000000008000f70                _Unwind_ForcedUnwind
                0x0000000008000fa0                _Unwind_Backtrace
                0x0000000008000fa0                ___Unwind_Backtrace
 .text          0x0000000008000fd0      0x390 /opt/gcc-arm-none-eabi-9-2020-q2-update/bin/../lib/gcc/arm-none-eabi/9.3.1/thumb/v6-m/nofp/libgcc.a(pr-support.o)
                0x0000000008001024                __gnu_unwind_execute
                0x0000000008001314                __gnu_unwind_frame
                0x0000000008001340                _Unwind_GetRegionStart
                0x000000000800134c                _Unwind_GetLanguageSpecificData
 .text          0x0000000008001360       0x18 /opt/gcc-arm-none-eabi-9-2020-q2-update/bin/../lib/gcc/arm-none-eabi/9.3.1/thumb/v6-m/nofp/libgcc.a(_clzdi2.o)
                0x0000000008001360                __clzdi2
 .text          0x0000000008001378       0x3c /opt/gcc-arm-none-eabi-9-2020-q2-update/bin/../lib/gcc/arm-none-eabi/9.3.1/thumb/v6-m/nofp/libgcc.a(_clzsi2.o)
                0x0000000008001378                __clzsi2
 *(.text*)
 .text.Error_Handler
                0x00000000080013b4        0x4 CMakeFiles/nucleo_l073rz_initialize.out.dir/Src/main.cc.obj
                0x00000000080013b4                Error_Handler
 .text._Z18SystemClock_Configv
                0x00000000080013b8       0x94 CMakeFiles/nucleo_l073rz_initialize.out.dir/Src/main.cc.obj
                0x00000000080013b8                SystemClock_Config()
 .text._Z7ledInitv
                0x000000000800144c       0x34 CMakeFiles/nucleo_l073rz_initialize.out.dir/Src/main.cc.obj
                0x000000000800144c                ledInit()
 .text.main     0x0000000008001480       0x36 CMakeFiles/nucleo_l073rz_initialize.out.dir/Src/main.cc.obj
                0x0000000008001480                main
 .text.NMI_Handler
                0x00000000080014b6        0x2 CMakeFiles/nucleo_l073rz_initialize.out.dir/Src/stm32l0xx_it.c.obj
                0x00000000080014b6                NMI_Handler
 .text.HardFault_Handler
                0x00000000080014b8        0x2 CMakeFiles/nucleo_l073rz_initialize.out.dir/Src/stm32l0xx_it.c.obj
                0x00000000080014b8                HardFault_Handler
 .text.SVC_Handler
                0x00000000080014ba        0x2 CMakeFiles/nucleo_l073rz_initialize.out.dir/Src/stm32l0xx_it.c.obj
                0x00000000080014ba                SVC_Handler
 .text.PendSV_Handler
                0x00000000080014bc        0x2 CMakeFiles/nucleo_l073rz_initialize.out.dir/Src/stm32l0xx_it.c.obj
                0x00000000080014bc                PendSV_Handler
 .text.SysTick_Handler
                0x00000000080014be        0x8 CMakeFiles/nucleo_l073rz_initialize.out.dir/Src/stm32l0xx_it.c.obj
                0x00000000080014be                SysTick_Handler
 *fill*         0x00000000080014c6        0x2 
 .text.HAL_MspInit
                0x00000000080014c8       0x1c CMakeFiles/nucleo_l073rz_initialize.out.dir/Src/stm32l0xx_hal_msp.c.obj
                0x00000000080014c8                HAL_MspInit
 .text.HAL_InitTick
                0x00000000080014e4       0x50 CMakeFiles/nucleo_l073rz_initialize.out.dir/Drivers/STM32L0xx_HAL_Driver/Src/stm32l0xx_hal.c.obj
                0x00000000080014e4                HAL_InitTick
 .text.HAL_Init
                0x0000000008001534       0x28 CMakeFiles/nucleo_l073rz_initialize.out.dir/Drivers/STM32L0xx_HAL_Driver/Src/stm32l0xx_hal.c.obj
                0x0000000008001534                HAL_Init
 .text.HAL_IncTick
                0x000000000800155c       0x18 CMakeFiles/nucleo_l073rz_initialize.out.dir/Drivers/STM32L0xx_HAL_Driver/Src/stm32l0xx_hal.c.obj
                0x000000000800155c                HAL_IncTick
 .text.HAL_GetTick
                0x0000000008001574        0xc CMakeFiles/nucleo_l073rz_initialize.out.dir/Drivers/STM32L0xx_HAL_Driver/Src/stm32l0xx_hal.c.obj
                0x0000000008001574                HAL_GetTick
 .text.HAL_Delay
                0x0000000008001580       0x24 CMakeFiles/nucleo_l073rz_initialize.out.dir/Drivers/STM32L0xx_HAL_Driver/Src/stm32l0xx_hal.c.obj
                0x0000000008001580                HAL_Delay
 .text.HAL_RCC_GetSysClockFreq
                0x00000000080015a4       0xb0 CMakeFiles/nucleo_l073rz_initialize.out.dir/Drivers/STM32L0xx_HAL_Driver/Src/stm32l0xx_hal_rcc.c.obj
                0x00000000080015a4                HAL_RCC_GetSysClockFreq
 .text.HAL_RCC_OscConfig
                0x0000000008001654      0x598 CMakeFiles/nucleo_l073rz_initialize.out.dir/Drivers/STM32L0xx_HAL_Driver/Src/stm32l0xx_hal_rcc.c.obj
                0x0000000008001654                HAL_RCC_OscConfig
 .text.HAL_RCC_ClockConfig
                0x0000000008001bec      0x1d8 CMakeFiles/nucleo_l073rz_initialize.out.dir/Drivers/STM32L0xx_HAL_Driver/Src/stm32l0xx_hal_rcc.c.obj
                0x0000000008001bec                HAL_RCC_ClockConfig
 .text.HAL_RCCEx_PeriphCLKConfig
                0x0000000008001dc4      0x214 CMakeFiles/nucleo_l073rz_initialize.out.dir/Drivers/STM32L0xx_HAL_Driver/Src/stm32l0xx_hal_rcc_ex.c.obj
                0x0000000008001dc4                HAL_RCCEx_PeriphCLKConfig
 .text.HAL_GPIO_Init
                0x0000000008001fd8      0x19c CMakeFiles/nucleo_l073rz_initialize.out.dir/Drivers/STM32L0xx_HAL_Driver/Src/stm32l0xx_hal_gpio.c.obj
                0x0000000008001fd8                HAL_GPIO_Init
 .text.HAL_GPIO_WritePin
                0x0000000008002174        0xc CMakeFiles/nucleo_l073rz_initialize.out.dir/Drivers/STM32L0xx_HAL_Driver/Src/stm32l0xx_hal_gpio.c.obj
                0x0000000008002174                HAL_GPIO_WritePin
 .text.HAL_GPIO_TogglePin
                0x0000000008002180       0x10 CMakeFiles/nucleo_l073rz_initialize.out.dir/Drivers/STM32L0xx_HAL_Driver/Src/stm32l0xx_hal_gpio.c.obj
                0x0000000008002180                HAL_GPIO_TogglePin
 .text.HAL_NVIC_SetPriority
                0x0000000008002190       0x60 CMakeFiles/nucleo_l073rz_initialize.out.dir/Drivers/STM32L0xx_HAL_Driver/Src/stm32l0xx_hal_cortex.c.obj
                0x0000000008002190                HAL_NVIC_SetPriority
 .text.HAL_SYSTICK_Config
                0x00000000080021f0       0x38 CMakeFiles/nucleo_l073rz_initialize.out.dir/Drivers/STM32L0xx_HAL_Driver/Src/stm32l0xx_hal_cortex.c.obj
                0x00000000080021f0                HAL_SYSTICK_Config
 .text.SystemInit
                0x0000000008002228        0x2 CMakeFiles/nucleo_l073rz_initialize.out.dir/Src/system_stm32l0xx.c.obj
                0x0000000008002228                SystemInit
 *fill*         0x000000000800222a        0x2 
 .text.Reset_Handler
                0x000000000800222c       0x50 CMakeFiles/nucleo_l073rz_initialize.out.dir/startup_stm32l073xx.s.obj
                0x000000000800222c                Reset_Handler
 .text.Default_Handler
                0x000000000800227c        0x2 CMakeFiles/nucleo_l073rz_initialize.out.dir/startup_stm32l073xx.s.obj
                0x000000000800227c                TSC_IRQHandler
                0x000000000800227c                ADC1_COMP_IRQHandler
                0x000000000800227c                PVD_IRQHandler
                0x000000000800227c                I2C1_IRQHandler
                0x000000000800227c                RCC_CRS_IRQHandler
                0x000000000800227c                SPI1_IRQHandler
                0x000000000800227c                TIM6_DAC_IRQHandler
                0x000000000800227c                EXTI2_3_IRQHandler
                0x000000000800227c                I2C2_IRQHandler
                0x000000000800227c                RTC_IRQHandler
                0x000000000800227c                LCD_IRQHandler
                0x000000000800227c                DMA1_Channel4_5_6_7_IRQHandler
                0x000000000800227c                TIM3_IRQHandler
                0x000000000800227c                EXTI4_15_IRQHandler
                0x000000000800227c                DMA1_Channel1_IRQHandler
                0x000000000800227c                USART4_5_IRQHandler
                0x000000000800227c                Default_Handler
                0x000000000800227c                TIM22_IRQHandler
                0x000000000800227c                TIM7_IRQHandler
                0x000000000800227c                EXTI0_1_IRQHandler
                0x000000000800227c                USB_IRQHandler
                0x000000000800227c                I2C3_IRQHandler
                0x000000000800227c                SPI2_IRQHandler
                0x000000000800227c                TIM21_IRQHandler
                0x000000000800227c                WWDG_IRQHandler
                0x000000000800227c                TIM2_IRQHandler
                0x000000000800227c                DMA1_Channel2_3_IRQHandler
                0x000000000800227c                USART2_IRQHandler
                0x000000000800227c                FLASH_IRQHandler
                0x000000000800227c                USART1_IRQHandler
                0x000000000800227c                RNG_LPUART1_IRQHandler
                0x000000000800227c                LPTIM1_IRQHandler
 *fill*         0x000000000800227e        0x2 
 .text.__libc_init_array
                0x0000000008002280       0x48 /opt/gcc-arm-none-eabi-9-2020-q2-update/bin/../lib/gcc/arm-none-eabi/9.3.1/../../../../arm-none-eabi/lib/thumb/v6-m/nofp/libc_nano.a(lib_a-init.o)
                0x0000000008002280                __libc_init_array
 .text.memset   0x00000000080022c8       0x10 /opt/gcc-arm-none-eabi-9-2020-q2-update/bin/../lib/gcc/arm-none-eabi/9.3.1/../../../../arm-none-eabi/lib/thumb/v6-m/nofp/libc_nano.a(lib_a-memset.o)
                0x00000000080022c8                memset
 .text.abort    0x00000000080022d8        0xe /opt/gcc-arm-none-eabi-9-2020-q2-update/bin/../lib/gcc/arm-none-eabi/9.3.1/../../../../arm-none-eabi/lib/thumb/v6-m/nofp/libg_nano.a(lib_a-abort.o)
                0x00000000080022d8                abort
 .text.memcpy   0x00000000080022e6       0x12 /opt/gcc-arm-none-eabi-9-2020-q2-update/bin/../lib/gcc/arm-none-eabi/9.3.1/../../../../arm-none-eabi/lib/thumb/v6-m/nofp/libg_nano.a(lib_a-memcpy-stub.o)
                0x00000000080022e6                memcpy
 .text._raise_r
                0x00000000080022f8       0x54 /opt/gcc-arm-none-eabi-9-2020-q2-update/bin/../lib/gcc/arm-none-eabi/9.3.1/../../../../arm-none-eabi/lib/thumb/v6-m/nofp/libg_nano.a(lib_a-signal.o)
                0x00000000080022f8                _raise_r
 .text.raise    0x000000000800234c       0x14 /opt/gcc-arm-none-eabi-9-2020-q2-update/bin/../lib/gcc/arm-none-eabi/9.3.1/../../../../arm-none-eabi/lib/thumb/v6-m/nofp/libg_nano.a(lib_a-signal.o)
                0x000000000800234c                raise
 .text._kill_r  0x0000000008002360       0x24 /opt/gcc-arm-none-eabi-9-2020-q2-update/bin/../lib/gcc/arm-none-eabi/9.3.1/../../../../arm-none-eabi/lib/thumb/v6-m/nofp/libg_nano.a(lib_a-signalr.o)
                0x0000000008002360                _kill_r
 .text._getpid_r
                0x0000000008002384        0x8 /opt/gcc-arm-none-eabi-9-2020-q2-update/bin/../lib/gcc/arm-none-eabi/9.3.1/../../../../arm-none-eabi/lib/thumb/v6-m/nofp/libg_nano.a(lib_a-signalr.o)
                0x0000000008002384                _getpid_r
 .text._getpid  0x000000000800238c       0x10 /opt/gcc-arm-none-eabi-9-2020-q2-update/bin/../lib/gcc/arm-none-eabi/9.3.1/../../../../arm-none-eabi/lib/thumb/v6-m/nofp/libnosys.a(getpid.o)
                0x000000000800238c                _getpid
 .text._kill    0x000000000800239c       0x10 /opt/gcc-arm-none-eabi-9-2020-q2-update/bin/../lib/gcc/arm-none-eabi/9.3.1/../../../../arm-none-eabi/lib/thumb/v6-m/nofp/libnosys.a(kill.o)
                0x000000000800239c                _kill
 .text._exit    0x00000000080023ac        0x4 /opt/gcc-arm-none-eabi-9-2020-q2-update/bin/../lib/gcc/arm-none-eabi/9.3.1/../../../../arm-none-eabi/lib/thumb/v6-m/nofp/libnosys.a(_exit.o)
                0x00000000080023ac                _exit
 *(.glue_7)
 .glue_7        0x00000000080023b0        0x0 linker stubs
 *(.glue_7t)
 .glue_7t       0x00000000080023b0        0x0 linker stubs
 *(.eh_frame)
 .eh_frame      0x00000000080023b0        0x0 /opt/gcc-arm-none-eabi-9-2020-q2-update/bin/../lib/gcc/arm-none-eabi/9.3.1/thumb/v6-m/nofp/crtbegin.o
 *(.init)
 .init          0x00000000080023b0        0x4 /opt/gcc-arm-none-eabi-9-2020-q2-update/bin/../lib/gcc/arm-none-eabi/9.3.1/thumb/v6-m/nofp/crti.o
                0x00000000080023b0                _init
 .init          0x00000000080023b4        0x8 /opt/gcc-arm-none-eabi-9-2020-q2-update/bin/../lib/gcc/arm-none-eabi/9.3.1/thumb/v6-m/nofp/crtn.o
 *(.fini)
 .fini          0x00000000080023bc        0x4 /opt/gcc-arm-none-eabi-9-2020-q2-update/bin/../lib/gcc/arm-none-eabi/9.3.1/thumb/v6-m/nofp/crti.o
                0x00000000080023bc                _fini
 .fini          0x00000000080023c0        0x8 /opt/gcc-arm-none-eabi-9-2020-q2-update/bin/../lib/gcc/arm-none-eabi/9.3.1/thumb/v6-m/nofp/crtn.o
                0x00000000080023c8                . = ALIGN (0x4)
                0x00000000080023c8                _etext = .

.vfp11_veneer   0x00000000080023c8        0x0
 .vfp11_veneer  0x00000000080023c8        0x0 linker stubs

.v4_bx          0x00000000080023c8        0x0
 .v4_bx         0x00000000080023c8        0x0 linker stubs

.iplt           0x00000000080023c8        0x0
 .iplt          0x00000000080023c8        0x0 /opt/gcc-arm-none-eabi-9-2020-q2-update/bin/../lib/gcc/arm-none-eabi/9.3.1/thumb/v6-m/nofp/crtbegin.o

.rodata         0x00000000080023c8       0x1c
                0x00000000080023c8                . = ALIGN (0x4)
 *(.rodata)
 *(.rodata*)
 .rodata.AHBPrescTable
                0x00000000080023c8       0x10 CMakeFiles/nucleo_l073rz_initialize.out.dir/Src/system_stm32l0xx.c.obj
                0x00000000080023c8                AHBPrescTable
 .rodata.PLLMulTable
                0x00000000080023d8        0x9 CMakeFiles/nucleo_l073rz_initialize.out.dir/Src/system_stm32l0xx.c.obj
                0x00000000080023d8                PLLMulTable
                0x00000000080023e4                . = ALIGN (0x4)
 *fill*         0x00000000080023e1        0x3 

.ARM.extab      0x00000000080023e4       0x30
 *(.ARM.extab* .gnu.linkonce.armextab.*)
 .ARM.extab     0x00000000080023e4       0x24 /opt/gcc-arm-none-eabi-9-2020-q2-update/bin/../lib/gcc/arm-none-eabi/9.3.1/thumb/v6-m/nofp/libgcc.a(unwind-arm.o)
 .ARM.extab     0x0000000008002408        0xc /opt/gcc-arm-none-eabi-9-2020-q2-update/bin/../lib/gcc/arm-none-eabi/9.3.1/thumb/v6-m/nofp/libgcc.a(pr-support.o)

.ARM            0x0000000008002414       0xe8
                0x0000000008002414                __exidx_start = .
 *(.ARM.exidx*)
 .ARM.exidx.text.Error_Handler
                0x00000000080024dc        0x0 CMakeFiles/nucleo_l073rz_initialize.out.dir/Src/main.cc.obj
                                          0x8 (size before relaxing)
 .ARM.exidx.text._Z18SystemClock_Configv
                0x00000000080024dc        0x8 CMakeFiles/nucleo_l073rz_initialize.out.dir/Src/main.cc.obj
 .ARM.exidx.text._Z7ledInitv
                0x00000000080024e4        0x8 CMakeFiles/nucleo_l073rz_initialize.out.dir/Src/main.cc.obj
 .ARM.exidx.text.main
                0x00000000080024ec       0x10 CMakeFiles/nucleo_l073rz_initialize.out.dir/Src/main.cc.obj
                                          0x8 (size before relaxing)
 .ARM.exidx     0x0000000008002414        0x8 /opt/gcc-arm-none-eabi-9-2020-q2-update/bin/../lib/gcc/arm-none-eabi/9.3.1/thumb/v6-m/nofp/libgcc.a(_udivmoddi4.o)
 .ARM.exidx     0x000000000800241c       0x90 /opt/gcc-arm-none-eabi-9-2020-q2-update/bin/../lib/gcc/arm-none-eabi/9.3.1/thumb/v6-m/nofp/libgcc.a(unwind-arm.o)
                                         0xd8 (size before relaxing)
 .ARM.exidx     0x00000000080024ac       0x30 /opt/gcc-arm-none-eabi-9-2020-q2-update/bin/../lib/gcc/arm-none-eabi/9.3.1/thumb/v6-m/nofp/libgcc.a(pr-support.o)
                                         0x38 (size before relaxing)
                0x00000000080024fc                __exidx_end = .

.rel.dyn        0x00000000080024fc        0x0
 .rel.iplt      0x00000000080024fc        0x0 /opt/gcc-arm-none-eabi-9-2020-q2-update/bin/../lib/gcc/arm-none-eabi/9.3.1/thumb/v6-m/nofp/crtbegin.o

.preinit_array  0x00000000080024fc        0x0
                0x00000000080024fc                PROVIDE (__preinit_array_start = .)
 *(.preinit_array*)
                0x00000000080024fc                PROVIDE (__preinit_array_end = .)

.init_array     0x00000000080024fc        0x4
                0x00000000080024fc                PROVIDE (__init_array_start = .)
 *(SORT_BY_NAME(.init_array.*))
 *(.init_array*)
 .init_array    0x00000000080024fc        0x4 /opt/gcc-arm-none-eabi-9-2020-q2-update/bin/../lib/gcc/arm-none-eabi/9.3.1/thumb/v6-m/nofp/crtbegin.o
                0x0000000008002500                PROVIDE (__init_array_end = .)

.fini_array     0x0000000008002500        0x4
                [!provide]                        PROVIDE (__fini_array_start = .)
 *(SORT_BY_NAME(.fini_array.*))
 *(.fini_array*)
 .fini_array    0x0000000008002500        0x4 /opt/gcc-arm-none-eabi-9-2020-q2-update/bin/../lib/gcc/arm-none-eabi/9.3.1/thumb/v6-m/nofp/crtbegin.o
                [!provide]                        PROVIDE (__fini_array_end = .)
                0x0000000008002504                _sidata = LOADADDR (.data)

.data           0x0000000020000000       0x70 load address 0x0000000008002504
                0x0000000020000000                . = ALIGN (0x4)
                0x0000000020000000                _sdata = .
 *(.data)
 *(.data*)
 .data.uwTickFreq
                0x0000000020000000        0x1 CMakeFiles/nucleo_l073rz_initialize.out.dir/Drivers/STM32L0xx_HAL_Driver/Src/stm32l0xx_hal.c.obj
                0x0000000020000000                uwTickFreq
 *fill*         0x0000000020000001        0x3 
 .data.uwTickPrio
                0x0000000020000004        0x4 CMakeFiles/nucleo_l073rz_initialize.out.dir/Drivers/STM32L0xx_HAL_Driver/Src/stm32l0xx_hal.c.obj
                0x0000000020000004                uwTickPrio
 .data.SystemCoreClock
                0x0000000020000008        0x4 CMakeFiles/nucleo_l073rz_initialize.out.dir/Src/system_stm32l0xx.c.obj
                0x0000000020000008                SystemCoreClock
 .data._impure_ptr
                0x000000002000000c        0x4 /opt/gcc-arm-none-eabi-9-2020-q2-update/bin/../lib/gcc/arm-none-eabi/9.3.1/../../../../arm-none-eabi/lib/thumb/v6-m/nofp/libc_nano.a(lib_a-impure.o)
                0x000000002000000c                _impure_ptr
 .data.impure_data
                0x0000000020000010       0x60 /opt/gcc-arm-none-eabi-9-2020-q2-update/bin/../lib/gcc/arm-none-eabi/9.3.1/../../../../arm-none-eabi/lib/thumb/v6-m/nofp/libc_nano.a(lib_a-impure.o)
                0x0000000020000070                . = ALIGN (0x4)
                0x0000000020000070                _edata = .

.igot.plt       0x0000000020000070        0x0 load address 0x0000000008002574
 .igot.plt      0x0000000020000070        0x0 /opt/gcc-arm-none-eabi-9-2020-q2-update/bin/../lib/gcc/arm-none-eabi/9.3.1/thumb/v6-m/nofp/crtbegin.o
                0x0000000020000070                . = ALIGN (0x4)

.bss            0x0000000020000070       0x24 load address 0x0000000008002574
                0x0000000020000070                _sbss = .
                0x0000000020000070                __bss_start__ = _sbss
 *(.bss)
 .bss           0x0000000020000070       0x1c /opt/gcc-arm-none-eabi-9-2020-q2-update/bin/../lib/gcc/arm-none-eabi/9.3.1/thumb/v6-m/nofp/crtbegin.o
 *(.bss*)
 *(COMMON)
 COMMON         0x000000002000008c        0x4 CMakeFiles/nucleo_l073rz_initialize.out.dir/Drivers/STM32L0xx_HAL_Driver/Src/stm32l0xx_hal.c.obj
                0x000000002000008c                uwTick
 COMMON         0x0000000020000090        0x4 /opt/gcc-arm-none-eabi-9-2020-q2-update/bin/../lib/gcc/arm-none-eabi/9.3.1/../../../../arm-none-eabi/lib/thumb/v6-m/nofp/libg_nano.a(lib_a-reent.o)
                0x0000000020000090                errno
                0x0000000020000094                . = ALIGN (0x4)
                0x0000000020000094                _ebss = .
                0x0000000020000094                __bss_end__ = _ebss

._user_heap_stack
                0x0000000020000094      0x604 load address 0x0000000008002574
                0x0000000020000098                . = ALIGN (0x8)
 *fill*         0x0000000020000094        0x4 
                0x0000000020000098                PROVIDE (end = .)
                [!provide]                        PROVIDE (_end = .)
                0x0000000020000298                . = (. + _Min_Heap_Size)
 *fill*         0x0000000020000098      0x200 
                0x0000000020000698                . = (. + _Min_Stack_Size)
 *fill*         0x0000000020000298      0x400 
                0x0000000020000698                . = ALIGN (0x8)

/DISCARD/
 libc.a(*)
 libm.a(*)
 libgcc.a(*)

.ARM.attributes
                0x0000000000000000       0x28
 *(.ARM.attributes)
 .ARM.attributes
                0x0000000000000000       0x1e /opt/gcc-arm-none-eabi-9-2020-q2-update/bin/../lib/gcc/arm-none-eabi/9.3.1/thumb/v6-m/nofp/crti.o
 .ARM.attributes
                0x000000000000001e       0x2c /opt/gcc-arm-none-eabi-9-2020-q2-update/bin/../lib/gcc/arm-none-eabi/9.3.1/thumb/v6-m/nofp/crtbegin.o
 .ARM.attributes
                0x000000000000004a       0x2c CMakeFiles/nucleo_l073rz_initialize.out.dir/Src/main.cc.obj
 .ARM.attributes
                0x0000000000000076       0x2c CMakeFiles/nucleo_l073rz_initialize.out.dir/Src/stm32l0xx_it.c.obj
 .ARM.attributes
                0x00000000000000a2       0x2c CMakeFiles/nucleo_l073rz_initialize.out.dir/Src/stm32l0xx_hal_msp.c.obj
 .ARM.attributes
                0x00000000000000ce       0x2c CMakeFiles/nucleo_l073rz_initialize.out.dir/Drivers/STM32L0xx_HAL_Driver/Src/stm32l0xx_hal.c.obj
 .ARM.attributes
                0x00000000000000fa       0x2c CMakeFiles/nucleo_l073rz_initialize.out.dir/Drivers/STM32L0xx_HAL_Driver/Src/stm32l0xx_hal_rcc.c.obj
 .ARM.attributes
                0x0000000000000126       0x2c CMakeFiles/nucleo_l073rz_initialize.out.dir/Drivers/STM32L0xx_HAL_Driver/Src/stm32l0xx_hal_rcc_ex.c.obj
 .ARM.attributes
                0x0000000000000152       0x2c CMakeFiles/nucleo_l073rz_initialize.out.dir/Drivers/STM32L0xx_HAL_Driver/Src/stm32l0xx_hal_gpio.c.obj
 .ARM.attributes
                0x000000000000017e       0x2c CMakeFiles/nucleo_l073rz_initialize.out.dir/Drivers/STM32L0xx_HAL_Driver/Src/stm32l0xx_hal_cortex.c.obj
 .ARM.attributes
                0x00000000000001aa       0x2c CMakeFiles/nucleo_l073rz_initialize.out.dir/Src/system_stm32l0xx.c.obj
 .ARM.attributes
                0x00000000000001d6       0x22 CMakeFiles/nucleo_l073rz_initialize.out.dir/startup_stm32l073xx.s.obj
 .ARM.attributes
                0x00000000000001f8       0x2c /opt/gcc-arm-none-eabi-9-2020-q2-update/bin/../lib/gcc/arm-none-eabi/9.3.1/../../../../arm-none-eabi/lib/thumb/v6-m/nofp/libc_nano.a(lib_a-init.o)
 .ARM.attributes
                0x0000000000000224       0x2c /opt/gcc-arm-none-eabi-9-2020-q2-update/bin/../lib/gcc/arm-none-eabi/9.3.1/../../../../arm-none-eabi/lib/thumb/v6-m/nofp/libc_nano.a(lib_a-memset.o)
 .ARM.attributes
                0x0000000000000250       0x1e /opt/gcc-arm-none-eabi-9-2020-q2-update/bin/../lib/gcc/arm-none-eabi/9.3.1/thumb/v6-m/nofp/libgcc.a(_udivsi3.o)
 .ARM.attributes
                0x000000000000026e       0x1e /opt/gcc-arm-none-eabi-9-2020-q2-update/bin/../lib/gcc/arm-none-eabi/9.3.1/thumb/v6-m/nofp/libgcc.a(_dvmd_tls.o)
 .ARM.attributes
                0x000000000000028c       0x1e /opt/gcc-arm-none-eabi-9-2020-q2-update/bin/../lib/gcc/arm-none-eabi/9.3.1/thumb/v6-m/nofp/libgcc.a(_aeabi_uldivmod.o)
 .ARM.attributes
                0x00000000000002aa       0x2c /opt/gcc-arm-none-eabi-9-2020-q2-update/bin/../lib/gcc/arm-none-eabi/9.3.1/thumb/v6-m/nofp/libgcc.a(_muldi3.o)
 .ARM.attributes
                0x00000000000002d6       0x2c /opt/gcc-arm-none-eabi-9-2020-q2-update/bin/../lib/gcc/arm-none-eabi/9.3.1/thumb/v6-m/nofp/libgcc.a(_udivmoddi4.o)
 .ARM.attributes
                0x0000000000000302       0x1e /opt/gcc-arm-none-eabi-9-2020-q2-update/bin/../lib/gcc/arm-none-eabi/9.3.1/thumb/v6-m/nofp/libgcc.a(_clzdi2.o)
 .ARM.attributes
                0x0000000000000320       0x1e /opt/gcc-arm-none-eabi-9-2020-q2-update/bin/../lib/gcc/arm-none-eabi/9.3.1/thumb/v6-m/nofp/libgcc.a(_clzsi2.o)
 .ARM.attributes
                0x000000000000033e       0x1e /opt/gcc-arm-none-eabi-9-2020-q2-update/bin/../lib/gcc/arm-none-eabi/9.3.1/thumb/v6-m/nofp/crtn.o
OUTPUT(nucleo_l073rz_initialize.out elf32-littlearm)
LOAD linker stubs
LOAD /opt/gcc-arm-none-eabi-9-2020-q2-update/bin/../lib/gcc/arm-none-eabi/9.3.1/../../../../arm-none-eabi/lib/thumb/v6-m/nofp/libc.a
LOAD /opt/gcc-arm-none-eabi-9-2020-q2-update/bin/../lib/gcc/arm-none-eabi/9.3.1/../../../../arm-none-eabi/lib/thumb/v6-m/nofp/libm.a
LOAD /opt/gcc-arm-none-eabi-9-2020-q2-update/bin/../lib/gcc/arm-none-eabi/9.3.1/thumb/v6-m/nofp/libgcc.a

.debug_info     0x0000000000000000     0x5330
 .debug_info    0x0000000000000000      0xf33 CMakeFiles/nucleo_l073rz_initialize.out.dir/Src/main.cc.obj
 .debug_info    0x0000000000000f33      0x1e4 CMakeFiles/nucleo_l073rz_initialize.out.dir/Src/stm32l0xx_it.c.obj
 .debug_info    0x0000000000001117      0xa3a CMakeFiles/nucleo_l073rz_initialize.out.dir/Src/stm32l0xx_hal_msp.c.obj
 .debug_info    0x0000000000001b51      0x9c8 CMakeFiles/nucleo_l073rz_initialize.out.dir/Drivers/STM32L0xx_HAL_Driver/Src/stm32l0xx_hal.c.obj
 .debug_info    0x0000000000002519      0xd83 CMakeFiles/nucleo_l073rz_initialize.out.dir/Drivers/STM32L0xx_HAL_Driver/Src/stm32l0xx_hal_rcc.c.obj
 .debug_info    0x000000000000329c      0xa41 CMakeFiles/nucleo_l073rz_initialize.out.dir/Drivers/STM32L0xx_HAL_Driver/Src/stm32l0xx_hal_rcc_ex.c.obj
 .debug_info    0x0000000000003cdd      0x7c5 CMakeFiles/nucleo_l073rz_initialize.out.dir/Drivers/STM32L0xx_HAL_Driver/Src/stm32l0xx_hal_gpio.c.obj
 .debug_info    0x00000000000044a2      0xafb CMakeFiles/nucleo_l073rz_initialize.out.dir/Drivers/STM32L0xx_HAL_Driver/Src/stm32l0xx_hal_cortex.c.obj
 .debug_info    0x0000000000004f9d      0x371 CMakeFiles/nucleo_l073rz_initialize.out.dir/Src/system_stm32l0xx.c.obj
 .debug_info    0x000000000000530e       0x22 CMakeFiles/nucleo_l073rz_initialize.out.dir/startup_stm32l073xx.s.obj

.debug_abbrev   0x0000000000000000     0x12c2
 .debug_abbrev  0x0000000000000000      0x273 CMakeFiles/nucleo_l073rz_initialize.out.dir/Src/main.cc.obj
 .debug_abbrev  0x0000000000000273       0xef CMakeFiles/nucleo_l073rz_initialize.out.dir/Src/stm32l0xx_it.c.obj
 .debug_abbrev  0x0000000000000362      0x1eb CMakeFiles/nucleo_l073rz_initialize.out.dir/Src/stm32l0xx_hal_msp.c.obj
 .debug_abbrev  0x000000000000054d      0x28d CMakeFiles/nucleo_l073rz_initialize.out.dir/Drivers/STM32L0xx_HAL_Driver/Src/stm32l0xx_hal.c.obj
 .debug_abbrev  0x00000000000007da      0x2af CMakeFiles/nucleo_l073rz_initialize.out.dir/Drivers/STM32L0xx_HAL_Driver/Src/stm32l0xx_hal_rcc.c.obj
 .debug_abbrev  0x0000000000000a89      0x22d CMakeFiles/nucleo_l073rz_initialize.out.dir/Drivers/STM32L0xx_HAL_Driver/Src/stm32l0xx_hal_rcc_ex.c.obj
 .debug_abbrev  0x0000000000000cb6      0x202 CMakeFiles/nucleo_l073rz_initialize.out.dir/Drivers/STM32L0xx_HAL_Driver/Src/stm32l0xx_hal_gpio.c.obj
 .debug_abbrev  0x0000000000000eb8      0x2b0 CMakeFiles/nucleo_l073rz_initialize.out.dir/Drivers/STM32L0xx_HAL_Driver/Src/stm32l0xx_hal_cortex.c.obj
 .debug_abbrev  0x0000000000001168      0x148 CMakeFiles/nucleo_l073rz_initialize.out.dir/Src/system_stm32l0xx.c.obj
 .debug_abbrev  0x00000000000012b0       0x12 CMakeFiles/nucleo_l073rz_initialize.out.dir/startup_stm32l073xx.s.obj

.debug_aranges  0x0000000000000000      0x420
 .debug_aranges
                0x0000000000000000       0x38 CMakeFiles/nucleo_l073rz_initialize.out.dir/Src/main.cc.obj
 .debug_aranges
                0x0000000000000038       0x40 CMakeFiles/nucleo_l073rz_initialize.out.dir/Src/stm32l0xx_it.c.obj
 .debug_aranges
                0x0000000000000078       0x30 CMakeFiles/nucleo_l073rz_initialize.out.dir/Src/stm32l0xx_hal_msp.c.obj
 .debug_aranges
                0x00000000000000a8      0x110 CMakeFiles/nucleo_l073rz_initialize.out.dir/Drivers/STM32L0xx_HAL_Driver/Src/stm32l0xx_hal.c.obj
 .debug_aranges
                0x00000000000001b8       0x80 CMakeFiles/nucleo_l073rz_initialize.out.dir/Drivers/STM32L0xx_HAL_Driver/Src/stm32l0xx_hal_rcc.c.obj
 .debug_aranges
                0x0000000000000238       0xb0 CMakeFiles/nucleo_l073rz_initialize.out.dir/Drivers/STM32L0xx_HAL_Driver/Src/stm32l0xx_hal_rcc_ex.c.obj
 .debug_aranges
                0x00000000000002e8       0x58 CMakeFiles/nucleo_l073rz_initialize.out.dir/Drivers/STM32L0xx_HAL_Driver/Src/stm32l0xx_hal_gpio.c.obj
 .debug_aranges
                0x0000000000000340       0x90 CMakeFiles/nucleo_l073rz_initialize.out.dir/Drivers/STM32L0xx_HAL_Driver/Src/stm32l0xx_hal_cortex.c.obj
 .debug_aranges
                0x00000000000003d0       0x28 CMakeFiles/nucleo_l073rz_initialize.out.dir/Src/system_stm32l0xx.c.obj
 .debug_aranges
                0x00000000000003f8       0x28 CMakeFiles/nucleo_l073rz_initialize.out.dir/startup_stm32l073xx.s.obj

.debug_ranges   0x0000000000000000      0x418
 .debug_ranges  0x0000000000000000       0x28 CMakeFiles/nucleo_l073rz_initialize.out.dir/Src/main.cc.obj
 .debug_ranges  0x0000000000000028       0x30 CMakeFiles/nucleo_l073rz_initialize.out.dir/Src/stm32l0xx_it.c.obj
 .debug_ranges  0x0000000000000058       0x20 CMakeFiles/nucleo_l073rz_initialize.out.dir/Src/stm32l0xx_hal_msp.c.obj
 .debug_ranges  0x0000000000000078      0x100 CMakeFiles/nucleo_l073rz_initialize.out.dir/Drivers/STM32L0xx_HAL_Driver/Src/stm32l0xx_hal.c.obj
 .debug_ranges  0x0000000000000178       0xa0 CMakeFiles/nucleo_l073rz_initialize.out.dir/Drivers/STM32L0xx_HAL_Driver/Src/stm32l0xx_hal_rcc.c.obj
 .debug_ranges  0x0000000000000218       0xa0 CMakeFiles/nucleo_l073rz_initialize.out.dir/Drivers/STM32L0xx_HAL_Driver/Src/stm32l0xx_hal_rcc_ex.c.obj
 .debug_ranges  0x00000000000002b8       0x48 CMakeFiles/nucleo_l073rz_initialize.out.dir/Drivers/STM32L0xx_HAL_Driver/Src/stm32l0xx_hal_gpio.c.obj
 .debug_ranges  0x0000000000000300       0xe0 CMakeFiles/nucleo_l073rz_initialize.out.dir/Drivers/STM32L0xx_HAL_Driver/Src/stm32l0xx_hal_cortex.c.obj
 .debug_ranges  0x00000000000003e0       0x18 CMakeFiles/nucleo_l073rz_initialize.out.dir/Src/system_stm32l0xx.c.obj
 .debug_ranges  0x00000000000003f8       0x20 CMakeFiles/nucleo_l073rz_initialize.out.dir/startup_stm32l073xx.s.obj

.debug_line     0x0000000000000000     0x3cee
 .debug_line    0x0000000000000000      0x49c CMakeFiles/nucleo_l073rz_initialize.out.dir/Src/main.cc.obj
 .debug_line    0x000000000000049c      0x26c CMakeFiles/nucleo_l073rz_initialize.out.dir/Src/stm32l0xx_it.c.obj
 .debug_line    0x0000000000000708      0x315 CMakeFiles/nucleo_l073rz_initialize.out.dir/Src/stm32l0xx_hal_msp.c.obj
 .debug_line    0x0000000000000a1d      0x6a6 CMakeFiles/nucleo_l073rz_initialize.out.dir/Drivers/STM32L0xx_HAL_Driver/Src/stm32l0xx_hal.c.obj
 .debug_line    0x00000000000010c3      0xe47 CMakeFiles/nucleo_l073rz_initialize.out.dir/Drivers/STM32L0xx_HAL_Driver/Src/stm32l0xx_hal_rcc.c.obj
 .debug_line    0x0000000000001f0a      0xc0c CMakeFiles/nucleo_l073rz_initialize.out.dir/Drivers/STM32L0xx_HAL_Driver/Src/stm32l0xx_hal_rcc_ex.c.obj
 .debug_line    0x0000000000002b16      0x702 CMakeFiles/nucleo_l073rz_initialize.out.dir/Drivers/STM32L0xx_HAL_Driver/Src/stm32l0xx_hal_gpio.c.obj
 .debug_line    0x0000000000003218      0x727 CMakeFiles/nucleo_l073rz_initialize.out.dir/Drivers/STM32L0xx_HAL_Driver/Src/stm32l0xx_hal_cortex.c.obj
 .debug_line    0x000000000000393f      0x307 CMakeFiles/nucleo_l073rz_initialize.out.dir/Src/system_stm32l0xx.c.obj
 .debug_line    0x0000000000003c46       0xa8 CMakeFiles/nucleo_l073rz_initialize.out.dir/startup_stm32l073xx.s.obj

.debug_str      0x0000000000000000     0x1d3e
 .debug_str     0x0000000000000000      0xae1 CMakeFiles/nucleo_l073rz_initialize.out.dir/Src/main.cc.obj
                                        0xcfc (size before relaxing)
 .debug_str     0x0000000000000ae1      0x12d CMakeFiles/nucleo_l073rz_initialize.out.dir/Src/stm32l0xx_it.c.obj
                                        0x2c7 (size before relaxing)
 .debug_str     0x0000000000000c0e       0x9f CMakeFiles/nucleo_l073rz_initialize.out.dir/Src/stm32l0xx_hal_msp.c.obj
                                        0x7de (size before relaxing)
 .debug_str     0x0000000000000cad      0x59c CMakeFiles/nucleo_l073rz_initialize.out.dir/Drivers/STM32L0xx_HAL_Driver/Src/stm32l0xx_hal.c.obj
                                        0x8d7 (size before relaxing)
 .debug_str     0x0000000000001249      0x1e5 CMakeFiles/nucleo_l073rz_initialize.out.dir/Drivers/STM32L0xx_HAL_Driver/Src/stm32l0xx_hal_rcc.c.obj
                                        0x7a6 (size before relaxing)
 .debug_str     0x000000000000142e      0x3b2 CMakeFiles/nucleo_l073rz_initialize.out.dir/Drivers/STM32L0xx_HAL_Driver/Src/stm32l0xx_hal_rcc_ex.c.obj
                                        0x884 (size before relaxing)
 .debug_str     0x00000000000017e0       0xea CMakeFiles/nucleo_l073rz_initialize.out.dir/Drivers/STM32L0xx_HAL_Driver/Src/stm32l0xx_hal_gpio.c.obj
                                        0x52d (size before relaxing)
 .debug_str     0x00000000000018ca      0x3a3 CMakeFiles/nucleo_l073rz_initialize.out.dir/Drivers/STM32L0xx_HAL_Driver/Src/stm32l0xx_hal_cortex.c.obj
                                        0x812 (size before relaxing)
 .debug_str     0x0000000000001c6d       0x7c CMakeFiles/nucleo_l073rz_initialize.out.dir/Src/system_stm32l0xx.c.obj
                                        0x350 (size before relaxing)
 .debug_str     0x0000000000001ce9       0x55 CMakeFiles/nucleo_l073rz_initialize.out.dir/startup_stm32l073xx.s.obj
                                         0x8c (size before relaxing)

.comment        0x0000000000000000       0x4c
 .comment       0x0000000000000000       0x4c CMakeFiles/nucleo_l073rz_initialize.out.dir/Src/main.cc.obj
                                         0x4d (size before relaxing)
 .comment       0x000000000000004c       0x4d CMakeFiles/nucleo_l073rz_initialize.out.dir/Src/stm32l0xx_it.c.obj
 .comment       0x000000000000004c       0x4d CMakeFiles/nucleo_l073rz_initialize.out.dir/Src/stm32l0xx_hal_msp.c.obj
 .comment       0x000000000000004c       0x4d CMakeFiles/nucleo_l073rz_initialize.out.dir/Drivers/STM32L0xx_HAL_Driver/Src/stm32l0xx_hal.c.obj
 .comment       0x000000000000004c       0x4d CMakeFiles/nucleo_l073rz_initialize.out.dir/Drivers/STM32L0xx_HAL_Driver/Src/stm32l0xx_hal_rcc.c.obj
 .comment       0x000000000000004c       0x4d CMakeFiles/nucleo_l073rz_initialize.out.dir/Drivers/STM32L0xx_HAL_Driver/Src/stm32l0xx_hal_rcc_ex.c.obj
 .comment       0x000000000000004c       0x4d CMakeFiles/nucleo_l073rz_initialize.out.dir/Drivers/STM32L0xx_HAL_Driver/Src/stm32l0xx_hal_gpio.c.obj
 .comment       0x000000000000004c       0x4d CMakeFiles/nucleo_l073rz_initialize.out.dir/Drivers/STM32L0xx_HAL_Driver/Src/stm32l0xx_hal_cortex.c.obj
 .comment       0x000000000000004c       0x4d CMakeFiles/nucleo_l073rz_initialize.out.dir/Src/system_stm32l0xx.c.obj

.debug_frame    0x0000000000000000      0x8fc
 .debug_frame   0x0000000000000000       0x70 CMakeFiles/nucleo_l073rz_initialize.out.dir/Src/main.cc.obj
 .debug_frame   0x0000000000000070       0x68 CMakeFiles/nucleo_l073rz_initialize.out.dir/Src/stm32l0xx_it.c.obj
 .debug_frame   0x00000000000000d8       0x54 CMakeFiles/nucleo_l073rz_initialize.out.dir/Src/stm32l0xx_hal_msp.c.obj
 .debug_frame   0x000000000000012c      0x22c CMakeFiles/nucleo_l073rz_initialize.out.dir/Drivers/STM32L0xx_HAL_Driver/Src/stm32l0xx_hal.c.obj
 .debug_frame   0x0000000000000358      0x144 CMakeFiles/nucleo_l073rz_initialize.out.dir/Drivers/STM32L0xx_HAL_Driver/Src/stm32l0xx_hal_rcc.c.obj
 .debug_frame   0x000000000000049c      0x178 CMakeFiles/nucleo_l073rz_initialize.out.dir/Drivers/STM32L0xx_HAL_Driver/Src/stm32l0xx_hal_rcc_ex.c.obj
 .debug_frame   0x0000000000000614       0xc0 CMakeFiles/nucleo_l073rz_initialize.out.dir/Drivers/STM32L0xx_HAL_Driver/Src/stm32l0xx_hal_gpio.c.obj
 .debug_frame   0x00000000000006d4      0x114 CMakeFiles/nucleo_l073rz_initialize.out.dir/Drivers/STM32L0xx_HAL_Driver/Src/stm32l0xx_hal_cortex.c.obj
 .debug_frame   0x00000000000007e8       0x38 CMakeFiles/nucleo_l073rz_initialize.out.dir/Src/system_stm32l0xx.c.obj
 .debug_frame   0x0000000000000820       0x2c /opt/gcc-arm-none-eabi-9-2020-q2-update/bin/../lib/gcc/arm-none-eabi/9.3.1/../../../../arm-none-eabi/lib/thumb/v6-m/nofp/libc_nano.a(lib_a-init.o)
 .debug_frame   0x000000000000084c       0x20 /opt/gcc-arm-none-eabi-9-2020-q2-update/bin/../lib/gcc/arm-none-eabi/9.3.1/../../../../arm-none-eabi/lib/thumb/v6-m/nofp/libc_nano.a(lib_a-memset.o)
 .debug_frame   0x000000000000086c       0x20 /opt/gcc-arm-none-eabi-9-2020-q2-update/bin/../lib/gcc/arm-none-eabi/9.3.1/thumb/v6-m/nofp/libgcc.a(_udivsi3.o)
 .debug_frame   0x000000000000088c       0x34 /opt/gcc-arm-none-eabi-9-2020-q2-update/bin/../lib/gcc/arm-none-eabi/9.3.1/thumb/v6-m/nofp/libgcc.a(_muldi3.o)
 .debug_frame   0x00000000000008c0       0x3c /opt/gcc-arm-none-eabi-9-2020-q2-update/bin/../lib/gcc/arm-none-eabi/9.3.1/thumb/v6-m/nofp/libgcc.a(_udivmoddi4.o)

.debug_loc      0x0000000000000000     0x1aa7
 .debug_loc     0x0000000000000000       0x81 CMakeFiles/nucleo_l073rz_initialize.out.dir/Src/stm32l0xx_hal_msp.c.obj
 .debug_loc     0x0000000000000081      0x172 CMakeFiles/nucleo_l073rz_initialize.out.dir/Drivers/STM32L0xx_HAL_Driver/Src/stm32l0xx_hal.c.obj
 .debug_loc     0x00000000000001f3      0x75b CMakeFiles/nucleo_l073rz_initialize.out.dir/Drivers/STM32L0xx_HAL_Driver/Src/stm32l0xx_hal_rcc.c.obj
 .debug_loc     0x000000000000094e      0x752 CMakeFiles/nucleo_l073rz_initialize.out.dir/Drivers/STM32L0xx_HAL_Driver/Src/stm32l0xx_hal_rcc_ex.c.obj
 .debug_loc     0x00000000000010a0      0x3c0 CMakeFiles/nucleo_l073rz_initialize.out.dir/Drivers/STM32L0xx_HAL_Driver/Src/stm32l0xx_hal_gpio.c.obj
 .debug_loc     0x0000000000001460      0x458 CMakeFiles/nucleo_l073rz_initialize.out.dir/Drivers/STM32L0xx_HAL_Driver/Src/stm32l0xx_hal_cortex.c.obj
 .debug_loc     0x00000000000018b8      0x1ef CMakeFiles/nucleo_l073rz_initialize.out.dir/Src/system_stm32l0xx.c.obj

.stabstr        0x0000000000000000       0x76
 .stabstr       0x0000000000000000       0x76 /opt/gcc-arm-none-eabi-9-2020-q2-update/bin/../lib/gcc/arm-none-eabi/9.3.1/../../../../arm-none-eabi/lib/thumb/v6-m/nofp/libnosys.a(getpid.o)

Cross Reference Table

Symbol                                            File
ADC1_COMP_IRQHandler                              CMakeFiles/nucleo_l073rz_initialize.out.dir/startup_stm32l073xx.s.obj
AHBPrescTable                                     CMakeFiles/nucleo_l073rz_initialize.out.dir/Src/system_stm32l0xx.c.obj
                                                  CMakeFiles/nucleo_l073rz_initialize.out.dir/Drivers/STM32L0xx_HAL_Driver/Src/stm32l0xx_hal_rcc.c.obj
APBPrescTable                                     CMakeFiles/nucleo_l073rz_initialize.out.dir/Src/system_stm32l0xx.c.obj
                                                  CMakeFiles/nucleo_l073rz_initialize.out.dir/Drivers/STM32L0xx_HAL_Driver/Src/stm32l0xx_hal_rcc.c.obj
DMA1_Channel1_IRQHandler                          CMakeFiles/nucleo_l073rz_initialize.out.dir/startup_stm32l073xx.s.obj
DMA1_Channel2_3_IRQHandler                        CMakeFiles/nucleo_l073rz_initialize.out.dir/startup_stm32l073xx.s.obj
DMA1_Channel4_5_6_7_IRQHandler                    CMakeFiles/nucleo_l073rz_initialize.out.dir/startup_stm32l073xx.s.obj
Default_Handler                                   CMakeFiles/nucleo_l073rz_initialize.out.dir/startup_stm32l073xx.s.obj
EXTI0_1_IRQHandler                                CMakeFiles/nucleo_l073rz_initialize.out.dir/startup_stm32l073xx.s.obj
EXTI2_3_IRQHandler                                CMakeFiles/nucleo_l073rz_initialize.out.dir/startup_stm32l073xx.s.obj
EXTI4_15_IRQHandler                               CMakeFiles/nucleo_l073rz_initialize.out.dir/startup_stm32l073xx.s.obj
Error_Handler                                     CMakeFiles/nucleo_l073rz_initialize.out.dir/Src/main.cc.obj
FLASH_IRQHandler                                  CMakeFiles/nucleo_l073rz_initialize.out.dir/startup_stm32l073xx.s.obj
FLASH_PageErase                                   CMakeFiles/nucleo_l073rz_initialize.out.dir/Drivers/STM32L0xx_HAL_Driver/Src/stm32l0xx_hal_flash_ex.c.obj
                                                  CMakeFiles/nucleo_l073rz_initialize.out.dir/Drivers/STM32L0xx_HAL_Driver/Src/stm32l0xx_hal_flash.c.obj
FLASH_WaitForLastOperation                        CMakeFiles/nucleo_l073rz_initialize.out.dir/Drivers/STM32L0xx_HAL_Driver/Src/stm32l0xx_hal_flash.c.obj
                                                  CMakeFiles/nucleo_l073rz_initialize.out.dir/Drivers/STM32L0xx_HAL_Driver/Src/stm32l0xx_hal_flash_ex.c.obj
HAL_DBGMCU_DBG_DisableLowPowerConfig              CMakeFiles/nucleo_l073rz_initialize.out.dir/Drivers/STM32L0xx_HAL_Driver/Src/stm32l0xx_hal.c.obj
HAL_DBGMCU_DBG_EnableLowPowerConfig               CMakeFiles/nucleo_l073rz_initialize.out.dir/Drivers/STM32L0xx_HAL_Driver/Src/stm32l0xx_hal.c.obj
HAL_DBGMCU_DisableDBGSleepMode                    CMakeFiles/nucleo_l073rz_initialize.out.dir/Drivers/STM32L0xx_HAL_Driver/Src/stm32l0xx_hal.c.obj
HAL_DBGMCU_DisableDBGStandbyMode                  CMakeFiles/nucleo_l073rz_initialize.out.dir/Drivers/STM32L0xx_HAL_Driver/Src/stm32l0xx_hal.c.obj
HAL_DBGMCU_DisableDBGStopMode                     CMakeFiles/nucleo_l073rz_initialize.out.dir/Drivers/STM32L0xx_HAL_Driver/Src/stm32l0xx_hal.c.obj
HAL_DBGMCU_EnableDBGSleepMode                     CMakeFiles/nucleo_l073rz_initialize.out.dir/Drivers/STM32L0xx_HAL_Driver/Src/stm32l0xx_hal.c.obj
HAL_DBGMCU_EnableDBGStandbyMode                   CMakeFiles/nucleo_l073rz_initialize.out.dir/Drivers/STM32L0xx_HAL_Driver/Src/stm32l0xx_hal.c.obj
HAL_DBGMCU_EnableDBGStopMode                      CMakeFiles/nucleo_l073rz_initialize.out.dir/Drivers/STM32L0xx_HAL_Driver/Src/stm32l0xx_hal.c.obj
HAL_DMA_Abort                                     CMakeFiles/nucleo_l073rz_initialize.out.dir/Drivers/STM32L0xx_HAL_Driver/Src/stm32l0xx_hal_dma.c.obj
                                                  CMakeFiles/nucleo_l073rz_initialize.out.dir/Drivers/STM32L0xx_HAL_Driver/Src/stm32l0xx_hal_uart.c.obj
HAL_DMA_Abort_IT                                  CMakeFiles/nucleo_l073rz_initialize.out.dir/Drivers/STM32L0xx_HAL_Driver/Src/stm32l0xx_hal_dma.c.obj
                                                  CMakeFiles/nucleo_l073rz_initialize.out.dir/Drivers/STM32L0xx_HAL_Driver/Src/stm32l0xx_hal_i2c.c.obj
                                                  CMakeFiles/nucleo_l073rz_initialize.out.dir/Drivers/STM32L0xx_HAL_Driver/Src/stm32l0xx_hal_uart.c.obj
HAL_DMA_DeInit                                    CMakeFiles/nucleo_l073rz_initialize.out.dir/Drivers/STM32L0xx_HAL_Driver/Src/stm32l0xx_hal_dma.c.obj
HAL_DMA_GetError                                  CMakeFiles/nucleo_l073rz_initialize.out.dir/Drivers/STM32L0xx_HAL_Driver/Src/stm32l0xx_hal_dma.c.obj
                                                  CMakeFiles/nucleo_l073rz_initialize.out.dir/Drivers/STM32L0xx_HAL_Driver/Src/stm32l0xx_hal_uart.c.obj
HAL_DMA_GetState                                  CMakeFiles/nucleo_l073rz_initialize.out.dir/Drivers/STM32L0xx_HAL_Driver/Src/stm32l0xx_hal_dma.c.obj
                                                  CMakeFiles/nucleo_l073rz_initialize.out.dir/Drivers/STM32L0xx_HAL_Driver/Src/stm32l0xx_hal_i2c.c.obj
HAL_DMA_IRQHandler                                CMakeFiles/nucleo_l073rz_initialize.out.dir/Drivers/STM32L0xx_HAL_Driver/Src/stm32l0xx_hal_dma.c.obj
HAL_DMA_Init                                      CMakeFiles/nucleo_l073rz_initialize.out.dir/Drivers/STM32L0xx_HAL_Driver/Src/stm32l0xx_hal_dma.c.obj
HAL_DMA_PollForTransfer                           CMakeFiles/nucleo_l073rz_initialize.out.dir/Drivers/STM32L0xx_HAL_Driver/Src/stm32l0xx_hal_dma.c.obj
HAL_DMA_RegisterCallback                          CMakeFiles/nucleo_l073rz_initialize.out.dir/Drivers/STM32L0xx_HAL_Driver/Src/stm32l0xx_hal_dma.c.obj
HAL_DMA_Start                                     CMakeFiles/nucleo_l073rz_initialize.out.dir/Drivers/STM32L0xx_HAL_Driver/Src/stm32l0xx_hal_dma.c.obj
HAL_DMA_Start_IT                                  CMakeFiles/nucleo_l073rz_initialize.out.dir/Drivers/STM32L0xx_HAL_Driver/Src/stm32l0xx_hal_dma.c.obj
                                                  CMakeFiles/nucleo_l073rz_initialize.out.dir/Drivers/STM32L0xx_HAL_Driver/Src/stm32l0xx_hal_i2c.c.obj
                                                  CMakeFiles/nucleo_l073rz_initialize.out.dir/Drivers/STM32L0xx_HAL_Driver/Src/stm32l0xx_hal_uart.c.obj
HAL_DMA_UnRegisterCallback                        CMakeFiles/nucleo_l073rz_initialize.out.dir/Drivers/STM32L0xx_HAL_Driver/Src/stm32l0xx_hal_dma.c.obj
HAL_DeInit                                        CMakeFiles/nucleo_l073rz_initialize.out.dir/Drivers/STM32L0xx_HAL_Driver/Src/stm32l0xx_hal.c.obj
HAL_Delay                                         CMakeFiles/nucleo_l073rz_initialize.out.dir/Drivers/STM32L0xx_HAL_Driver/Src/stm32l0xx_hal.c.obj
                                                  CMakeFiles/nucleo_l073rz_initialize.out.dir/Src/main.cc.obj
HAL_EXTI_ClearConfigLine                          CMakeFiles/nucleo_l073rz_initialize.out.dir/Drivers/STM32L0xx_HAL_Driver/Src/stm32l0xx_hal_exti.c.obj
HAL_EXTI_ClearPending                             CMakeFiles/nucleo_l073rz_initialize.out.dir/Drivers/STM32L0xx_HAL_Driver/Src/stm32l0xx_hal_exti.c.obj
HAL_EXTI_GenerateSWI                              CMakeFiles/nucleo_l073rz_initialize.out.dir/Drivers/STM32L0xx_HAL_Driver/Src/stm32l0xx_hal_exti.c.obj
HAL_EXTI_GetConfigLine                            CMakeFiles/nucleo_l073rz_initialize.out.dir/Drivers/STM32L0xx_HAL_Driver/Src/stm32l0xx_hal_exti.c.obj
HAL_EXTI_GetHandle                                CMakeFiles/nucleo_l073rz_initialize.out.dir/Drivers/STM32L0xx_HAL_Driver/Src/stm32l0xx_hal_exti.c.obj
HAL_EXTI_GetPending                               CMakeFiles/nucleo_l073rz_initialize.out.dir/Drivers/STM32L0xx_HAL_Driver/Src/stm32l0xx_hal_exti.c.obj
HAL_EXTI_IRQHandler                               CMakeFiles/nucleo_l073rz_initialize.out.dir/Drivers/STM32L0xx_HAL_Driver/Src/stm32l0xx_hal_exti.c.obj
HAL_EXTI_RegisterCallback                         CMakeFiles/nucleo_l073rz_initialize.out.dir/Drivers/STM32L0xx_HAL_Driver/Src/stm32l0xx_hal_exti.c.obj
HAL_EXTI_SetConfigLine                            CMakeFiles/nucleo_l073rz_initialize.out.dir/Drivers/STM32L0xx_HAL_Driver/Src/stm32l0xx_hal_exti.c.obj
HAL_FLASHEx_AdvOBGetConfig                        CMakeFiles/nucleo_l073rz_initialize.out.dir/Drivers/STM32L0xx_HAL_Driver/Src/stm32l0xx_hal_flash_ex.c.obj
HAL_FLASHEx_AdvOBProgram                          CMakeFiles/nucleo_l073rz_initialize.out.dir/Drivers/STM32L0xx_HAL_Driver/Src/stm32l0xx_hal_flash_ex.c.obj
HAL_FLASHEx_DATAEEPROM_DisableFixedTimeProgram    CMakeFiles/nucleo_l073rz_initialize.out.dir/Drivers/STM32L0xx_HAL_Driver/Src/stm32l0xx_hal_flash_ex.c.obj
HAL_FLASHEx_DATAEEPROM_EnableFixedTimeProgram     CMakeFiles/nucleo_l073rz_initialize.out.dir/Drivers/STM32L0xx_HAL_Driver/Src/stm32l0xx_hal_flash_ex.c.obj
HAL_FLASHEx_DATAEEPROM_Erase                      CMakeFiles/nucleo_l073rz_initialize.out.dir/Drivers/STM32L0xx_HAL_Driver/Src/stm32l0xx_hal_flash_ex.c.obj
HAL_FLASHEx_DATAEEPROM_Lock                       CMakeFiles/nucleo_l073rz_initialize.out.dir/Drivers/STM32L0xx_HAL_Driver/Src/stm32l0xx_hal_flash_ex.c.obj
HAL_FLASHEx_DATAEEPROM_Program                    CMakeFiles/nucleo_l073rz_initialize.out.dir/Drivers/STM32L0xx_HAL_Driver/Src/stm32l0xx_hal_flash_ex.c.obj
HAL_FLASHEx_DATAEEPROM_Unlock                     CMakeFiles/nucleo_l073rz_initialize.out.dir/Drivers/STM32L0xx_HAL_Driver/Src/stm32l0xx_hal_flash_ex.c.obj
HAL_FLASHEx_DisableRunPowerDown                   CMakeFiles/nucleo_l073rz_initialize.out.dir/Drivers/STM32L0xx_HAL_Driver/Src/stm32l0xx_hal_flash_ramfunc.c.obj
HAL_FLASHEx_EnableRunPowerDown                    CMakeFiles/nucleo_l073rz_initialize.out.dir/Drivers/STM32L0xx_HAL_Driver/Src/stm32l0xx_hal_flash_ramfunc.c.obj
HAL_FLASHEx_Erase                                 CMakeFiles/nucleo_l073rz_initialize.out.dir/Drivers/STM32L0xx_HAL_Driver/Src/stm32l0xx_hal_flash_ex.c.obj
HAL_FLASHEx_EraseParallelPage                     CMakeFiles/nucleo_l073rz_initialize.out.dir/Drivers/STM32L0xx_HAL_Driver/Src/stm32l0xx_hal_flash_ramfunc.c.obj
HAL_FLASHEx_Erase_IT                              CMakeFiles/nucleo_l073rz_initialize.out.dir/Drivers/STM32L0xx_HAL_Driver/Src/stm32l0xx_hal_flash_ex.c.obj
HAL_FLASHEx_GetError                              CMakeFiles/nucleo_l073rz_initialize.out.dir/Drivers/STM32L0xx_HAL_Driver/Src/stm32l0xx_hal_flash_ramfunc.c.obj
HAL_FLASHEx_HalfPageProgram                       CMakeFiles/nucleo_l073rz_initialize.out.dir/Drivers/STM32L0xx_HAL_Driver/Src/stm32l0xx_hal_flash_ramfunc.c.obj
HAL_FLASHEx_OBGetConfig                           CMakeFiles/nucleo_l073rz_initialize.out.dir/Drivers/STM32L0xx_HAL_Driver/Src/stm32l0xx_hal_flash_ex.c.obj
HAL_FLASHEx_OBProgram                             CMakeFiles/nucleo_l073rz_initialize.out.dir/Drivers/STM32L0xx_HAL_Driver/Src/stm32l0xx_hal_flash_ex.c.obj
HAL_FLASHEx_OB_DeSelectPCROP                      CMakeFiles/nucleo_l073rz_initialize.out.dir/Drivers/STM32L0xx_HAL_Driver/Src/stm32l0xx_hal_flash_ex.c.obj
HAL_FLASHEx_OB_SelectPCROP                        CMakeFiles/nucleo_l073rz_initialize.out.dir/Drivers/STM32L0xx_HAL_Driver/Src/stm32l0xx_hal_flash_ex.c.obj
HAL_FLASHEx_ProgramParallelHalfPage               CMakeFiles/nucleo_l073rz_initialize.out.dir/Drivers/STM32L0xx_HAL_Driver/Src/stm32l0xx_hal_flash_ramfunc.c.obj
HAL_FLASH_EndOfOperationCallback                  CMakeFiles/nucleo_l073rz_initialize.out.dir/Drivers/STM32L0xx_HAL_Driver/Src/stm32l0xx_hal_flash.c.obj
HAL_FLASH_GetError                                CMakeFiles/nucleo_l073rz_initialize.out.dir/Drivers/STM32L0xx_HAL_Driver/Src/stm32l0xx_hal_flash.c.obj
HAL_FLASH_IRQHandler                              CMakeFiles/nucleo_l073rz_initialize.out.dir/Drivers/STM32L0xx_HAL_Driver/Src/stm32l0xx_hal_flash.c.obj
HAL_FLASH_Lock                                    CMakeFiles/nucleo_l073rz_initialize.out.dir/Drivers/STM32L0xx_HAL_Driver/Src/stm32l0xx_hal_flash.c.obj
HAL_FLASH_OB_Launch                               CMakeFiles/nucleo_l073rz_initialize.out.dir/Drivers/STM32L0xx_HAL_Driver/Src/stm32l0xx_hal_flash.c.obj
HAL_FLASH_OB_Lock                                 CMakeFiles/nucleo_l073rz_initialize.out.dir/Drivers/STM32L0xx_HAL_Driver/Src/stm32l0xx_hal_flash.c.obj
HAL_FLASH_OB_Unlock                               CMakeFiles/nucleo_l073rz_initialize.out.dir/Drivers/STM32L0xx_HAL_Driver/Src/stm32l0xx_hal_flash.c.obj
HAL_FLASH_OperationErrorCallback                  CMakeFiles/nucleo_l073rz_initialize.out.dir/Drivers/STM32L0xx_HAL_Driver/Src/stm32l0xx_hal_flash.c.obj
HAL_FLASH_Program                                 CMakeFiles/nucleo_l073rz_initialize.out.dir/Drivers/STM32L0xx_HAL_Driver/Src/stm32l0xx_hal_flash.c.obj
HAL_FLASH_Program_IT                              CMakeFiles/nucleo_l073rz_initialize.out.dir/Drivers/STM32L0xx_HAL_Driver/Src/stm32l0xx_hal_flash.c.obj
HAL_FLASH_Unlock                                  CMakeFiles/nucleo_l073rz_initialize.out.dir/Drivers/STM32L0xx_HAL_Driver/Src/stm32l0xx_hal_flash.c.obj
HAL_GPIO_DeInit                                   CMakeFiles/nucleo_l073rz_initialize.out.dir/Drivers/STM32L0xx_HAL_Driver/Src/stm32l0xx_hal_gpio.c.obj
                                                  CMakeFiles/nucleo_l073rz_initialize.out.dir/Src/stm32l0xx_hal_msp.c.obj
HAL_GPIO_EXTI_Callback                            CMakeFiles/nucleo_l073rz_initialize.out.dir/Drivers/STM32L0xx_HAL_Driver/Src/stm32l0xx_hal_gpio.c.obj
HAL_GPIO_EXTI_IRQHandler                          CMakeFiles/nucleo_l073rz_initialize.out.dir/Drivers/STM32L0xx_HAL_Driver/Src/stm32l0xx_hal_gpio.c.obj
HAL_GPIO_Init                                     CMakeFiles/nucleo_l073rz_initialize.out.dir/Drivers/STM32L0xx_HAL_Driver/Src/stm32l0xx_hal_gpio.c.obj
                                                  CMakeFiles/nucleo_l073rz_initialize.out.dir/Drivers/STM32L0xx_HAL_Driver/Src/stm32l0xx_hal_rcc.c.obj
                                                  CMakeFiles/nucleo_l073rz_initialize.out.dir/Src/stm32l0xx_hal_msp.c.obj
                                                  CMakeFiles/nucleo_l073rz_initialize.out.dir/Src/main.cc.obj
HAL_GPIO_LockPin                                  CMakeFiles/nucleo_l073rz_initialize.out.dir/Drivers/STM32L0xx_HAL_Driver/Src/stm32l0xx_hal_gpio.c.obj
HAL_GPIO_ReadPin                                  CMakeFiles/nucleo_l073rz_initialize.out.dir/Drivers/STM32L0xx_HAL_Driver/Src/stm32l0xx_hal_gpio.c.obj
HAL_GPIO_TogglePin                                CMakeFiles/nucleo_l073rz_initialize.out.dir/Drivers/STM32L0xx_HAL_Driver/Src/stm32l0xx_hal_gpio.c.obj
                                                  CMakeFiles/nucleo_l073rz_initialize.out.dir/Src/main.cc.obj
HAL_GPIO_WritePin                                 CMakeFiles/nucleo_l073rz_initialize.out.dir/Drivers/STM32L0xx_HAL_Driver/Src/stm32l0xx_hal_gpio.c.obj
                                                  CMakeFiles/nucleo_l073rz_initialize.out.dir/Src/main.cc.obj
HAL_GetDEVID                                      CMakeFiles/nucleo_l073rz_initialize.out.dir/Drivers/STM32L0xx_HAL_Driver/Src/stm32l0xx_hal.c.obj
HAL_GetHalVersion                                 CMakeFiles/nucleo_l073rz_initialize.out.dir/Drivers/STM32L0xx_HAL_Driver/Src/stm32l0xx_hal.c.obj
HAL_GetREVID                                      CMakeFiles/nucleo_l073rz_initialize.out.dir/Drivers/STM32L0xx_HAL_Driver/Src/stm32l0xx_hal.c.obj
HAL_GetTick                                       CMakeFiles/nucleo_l073rz_initialize.out.dir/Drivers/STM32L0xx_HAL_Driver/Src/stm32l0xx_hal.c.obj
                                                  CMakeFiles/nucleo_l073rz_initialize.out.dir/Drivers/STM32L0xx_HAL_Driver/Src/stm32l0xx_hal_dma.c.obj
                                                  CMakeFiles/nucleo_l073rz_initialize.out.dir/Drivers/STM32L0xx_HAL_Driver/Src/stm32l0xx_hal_flash.c.obj
                                                  CMakeFiles/nucleo_l073rz_initialize.out.dir/Drivers/STM32L0xx_HAL_Driver/Src/stm32l0xx_hal_rcc_ex.c.obj
                                                  CMakeFiles/nucleo_l073rz_initialize.out.dir/Drivers/STM32L0xx_HAL_Driver/Src/stm32l0xx_hal_rcc.c.obj
                                                  CMakeFiles/nucleo_l073rz_initialize.out.dir/Drivers/STM32L0xx_HAL_Driver/Src/stm32l0xx_hal_i2c.c.obj
                                                  CMakeFiles/nucleo_l073rz_initialize.out.dir/Drivers/STM32L0xx_HAL_Driver/Src/stm32l0xx_hal_uart_ex.c.obj
                                                  CMakeFiles/nucleo_l073rz_initialize.out.dir/Drivers/STM32L0xx_HAL_Driver/Src/stm32l0xx_hal_uart.c.obj
HAL_GetTickFreq                                   CMakeFiles/nucleo_l073rz_initialize.out.dir/Drivers/STM32L0xx_HAL_Driver/Src/stm32l0xx_hal.c.obj
HAL_GetTickPrio                                   CMakeFiles/nucleo_l073rz_initialize.out.dir/Drivers/STM32L0xx_HAL_Driver/Src/stm32l0xx_hal.c.obj
HAL_GetUIDw0                                      CMakeFiles/nucleo_l073rz_initialize.out.dir/Drivers/STM32L0xx_HAL_Driver/Src/stm32l0xx_hal.c.obj
HAL_GetUIDw1                                      CMakeFiles/nucleo_l073rz_initialize.out.dir/Drivers/STM32L0xx_HAL_Driver/Src/stm32l0xx_hal.c.obj
HAL_GetUIDw2                                      CMakeFiles/nucleo_l073rz_initialize.out.dir/Drivers/STM32L0xx_HAL_Driver/Src/stm32l0xx_hal.c.obj
HAL_HalfDuplex_EnableReceiver                     CMakeFiles/nucleo_l073rz_initialize.out.dir/Drivers/STM32L0xx_HAL_Driver/Src/stm32l0xx_hal_uart.c.obj
HAL_HalfDuplex_EnableTransmitter                  CMakeFiles/nucleo_l073rz_initialize.out.dir/Drivers/STM32L0xx_HAL_Driver/Src/stm32l0xx_hal_uart.c.obj
HAL_HalfDuplex_Init                               CMakeFiles/nucleo_l073rz_initialize.out.dir/Drivers/STM32L0xx_HAL_Driver/Src/stm32l0xx_hal_uart.c.obj
HAL_I2CEx_ConfigAnalogFilter                      CMakeFiles/nucleo_l073rz_initialize.out.dir/Drivers/STM32L0xx_HAL_Driver/Src/stm32l0xx_hal_i2c_ex.c.obj
HAL_I2CEx_ConfigDigitalFilter                     CMakeFiles/nucleo_l073rz_initialize.out.dir/Drivers/STM32L0xx_HAL_Driver/Src/stm32l0xx_hal_i2c_ex.c.obj
HAL_I2CEx_DisableFastModePlus                     CMakeFiles/nucleo_l073rz_initialize.out.dir/Drivers/STM32L0xx_HAL_Driver/Src/stm32l0xx_hal_i2c_ex.c.obj
HAL_I2CEx_DisableWakeUp                           CMakeFiles/nucleo_l073rz_initialize.out.dir/Drivers/STM32L0xx_HAL_Driver/Src/stm32l0xx_hal_i2c_ex.c.obj
HAL_I2CEx_EnableFastModePlus                      CMakeFiles/nucleo_l073rz_initialize.out.dir/Drivers/STM32L0xx_HAL_Driver/Src/stm32l0xx_hal_i2c_ex.c.obj
HAL_I2CEx_EnableWakeUp                            CMakeFiles/nucleo_l073rz_initialize.out.dir/Drivers/STM32L0xx_HAL_Driver/Src/stm32l0xx_hal_i2c_ex.c.obj
HAL_I2C_AbortCpltCallback                         CMakeFiles/nucleo_l073rz_initialize.out.dir/Drivers/STM32L0xx_HAL_Driver/Src/stm32l0xx_hal_i2c.c.obj
HAL_I2C_AddrCallback                              CMakeFiles/nucleo_l073rz_initialize.out.dir/Drivers/STM32L0xx_HAL_Driver/Src/stm32l0xx_hal_i2c.c.obj
HAL_I2C_DeInit                                    CMakeFiles/nucleo_l073rz_initialize.out.dir/Drivers/STM32L0xx_HAL_Driver/Src/stm32l0xx_hal_i2c.c.obj
HAL_I2C_DisableListen_IT                          CMakeFiles/nucleo_l073rz_initialize.out.dir/Drivers/STM32L0xx_HAL_Driver/Src/stm32l0xx_hal_i2c.c.obj
HAL_I2C_ER_IRQHandler                             CMakeFiles/nucleo_l073rz_initialize.out.dir/Drivers/STM32L0xx_HAL_Driver/Src/stm32l0xx_hal_i2c.c.obj
HAL_I2C_EV_IRQHandler                             CMakeFiles/nucleo_l073rz_initialize.out.dir/Drivers/STM32L0xx_HAL_Driver/Src/stm32l0xx_hal_i2c.c.obj
HAL_I2C_EnableListen_IT                           CMakeFiles/nucleo_l073rz_initialize.out.dir/Drivers/STM32L0xx_HAL_Driver/Src/stm32l0xx_hal_i2c.c.obj
HAL_I2C_ErrorCallback                             CMakeFiles/nucleo_l073rz_initialize.out.dir/Drivers/STM32L0xx_HAL_Driver/Src/stm32l0xx_hal_i2c.c.obj
HAL_I2C_GetError                                  CMakeFiles/nucleo_l073rz_initialize.out.dir/Drivers/STM32L0xx_HAL_Driver/Src/stm32l0xx_hal_i2c.c.obj
HAL_I2C_GetMode                                   CMakeFiles/nucleo_l073rz_initialize.out.dir/Drivers/STM32L0xx_HAL_Driver/Src/stm32l0xx_hal_i2c.c.obj
HAL_I2C_GetState                                  CMakeFiles/nucleo_l073rz_initialize.out.dir/Drivers/STM32L0xx_HAL_Driver/Src/stm32l0xx_hal_i2c.c.obj
HAL_I2C_Init                                      CMakeFiles/nucleo_l073rz_initialize.out.dir/Drivers/STM32L0xx_HAL_Driver/Src/stm32l0xx_hal_i2c.c.obj
HAL_I2C_IsDeviceReady                             CMakeFiles/nucleo_l073rz_initialize.out.dir/Drivers/STM32L0xx_HAL_Driver/Src/stm32l0xx_hal_i2c.c.obj
HAL_I2C_ListenCpltCallback                        CMakeFiles/nucleo_l073rz_initialize.out.dir/Drivers/STM32L0xx_HAL_Driver/Src/stm32l0xx_hal_i2c.c.obj
HAL_I2C_MasterRxCpltCallback                      CMakeFiles/nucleo_l073rz_initialize.out.dir/Drivers/STM32L0xx_HAL_Driver/Src/stm32l0xx_hal_i2c.c.obj
HAL_I2C_MasterTxCpltCallback                      CMakeFiles/nucleo_l073rz_initialize.out.dir/Drivers/STM32L0xx_HAL_Driver/Src/stm32l0xx_hal_i2c.c.obj
HAL_I2C_Master_Abort_IT                           CMakeFiles/nucleo_l073rz_initialize.out.dir/Drivers/STM32L0xx_HAL_Driver/Src/stm32l0xx_hal_i2c.c.obj
HAL_I2C_Master_Receive                            CMakeFiles/nucleo_l073rz_initialize.out.dir/Drivers/STM32L0xx_HAL_Driver/Src/stm32l0xx_hal_i2c.c.obj
HAL_I2C_Master_Receive_DMA                        CMakeFiles/nucleo_l073rz_initialize.out.dir/Drivers/STM32L0xx_HAL_Driver/Src/stm32l0xx_hal_i2c.c.obj
HAL_I2C_Master_Receive_IT                         CMakeFiles/nucleo_l073rz_initialize.out.dir/Drivers/STM32L0xx_HAL_Driver/Src/stm32l0xx_hal_i2c.c.obj
HAL_I2C_Master_Seq_Receive_DMA                    CMakeFiles/nucleo_l073rz_initialize.out.dir/Drivers/STM32L0xx_HAL_Driver/Src/stm32l0xx_hal_i2c.c.obj
HAL_I2C_Master_Seq_Receive_IT                     CMakeFiles/nucleo_l073rz_initialize.out.dir/Drivers/STM32L0xx_HAL_Driver/Src/stm32l0xx_hal_i2c.c.obj
HAL_I2C_Master_Seq_Transmit_DMA                   CMakeFiles/nucleo_l073rz_initialize.out.dir/Drivers/STM32L0xx_HAL_Driver/Src/stm32l0xx_hal_i2c.c.obj
HAL_I2C_Master_Seq_Transmit_IT                    CMakeFiles/nucleo_l073rz_initialize.out.dir/Drivers/STM32L0xx_HAL_Driver/Src/stm32l0xx_hal_i2c.c.obj
HAL_I2C_Master_Transmit                           CMakeFiles/nucleo_l073rz_initialize.out.dir/Drivers/STM32L0xx_HAL_Driver/Src/stm32l0xx_hal_i2c.c.obj
HAL_I2C_Master_Transmit_DMA                       CMakeFiles/nucleo_l073rz_initialize.out.dir/Drivers/STM32L0xx_HAL_Driver/Src/stm32l0xx_hal_i2c.c.obj
HAL_I2C_Master_Transmit_IT                        CMakeFiles/nucleo_l073rz_initialize.out.dir/Drivers/STM32L0xx_HAL_Driver/Src/stm32l0xx_hal_i2c.c.obj
HAL_I2C_MemRxCpltCallback                         CMakeFiles/nucleo_l073rz_initialize.out.dir/Drivers/STM32L0xx_HAL_Driver/Src/stm32l0xx_hal_i2c.c.obj
HAL_I2C_MemTxCpltCallback                         CMakeFiles/nucleo_l073rz_initialize.out.dir/Drivers/STM32L0xx_HAL_Driver/Src/stm32l0xx_hal_i2c.c.obj
HAL_I2C_Mem_Read                                  CMakeFiles/nucleo_l073rz_initialize.out.dir/Drivers/STM32L0xx_HAL_Driver/Src/stm32l0xx_hal_i2c.c.obj
HAL_I2C_Mem_Read_DMA                              CMakeFiles/nucleo_l073rz_initialize.out.dir/Drivers/STM32L0xx_HAL_Driver/Src/stm32l0xx_hal_i2c.c.obj
HAL_I2C_Mem_Read_IT                               CMakeFiles/nucleo_l073rz_initialize.out.dir/Drivers/STM32L0xx_HAL_Driver/Src/stm32l0xx_hal_i2c.c.obj
HAL_I2C_Mem_Write                                 CMakeFiles/nucleo_l073rz_initialize.out.dir/Drivers/STM32L0xx_HAL_Driver/Src/stm32l0xx_hal_i2c.c.obj
HAL_I2C_Mem_Write_DMA                             CMakeFiles/nucleo_l073rz_initialize.out.dir/Drivers/STM32L0xx_HAL_Driver/Src/stm32l0xx_hal_i2c.c.obj
HAL_I2C_Mem_Write_IT                              CMakeFiles/nucleo_l073rz_initialize.out.dir/Drivers/STM32L0xx_HAL_Driver/Src/stm32l0xx_hal_i2c.c.obj
HAL_I2C_MspDeInit                                 CMakeFiles/nucleo_l073rz_initialize.out.dir/Drivers/STM32L0xx_HAL_Driver/Src/stm32l0xx_hal_i2c.c.obj
HAL_I2C_MspInit                                   CMakeFiles/nucleo_l073rz_initialize.out.dir/Drivers/STM32L0xx_HAL_Driver/Src/stm32l0xx_hal_i2c.c.obj
HAL_I2C_SlaveRxCpltCallback                       CMakeFiles/nucleo_l073rz_initialize.out.dir/Drivers/STM32L0xx_HAL_Driver/Src/stm32l0xx_hal_i2c.c.obj
HAL_I2C_SlaveTxCpltCallback                       CMakeFiles/nucleo_l073rz_initialize.out.dir/Drivers/STM32L0xx_HAL_Driver/Src/stm32l0xx_hal_i2c.c.obj
HAL_I2C_Slave_Receive                             CMakeFiles/nucleo_l073rz_initialize.out.dir/Drivers/STM32L0xx_HAL_Driver/Src/stm32l0xx_hal_i2c.c.obj
HAL_I2C_Slave_Receive_DMA                         CMakeFiles/nucleo_l073rz_initialize.out.dir/Drivers/STM32L0xx_HAL_Driver/Src/stm32l0xx_hal_i2c.c.obj
HAL_I2C_Slave_Receive_IT                          CMakeFiles/nucleo_l073rz_initialize.out.dir/Drivers/STM32L0xx_HAL_Driver/Src/stm32l0xx_hal_i2c.c.obj
HAL_I2C_Slave_Seq_Receive_DMA                     CMakeFiles/nucleo_l073rz_initialize.out.dir/Drivers/STM32L0xx_HAL_Driver/Src/stm32l0xx_hal_i2c.c.obj
HAL_I2C_Slave_Seq_Receive_IT                      CMakeFiles/nucleo_l073rz_initialize.out.dir/Drivers/STM32L0xx_HAL_Driver/Src/stm32l0xx_hal_i2c.c.obj
HAL_I2C_Slave_Seq_Transmit_DMA                    CMakeFiles/nucleo_l073rz_initialize.out.dir/Drivers/STM32L0xx_HAL_Driver/Src/stm32l0xx_hal_i2c.c.obj
HAL_I2C_Slave_Seq_Transmit_IT                     CMakeFiles/nucleo_l073rz_initialize.out.dir/Drivers/STM32L0xx_HAL_Driver/Src/stm32l0xx_hal_i2c.c.obj
HAL_I2C_Slave_Transmit                            CMakeFiles/nucleo_l073rz_initialize.out.dir/Drivers/STM32L0xx_HAL_Driver/Src/stm32l0xx_hal_i2c.c.obj
HAL_I2C_Slave_Transmit_DMA                        CMakeFiles/nucleo_l073rz_initialize.out.dir/Drivers/STM32L0xx_HAL_Driver/Src/stm32l0xx_hal_i2c.c.obj
HAL_I2C_Slave_Transmit_IT                         CMakeFiles/nucleo_l073rz_initialize.out.dir/Drivers/STM32L0xx_HAL_Driver/Src/stm32l0xx_hal_i2c.c.obj
HAL_IncTick                                       CMakeFiles/nucleo_l073rz_initialize.out.dir/Drivers/STM32L0xx_HAL_Driver/Src/stm32l0xx_hal.c.obj
                                                  CMakeFiles/nucleo_l073rz_initialize.out.dir/Src/stm32l0xx_it.c.obj
HAL_Init                                          CMakeFiles/nucleo_l073rz_initialize.out.dir/Drivers/STM32L0xx_HAL_Driver/Src/stm32l0xx_hal.c.obj
                                                  CMakeFiles/nucleo_l073rz_initialize.out.dir/Src/main.cc.obj
HAL_InitTick                                      CMakeFiles/nucleo_l073rz_initialize.out.dir/Drivers/STM32L0xx_HAL_Driver/Src/stm32l0xx_hal.c.obj
                                                  CMakeFiles/nucleo_l073rz_initialize.out.dir/Drivers/STM32L0xx_HAL_Driver/Src/stm32l0xx_hal_rcc.c.obj
HAL_LIN_Init                                      CMakeFiles/nucleo_l073rz_initialize.out.dir/Drivers/STM32L0xx_HAL_Driver/Src/stm32l0xx_hal_uart.c.obj
HAL_LIN_SendBreak                                 CMakeFiles/nucleo_l073rz_initialize.out.dir/Drivers/STM32L0xx_HAL_Driver/Src/stm32l0xx_hal_uart.c.obj
HAL_MPU_ConfigRegion                              CMakeFiles/nucleo_l073rz_initialize.out.dir/Drivers/STM32L0xx_HAL_Driver/Src/stm32l0xx_hal_cortex.c.obj
HAL_MPU_Disable                                   CMakeFiles/nucleo_l073rz_initialize.out.dir/Drivers/STM32L0xx_HAL_Driver/Src/stm32l0xx_hal_cortex.c.obj
HAL_MPU_Enable                                    CMakeFiles/nucleo_l073rz_initialize.out.dir/Drivers/STM32L0xx_HAL_Driver/Src/stm32l0xx_hal_cortex.c.obj
HAL_MspDeInit                                     CMakeFiles/nucleo_l073rz_initialize.out.dir/Drivers/STM32L0xx_HAL_Driver/Src/stm32l0xx_hal.c.obj
HAL_MspInit                                       CMakeFiles/nucleo_l073rz_initialize.out.dir/Src/stm32l0xx_hal_msp.c.obj
HAL_MultiProcessorEx_AddressLength_Set            CMakeFiles/nucleo_l073rz_initialize.out.dir/Drivers/STM32L0xx_HAL_Driver/Src/stm32l0xx_hal_uart_ex.c.obj
HAL_MultiProcessor_DisableMuteMode                CMakeFiles/nucleo_l073rz_initialize.out.dir/Drivers/STM32L0xx_HAL_Driver/Src/stm32l0xx_hal_uart.c.obj
HAL_MultiProcessor_EnableMuteMode                 CMakeFiles/nucleo_l073rz_initialize.out.dir/Drivers/STM32L0xx_HAL_Driver/Src/stm32l0xx_hal_uart.c.obj
HAL_MultiProcessor_EnterMuteMode                  CMakeFiles/nucleo_l073rz_initialize.out.dir/Drivers/STM32L0xx_HAL_Driver/Src/stm32l0xx_hal_uart.c.obj
HAL_MultiProcessor_Init                           CMakeFiles/nucleo_l073rz_initialize.out.dir/Drivers/STM32L0xx_HAL_Driver/Src/stm32l0xx_hal_uart.c.obj
HAL_NVIC_ClearPendingIRQ                          CMakeFiles/nucleo_l073rz_initialize.out.dir/Drivers/STM32L0xx_HAL_Driver/Src/stm32l0xx_hal_cortex.c.obj
HAL_NVIC_DisableIRQ                               CMakeFiles/nucleo_l073rz_initialize.out.dir/Drivers/STM32L0xx_HAL_Driver/Src/stm32l0xx_hal_cortex.c.obj
HAL_NVIC_EnableIRQ                                CMakeFiles/nucleo_l073rz_initialize.out.dir/Drivers/STM32L0xx_HAL_Driver/Src/stm32l0xx_hal_cortex.c.obj
HAL_NVIC_GetPendingIRQ                            CMakeFiles/nucleo_l073rz_initialize.out.dir/Drivers/STM32L0xx_HAL_Driver/Src/stm32l0xx_hal_cortex.c.obj
HAL_NVIC_GetPriority                              CMakeFiles/nucleo_l073rz_initialize.out.dir/Drivers/STM32L0xx_HAL_Driver/Src/stm32l0xx_hal_cortex.c.obj
HAL_NVIC_SetPendingIRQ                            CMakeFiles/nucleo_l073rz_initialize.out.dir/Drivers/STM32L0xx_HAL_Driver/Src/stm32l0xx_hal_cortex.c.obj
HAL_NVIC_SetPriority                              CMakeFiles/nucleo_l073rz_initialize.out.dir/Drivers/STM32L0xx_HAL_Driver/Src/stm32l0xx_hal_cortex.c.obj
                                                  CMakeFiles/nucleo_l073rz_initialize.out.dir/Drivers/STM32L0xx_HAL_Driver/Src/stm32l0xx_hal.c.obj
HAL_NVIC_SystemReset                              CMakeFiles/nucleo_l073rz_initialize.out.dir/Drivers/STM32L0xx_HAL_Driver/Src/stm32l0xx_hal_cortex.c.obj
HAL_PWREx_DisableFastWakeUp                       CMakeFiles/nucleo_l073rz_initialize.out.dir/Drivers/STM32L0xx_HAL_Driver/Src/stm32l0xx_hal_pwr_ex.c.obj
HAL_PWREx_DisableLowPowerRunMode                  CMakeFiles/nucleo_l073rz_initialize.out.dir/Drivers/STM32L0xx_HAL_Driver/Src/stm32l0xx_hal_pwr_ex.c.obj
HAL_PWREx_DisableUltraLowPower                    CMakeFiles/nucleo_l073rz_initialize.out.dir/Drivers/STM32L0xx_HAL_Driver/Src/stm32l0xx_hal_pwr_ex.c.obj
HAL_PWREx_EnableFastWakeUp                        CMakeFiles/nucleo_l073rz_initialize.out.dir/Drivers/STM32L0xx_HAL_Driver/Src/stm32l0xx_hal_pwr_ex.c.obj
HAL_PWREx_EnableLowPowerRunMode                   CMakeFiles/nucleo_l073rz_initialize.out.dir/Drivers/STM32L0xx_HAL_Driver/Src/stm32l0xx_hal_pwr_ex.c.obj
HAL_PWREx_EnableUltraLowPower                     CMakeFiles/nucleo_l073rz_initialize.out.dir/Drivers/STM32L0xx_HAL_Driver/Src/stm32l0xx_hal_pwr_ex.c.obj
HAL_PWREx_GetVoltageRange                         CMakeFiles/nucleo_l073rz_initialize.out.dir/Drivers/STM32L0xx_HAL_Driver/Src/stm32l0xx_hal_pwr_ex.c.obj
HAL_PWR_ConfigPVD                                 CMakeFiles/nucleo_l073rz_initialize.out.dir/Drivers/STM32L0xx_HAL_Driver/Src/stm32l0xx_hal_pwr.c.obj
HAL_PWR_DeInit                                    CMakeFiles/nucleo_l073rz_initialize.out.dir/Drivers/STM32L0xx_HAL_Driver/Src/stm32l0xx_hal_pwr.c.obj
HAL_PWR_DisableBkUpAccess                         CMakeFiles/nucleo_l073rz_initialize.out.dir/Drivers/STM32L0xx_HAL_Driver/Src/stm32l0xx_hal_pwr.c.obj
HAL_PWR_DisablePVD                                CMakeFiles/nucleo_l073rz_initialize.out.dir/Drivers/STM32L0xx_HAL_Driver/Src/stm32l0xx_hal_pwr.c.obj
HAL_PWR_DisableSEVOnPend                          CMakeFiles/nucleo_l073rz_initialize.out.dir/Drivers/STM32L0xx_HAL_Driver/Src/stm32l0xx_hal_pwr.c.obj
HAL_PWR_DisableSleepOnExit                        CMakeFiles/nucleo_l073rz_initialize.out.dir/Drivers/STM32L0xx_HAL_Driver/Src/stm32l0xx_hal_pwr.c.obj
HAL_PWR_DisableWakeUpPin                          CMakeFiles/nucleo_l073rz_initialize.out.dir/Drivers/STM32L0xx_HAL_Driver/Src/stm32l0xx_hal_pwr.c.obj
HAL_PWR_EnableBkUpAccess                          CMakeFiles/nucleo_l073rz_initialize.out.dir/Drivers/STM32L0xx_HAL_Driver/Src/stm32l0xx_hal_pwr.c.obj
HAL_PWR_EnablePVD                                 CMakeFiles/nucleo_l073rz_initialize.out.dir/Drivers/STM32L0xx_HAL_Driver/Src/stm32l0xx_hal_pwr.c.obj
HAL_PWR_EnableSEVOnPend                           CMakeFiles/nucleo_l073rz_initialize.out.dir/Drivers/STM32L0xx_HAL_Driver/Src/stm32l0xx_hal_pwr.c.obj
HAL_PWR_EnableSleepOnExit                         CMakeFiles/nucleo_l073rz_initialize.out.dir/Drivers/STM32L0xx_HAL_Driver/Src/stm32l0xx_hal_pwr.c.obj
HAL_PWR_EnableWakeUpPin                           CMakeFiles/nucleo_l073rz_initialize.out.dir/Drivers/STM32L0xx_HAL_Driver/Src/stm32l0xx_hal_pwr.c.obj
HAL_PWR_EnterSLEEPMode                            CMakeFiles/nucleo_l073rz_initialize.out.dir/Drivers/STM32L0xx_HAL_Driver/Src/stm32l0xx_hal_pwr.c.obj
HAL_PWR_EnterSTANDBYMode                          CMakeFiles/nucleo_l073rz_initialize.out.dir/Drivers/STM32L0xx_HAL_Driver/Src/stm32l0xx_hal_pwr.c.obj
HAL_PWR_EnterSTOPMode                             CMakeFiles/nucleo_l073rz_initialize.out.dir/Drivers/STM32L0xx_HAL_Driver/Src/stm32l0xx_hal_pwr.c.obj
HAL_PWR_PVDCallback                               CMakeFiles/nucleo_l073rz_initialize.out.dir/Drivers/STM32L0xx_HAL_Driver/Src/stm32l0xx_hal_pwr.c.obj
HAL_PWR_PVD_IRQHandler                            CMakeFiles/nucleo_l073rz_initialize.out.dir/Drivers/STM32L0xx_HAL_Driver/Src/stm32l0xx_hal_pwr.c.obj
HAL_RCCEx_CRSConfig                               CMakeFiles/nucleo_l073rz_initialize.out.dir/Drivers/STM32L0xx_HAL_Driver/Src/stm32l0xx_hal_rcc_ex.c.obj
HAL_RCCEx_CRSGetSynchronizationInfo               CMakeFiles/nucleo_l073rz_initialize.out.dir/Drivers/STM32L0xx_HAL_Driver/Src/stm32l0xx_hal_rcc_ex.c.obj
HAL_RCCEx_CRSSoftwareSynchronizationGenerate      CMakeFiles/nucleo_l073rz_initialize.out.dir/Drivers/STM32L0xx_HAL_Driver/Src/stm32l0xx_hal_rcc_ex.c.obj
HAL_RCCEx_CRSWaitSynchronization                  CMakeFiles/nucleo_l073rz_initialize.out.dir/Drivers/STM32L0xx_HAL_Driver/Src/stm32l0xx_hal_rcc_ex.c.obj
HAL_RCCEx_CRS_ErrorCallback                       CMakeFiles/nucleo_l073rz_initialize.out.dir/Drivers/STM32L0xx_HAL_Driver/Src/stm32l0xx_hal_rcc_ex.c.obj
HAL_RCCEx_CRS_ExpectedSyncCallback                CMakeFiles/nucleo_l073rz_initialize.out.dir/Drivers/STM32L0xx_HAL_Driver/Src/stm32l0xx_hal_rcc_ex.c.obj
HAL_RCCEx_CRS_IRQHandler                          CMakeFiles/nucleo_l073rz_initialize.out.dir/Drivers/STM32L0xx_HAL_Driver/Src/stm32l0xx_hal_rcc_ex.c.obj
HAL_RCCEx_CRS_SyncOkCallback                      CMakeFiles/nucleo_l073rz_initialize.out.dir/Drivers/STM32L0xx_HAL_Driver/Src/stm32l0xx_hal_rcc_ex.c.obj
HAL_RCCEx_CRS_SyncWarnCallback                    CMakeFiles/nucleo_l073rz_initialize.out.dir/Drivers/STM32L0xx_HAL_Driver/Src/stm32l0xx_hal_rcc_ex.c.obj
HAL_RCCEx_DisableHSI48_VREFINT                    CMakeFiles/nucleo_l073rz_initialize.out.dir/Drivers/STM32L0xx_HAL_Driver/Src/stm32l0xx_hal_rcc_ex.c.obj
HAL_RCCEx_DisableLSECSS                           CMakeFiles/nucleo_l073rz_initialize.out.dir/Drivers/STM32L0xx_HAL_Driver/Src/stm32l0xx_hal_rcc_ex.c.obj
HAL_RCCEx_EnableHSI48_VREFINT                     CMakeFiles/nucleo_l073rz_initialize.out.dir/Drivers/STM32L0xx_HAL_Driver/Src/stm32l0xx_hal_rcc_ex.c.obj
HAL_RCCEx_EnableLSECSS                            CMakeFiles/nucleo_l073rz_initialize.out.dir/Drivers/STM32L0xx_HAL_Driver/Src/stm32l0xx_hal_rcc_ex.c.obj
HAL_RCCEx_EnableLSECSS_IT                         CMakeFiles/nucleo_l073rz_initialize.out.dir/Drivers/STM32L0xx_HAL_Driver/Src/stm32l0xx_hal_rcc_ex.c.obj
HAL_RCCEx_GetPeriphCLKConfig                      CMakeFiles/nucleo_l073rz_initialize.out.dir/Drivers/STM32L0xx_HAL_Driver/Src/stm32l0xx_hal_rcc_ex.c.obj
HAL_RCCEx_GetPeriphCLKFreq                        CMakeFiles/nucleo_l073rz_initialize.out.dir/Drivers/STM32L0xx_HAL_Driver/Src/stm32l0xx_hal_rcc_ex.c.obj
HAL_RCCEx_LSECSS_Callback                         CMakeFiles/nucleo_l073rz_initialize.out.dir/Drivers/STM32L0xx_HAL_Driver/Src/stm32l0xx_hal_rcc_ex.c.obj
HAL_RCCEx_LSECSS_IRQHandler                       CMakeFiles/nucleo_l073rz_initialize.out.dir/Drivers/STM32L0xx_HAL_Driver/Src/stm32l0xx_hal_rcc_ex.c.obj
HAL_RCCEx_PeriphCLKConfig                         CMakeFiles/nucleo_l073rz_initialize.out.dir/Drivers/STM32L0xx_HAL_Driver/Src/stm32l0xx_hal_rcc_ex.c.obj
                                                  CMakeFiles/nucleo_l073rz_initialize.out.dir/Src/main.cc.obj
HAL_RCC_CSSCallback                               CMakeFiles/nucleo_l073rz_initialize.out.dir/Drivers/STM32L0xx_HAL_Driver/Src/stm32l0xx_hal_rcc.c.obj
HAL_RCC_ClockConfig                               CMakeFiles/nucleo_l073rz_initialize.out.dir/Drivers/STM32L0xx_HAL_Driver/Src/stm32l0xx_hal_rcc.c.obj
                                                  CMakeFiles/nucleo_l073rz_initialize.out.dir/Src/main.cc.obj
HAL_RCC_DeInit                                    CMakeFiles/nucleo_l073rz_initialize.out.dir/Drivers/STM32L0xx_HAL_Driver/Src/stm32l0xx_hal_rcc.c.obj
HAL_RCC_EnableCSS                                 CMakeFiles/nucleo_l073rz_initialize.out.dir/Drivers/STM32L0xx_HAL_Driver/Src/stm32l0xx_hal_rcc.c.obj
HAL_RCC_GetClockConfig                            CMakeFiles/nucleo_l073rz_initialize.out.dir/Drivers/STM32L0xx_HAL_Driver/Src/stm32l0xx_hal_rcc.c.obj
HAL_RCC_GetHCLKFreq                               CMakeFiles/nucleo_l073rz_initialize.out.dir/Drivers/STM32L0xx_HAL_Driver/Src/stm32l0xx_hal_rcc.c.obj
HAL_RCC_GetOscConfig                              CMakeFiles/nucleo_l073rz_initialize.out.dir/Drivers/STM32L0xx_HAL_Driver/Src/stm32l0xx_hal_rcc.c.obj
HAL_RCC_GetPCLK1Freq                              CMakeFiles/nucleo_l073rz_initialize.out.dir/Drivers/STM32L0xx_HAL_Driver/Src/stm32l0xx_hal_rcc.c.obj
                                                  CMakeFiles/nucleo_l073rz_initialize.out.dir/Drivers/STM32L0xx_HAL_Driver/Src/stm32l0xx_hal_rcc_ex.c.obj
                                                  CMakeFiles/nucleo_l073rz_initialize.out.dir/Drivers/STM32L0xx_HAL_Driver/Src/stm32l0xx_hal_uart.c.obj
HAL_RCC_GetPCLK2Freq                              CMakeFiles/nucleo_l073rz_initialize.out.dir/Drivers/STM32L0xx_HAL_Driver/Src/stm32l0xx_hal_rcc.c.obj
                                                  CMakeFiles/nucleo_l073rz_initialize.out.dir/Drivers/STM32L0xx_HAL_Driver/Src/stm32l0xx_hal_rcc_ex.c.obj
                                                  CMakeFiles/nucleo_l073rz_initialize.out.dir/Drivers/STM32L0xx_HAL_Driver/Src/stm32l0xx_hal_uart.c.obj
HAL_RCC_GetSysClockFreq                           CMakeFiles/nucleo_l073rz_initialize.out.dir/Drivers/STM32L0xx_HAL_Driver/Src/stm32l0xx_hal_rcc.c.obj
                                                  CMakeFiles/nucleo_l073rz_initialize.out.dir/Drivers/STM32L0xx_HAL_Driver/Src/stm32l0xx_hal_rcc_ex.c.obj
                                                  CMakeFiles/nucleo_l073rz_initialize.out.dir/Drivers/STM32L0xx_HAL_Driver/Src/stm32l0xx_hal_uart.c.obj
HAL_RCC_MCOConfig                                 CMakeFiles/nucleo_l073rz_initialize.out.dir/Drivers/STM32L0xx_HAL_Driver/Src/stm32l0xx_hal_rcc.c.obj
HAL_RCC_NMI_IRQHandler                            CMakeFiles/nucleo_l073rz_initialize.out.dir/Drivers/STM32L0xx_HAL_Driver/Src/stm32l0xx_hal_rcc.c.obj
HAL_RCC_OscConfig                                 CMakeFiles/nucleo_l073rz_initialize.out.dir/Drivers/STM32L0xx_HAL_Driver/Src/stm32l0xx_hal_rcc.c.obj
                                                  CMakeFiles/nucleo_l073rz_initialize.out.dir/Src/main.cc.obj
HAL_RS485Ex_Init                                  CMakeFiles/nucleo_l073rz_initialize.out.dir/Drivers/STM32L0xx_HAL_Driver/Src/stm32l0xx_hal_uart_ex.c.obj
HAL_ResumeTick                                    CMakeFiles/nucleo_l073rz_initialize.out.dir/Drivers/STM32L0xx_HAL_Driver/Src/stm32l0xx_hal.c.obj
HAL_SYSCFG_Disable_Lock_VREFINT                   CMakeFiles/nucleo_l073rz_initialize.out.dir/Drivers/STM32L0xx_HAL_Driver/Src/stm32l0xx_hal.c.obj
HAL_SYSCFG_Enable_Lock_VREFINT                    CMakeFiles/nucleo_l073rz_initialize.out.dir/Drivers/STM32L0xx_HAL_Driver/Src/stm32l0xx_hal.c.obj
HAL_SYSCFG_GetBootMode                            CMakeFiles/nucleo_l073rz_initialize.out.dir/Drivers/STM32L0xx_HAL_Driver/Src/stm32l0xx_hal.c.obj
HAL_SYSCFG_VREFINT_OutputSelect                   CMakeFiles/nucleo_l073rz_initialize.out.dir/Drivers/STM32L0xx_HAL_Driver/Src/stm32l0xx_hal.c.obj
HAL_SYSTICK_CLKSourceConfig                       CMakeFiles/nucleo_l073rz_initialize.out.dir/Drivers/STM32L0xx_HAL_Driver/Src/stm32l0xx_hal_cortex.c.obj
HAL_SYSTICK_Callback                              CMakeFiles/nucleo_l073rz_initialize.out.dir/Drivers/STM32L0xx_HAL_Driver/Src/stm32l0xx_hal_cortex.c.obj
HAL_SYSTICK_Config                                CMakeFiles/nucleo_l073rz_initialize.out.dir/Drivers/STM32L0xx_HAL_Driver/Src/stm32l0xx_hal_cortex.c.obj
                                                  CMakeFiles/nucleo_l073rz_initialize.out.dir/Drivers/STM32L0xx_HAL_Driver/Src/stm32l0xx_hal.c.obj
HAL_SYSTICK_IRQHandler                            CMakeFiles/nucleo_l073rz_initialize.out.dir/Drivers/STM32L0xx_HAL_Driver/Src/stm32l0xx_hal_cortex.c.obj
HAL_SetTickFreq                                   CMakeFiles/nucleo_l073rz_initialize.out.dir/Drivers/STM32L0xx_HAL_Driver/Src/stm32l0xx_hal.c.obj
HAL_SuspendTick                                   CMakeFiles/nucleo_l073rz_initialize.out.dir/Drivers/STM32L0xx_HAL_Driver/Src/stm32l0xx_hal.c.obj
HAL_UARTEx_DisableClockStopMode                   CMakeFiles/nucleo_l073rz_initialize.out.dir/Drivers/STM32L0xx_HAL_Driver/Src/stm32l0xx_hal_uart_ex.c.obj
HAL_UARTEx_DisableStopMode                        CMakeFiles/nucleo_l073rz_initialize.out.dir/Drivers/STM32L0xx_HAL_Driver/Src/stm32l0xx_hal_uart_ex.c.obj
HAL_UARTEx_EnableClockStopMode                    CMakeFiles/nucleo_l073rz_initialize.out.dir/Drivers/STM32L0xx_HAL_Driver/Src/stm32l0xx_hal_uart_ex.c.obj
HAL_UARTEx_EnableStopMode                         CMakeFiles/nucleo_l073rz_initialize.out.dir/Drivers/STM32L0xx_HAL_Driver/Src/stm32l0xx_hal_uart_ex.c.obj
HAL_UARTEx_ReceiveToIdle                          CMakeFiles/nucleo_l073rz_initialize.out.dir/Drivers/STM32L0xx_HAL_Driver/Src/stm32l0xx_hal_uart_ex.c.obj
HAL_UARTEx_ReceiveToIdle_DMA                      CMakeFiles/nucleo_l073rz_initialize.out.dir/Drivers/STM32L0xx_HAL_Driver/Src/stm32l0xx_hal_uart_ex.c.obj
HAL_UARTEx_ReceiveToIdle_IT                       CMakeFiles/nucleo_l073rz_initialize.out.dir/Drivers/STM32L0xx_HAL_Driver/Src/stm32l0xx_hal_uart_ex.c.obj
HAL_UARTEx_RxEventCallback                        CMakeFiles/nucleo_l073rz_initialize.out.dir/Drivers/STM32L0xx_HAL_Driver/Src/stm32l0xx_hal_uart.c.obj
HAL_UARTEx_StopModeWakeUpSourceConfig             CMakeFiles/nucleo_l073rz_initialize.out.dir/Drivers/STM32L0xx_HAL_Driver/Src/stm32l0xx_hal_uart_ex.c.obj
HAL_UARTEx_WakeupCallback                         CMakeFiles/nucleo_l073rz_initialize.out.dir/Drivers/STM32L0xx_HAL_Driver/Src/stm32l0xx_hal_uart_ex.c.obj
                                                  CMakeFiles/nucleo_l073rz_initialize.out.dir/Drivers/STM32L0xx_HAL_Driver/Src/stm32l0xx_hal_uart.c.obj
HAL_UART_Abort                                    CMakeFiles/nucleo_l073rz_initialize.out.dir/Drivers/STM32L0xx_HAL_Driver/Src/stm32l0xx_hal_uart.c.obj
HAL_UART_AbortCpltCallback                        CMakeFiles/nucleo_l073rz_initialize.out.dir/Drivers/STM32L0xx_HAL_Driver/Src/stm32l0xx_hal_uart.c.obj
HAL_UART_AbortReceive                             CMakeFiles/nucleo_l073rz_initialize.out.dir/Drivers/STM32L0xx_HAL_Driver/Src/stm32l0xx_hal_uart.c.obj
HAL_UART_AbortReceiveCpltCallback                 CMakeFiles/nucleo_l073rz_initialize.out.dir/Drivers/STM32L0xx_HAL_Driver/Src/stm32l0xx_hal_uart.c.obj
HAL_UART_AbortReceive_IT                          CMakeFiles/nucleo_l073rz_initialize.out.dir/Drivers/STM32L0xx_HAL_Driver/Src/stm32l0xx_hal_uart.c.obj
HAL_UART_AbortTransmit                            CMakeFiles/nucleo_l073rz_initialize.out.dir/Drivers/STM32L0xx_HAL_Driver/Src/stm32l0xx_hal_uart.c.obj
HAL_UART_AbortTransmitCpltCallback                CMakeFiles/nucleo_l073rz_initialize.out.dir/Drivers/STM32L0xx_HAL_Driver/Src/stm32l0xx_hal_uart.c.obj
HAL_UART_AbortTransmit_IT                         CMakeFiles/nucleo_l073rz_initialize.out.dir/Drivers/STM32L0xx_HAL_Driver/Src/stm32l0xx_hal_uart.c.obj
HAL_UART_Abort_IT                                 CMakeFiles/nucleo_l073rz_initialize.out.dir/Drivers/STM32L0xx_HAL_Driver/Src/stm32l0xx_hal_uart.c.obj
HAL_UART_DMAPause                                 CMakeFiles/nucleo_l073rz_initialize.out.dir/Drivers/STM32L0xx_HAL_Driver/Src/stm32l0xx_hal_uart.c.obj
HAL_UART_DMAResume                                CMakeFiles/nucleo_l073rz_initialize.out.dir/Drivers/STM32L0xx_HAL_Driver/Src/stm32l0xx_hal_uart.c.obj
HAL_UART_DMAStop                                  CMakeFiles/nucleo_l073rz_initialize.out.dir/Drivers/STM32L0xx_HAL_Driver/Src/stm32l0xx_hal_uart.c.obj
HAL_UART_DeInit                                   CMakeFiles/nucleo_l073rz_initialize.out.dir/Drivers/STM32L0xx_HAL_Driver/Src/stm32l0xx_hal_uart.c.obj
HAL_UART_DisableReceiverTimeout                   CMakeFiles/nucleo_l073rz_initialize.out.dir/Drivers/STM32L0xx_HAL_Driver/Src/stm32l0xx_hal_uart.c.obj
HAL_UART_EnableReceiverTimeout                    CMakeFiles/nucleo_l073rz_initialize.out.dir/Drivers/STM32L0xx_HAL_Driver/Src/stm32l0xx_hal_uart.c.obj
HAL_UART_ErrorCallback                            CMakeFiles/nucleo_l073rz_initialize.out.dir/Drivers/STM32L0xx_HAL_Driver/Src/stm32l0xx_hal_uart.c.obj
HAL_UART_GetError                                 CMakeFiles/nucleo_l073rz_initialize.out.dir/Drivers/STM32L0xx_HAL_Driver/Src/stm32l0xx_hal_uart.c.obj