Archive member included to satisfy reference by file (symbol)

/opt/gcc-arm-none-eabi-9-2020-q2-update/bin/../lib/gcc/arm-none-eabi/9.3.1/../../../../arm-none-eabi/lib/thumb/v6-m/nofp/libc_nano.a(lib_a-exit.o)
                              /opt/gcc-arm-none-eabi-9-2020-q2-update/bin/../lib/gcc/arm-none-eabi/9.3.1/../../../../arm-none-eabi/lib/thumb/v6-m/nofp/crt0.o (exit)
/opt/gcc-arm-none-eabi-9-2020-q2-update/bin/../lib/gcc/arm-none-eabi/9.3.1/../../../../arm-none-eabi/lib/thumb/v6-m/nofp/libc_nano.a(lib_a-impure.o)
                              /opt/gcc-arm-none-eabi-9-2020-q2-update/bin/../lib/gcc/arm-none-eabi/9.3.1/../../../../arm-none-eabi/lib/thumb/v6-m/nofp/libc_nano.a(lib_a-exit.o) (_global_impure_ptr)
/opt/gcc-arm-none-eabi-9-2020-q2-update/bin/../lib/gcc/arm-none-eabi/9.3.1/../../../../arm-none-eabi/lib/thumb/v6-m/nofp/libc_nano.a(lib_a-init.o)
                              /opt/gcc-arm-none-eabi-9-2020-q2-update/bin/../lib/gcc/arm-none-eabi/9.3.1/../../../../arm-none-eabi/lib/thumb/v6-m/nofp/crt0.o (__libc_init_array)
/opt/gcc-arm-none-eabi-9-2020-q2-update/bin/../lib/gcc/arm-none-eabi/9.3.1/../../../../arm-none-eabi/lib/thumb/v6-m/nofp/libc_nano.a(lib_a-memset.o)
                              /opt/gcc-arm-none-eabi-9-2020-q2-update/bin/../lib/gcc/arm-none-eabi/9.3.1/../../../../arm-none-eabi/lib/thumb/v6-m/nofp/crt0.o (memset)
/opt/gcc-arm-none-eabi-9-2020-q2-update/bin/../lib/gcc/arm-none-eabi/9.3.1/../../../../arm-none-eabi/lib/thumb/v6-m/nofp/libnosys.a(_exit.o)
                              /opt/gcc-arm-none-eabi-9-2020-q2-update/bin/../lib/gcc/arm-none-eabi/9.3.1/../../../../arm-none-eabi/lib/thumb/v6-m/nofp/libc_nano.a(lib_a-exit.o) (_exit)
/opt/gcc-arm-none-eabi-9-2020-q2-update/bin/../lib/gcc/arm-none-eabi/9.3.1/thumb/v6-m/nofp/libgcc.a(_udivsi3.o)
                              CMakeFiles/nucleo_l073rz_initialize.out.dir/Drivers/STM32L0xx_HAL_Driver/Src/stm32l0xx_hal_uart.c.obj (__aeabi_uidiv)
/opt/gcc-arm-none-eabi-9-2020-q2-update/bin/../lib/gcc/arm-none-eabi/9.3.1/thumb/v6-m/nofp/libgcc.a(_dvmd_tls.o)
                              /opt/gcc-arm-none-eabi-9-2020-q2-update/bin/../lib/gcc/arm-none-eabi/9.3.1/thumb/v6-m/nofp/libgcc.a(_udivsi3.o) (__aeabi_idiv0)
/opt/gcc-arm-none-eabi-9-2020-q2-update/bin/../lib/gcc/arm-none-eabi/9.3.1/thumb/v6-m/nofp/libgcc.a(_aeabi_uldivmod.o)
                              CMakeFiles/nucleo_l073rz_initialize.out.dir/Drivers/STM32L0xx_HAL_Driver/Src/stm32l0xx_hal_uart.c.obj (__aeabi_uldivmod)
/opt/gcc-arm-none-eabi-9-2020-q2-update/bin/../lib/gcc/arm-none-eabi/9.3.1/thumb/v6-m/nofp/libgcc.a(_muldi3.o)
                              CMakeFiles/nucleo_l073rz_initialize.out.dir/Drivers/STM32L0xx_HAL_Driver/Src/stm32l0xx_hal_rcc.c.obj (__aeabi_lmul)
/opt/gcc-arm-none-eabi-9-2020-q2-update/bin/../lib/gcc/arm-none-eabi/9.3.1/thumb/v6-m/nofp/libgcc.a(_udivmoddi4.o)
                              /opt/gcc-arm-none-eabi-9-2020-q2-update/bin/../lib/gcc/arm-none-eabi/9.3.1/thumb/v6-m/nofp/libgcc.a(_aeabi_uldivmod.o) (__udivmoddi4)
/opt/gcc-arm-none-eabi-9-2020-q2-update/bin/../lib/gcc/arm-none-eabi/9.3.1/thumb/v6-m/nofp/libgcc.a(_clzdi2.o)
                              /opt/gcc-arm-none-eabi-9-2020-q2-update/bin/../lib/gcc/arm-none-eabi/9.3.1/thumb/v6-m/nofp/libgcc.a(_udivmoddi4.o) (__clzdi2)
/opt/gcc-arm-none-eabi-9-2020-q2-update/bin/../lib/gcc/arm-none-eabi/9.3.1/thumb/v6-m/nofp/libgcc.a(_clzsi2.o)
                              /opt/gcc-arm-none-eabi-9-2020-q2-update/bin/../lib/gcc/arm-none-eabi/9.3.1/thumb/v6-m/nofp/libgcc.a(_clzdi2.o) (__clzsi2)

Allocating common symbols
Common symbol       size              file

uwTick              0x4               CMakeFiles/nucleo_l073rz_initialize.out.dir/Drivers/STM32L0xx_HAL_Driver/Src/stm32l0xx_hal.c.obj
pFlash              0x18              CMakeFiles/nucleo_l073rz_initialize.out.dir/Drivers/STM32L0xx_HAL_Driver/Src/stm32l0xx_hal_flash.c.obj
huart2              0x84              CMakeFiles/nucleo_l073rz_initialize.out.dir/Src/main.c.obj

Discarded input sections

 .text          0x0000000000000000        0x0 /opt/gcc-arm-none-eabi-9-2020-q2-update/bin/../lib/gcc/arm-none-eabi/9.3.1/thumb/v6-m/nofp/crti.o
 .data          0x0000000000000000        0x0 /opt/gcc-arm-none-eabi-9-2020-q2-update/bin/../lib/gcc/arm-none-eabi/9.3.1/thumb/v6-m/nofp/crti.o
 .bss           0x0000000000000000        0x0 /opt/gcc-arm-none-eabi-9-2020-q2-update/bin/../lib/gcc/arm-none-eabi/9.3.1/thumb/v6-m/nofp/crti.o
 .data          0x0000000000000000        0x4 /opt/gcc-arm-none-eabi-9-2020-q2-update/bin/../lib/gcc/arm-none-eabi/9.3.1/thumb/v6-m/nofp/crtbegin.o
 .text          0x0000000000000000       0x80 /opt/gcc-arm-none-eabi-9-2020-q2-update/bin/../lib/gcc/arm-none-eabi/9.3.1/../../../../arm-none-eabi/lib/thumb/v6-m/nofp/crt0.o
 .data          0x0000000000000000        0x0 /opt/gcc-arm-none-eabi-9-2020-q2-update/bin/../lib/gcc/arm-none-eabi/9.3.1/../../../../arm-none-eabi/lib/thumb/v6-m/nofp/crt0.o
[...]
Memory Configuration

Name             Origin             Length             Attributes
RAM              0x0000000020000000 0x0000000000005000 xrw
FLASH            0x0000000008000000 0x0000000000030000 xr
*default*        0x0000000000000000 0xffffffffffffffff

Linker script and memory map

LOAD /opt/gcc-arm-none-eabi-9-2020-q2-update/bin/../lib/gcc/arm-none-eabi/9.3.1/thumb/v6-m/nofp/crti.o
LOAD /opt/gcc-arm-none-eabi-9-2020-q2-update/bin/../lib/gcc/arm-none-eabi/9.3.1/thumb/v6-m/nofp/crtbegin.o
LOAD /opt/gcc-arm-none-eabi-9-2020-q2-update/bin/../lib/gcc/arm-none-eabi/9.3.1/../../../../arm-none-eabi/lib/thumb/v6-m/nofp/crt0.o
LOAD /opt/gcc-arm-none-eabi-9-2020-q2-update/bin/../lib/gcc/arm-none-eabi/9.3.1/../../../../arm-none-eabi/lib/thumb/v6-m/nofp/libc_nano.a
LOAD /opt/gcc-arm-none-eabi-9-2020-q2-update/bin/../lib/gcc/arm-none-eabi/9.3.1/../../../../arm-none-eabi/lib/thumb/v6-m/nofp/libm.a
LOAD /opt/gcc-arm-none-eabi-9-2020-q2-update/bin/../lib/gcc/arm-none-eabi/9.3.1/../../../../arm-none-eabi/lib/thumb/v6-m/nofp/libnosys.a
LOAD CMakeFiles/nucleo_l073rz_initialize.out.dir/Src/main.c.obj
LOAD CMakeFiles/nucleo_l073rz_initialize.out.dir/Src/stm32l0xx_it.c.obj
LOAD CMakeFiles/nucleo_l073rz_initialize.out.dir/Src/stm32l0xx_hal_msp.c.obj
LOAD CMakeFiles/nucleo_l073rz_initialize.out.dir/Drivers/STM32L0xx_HAL_Driver/Src/stm32l0xx_hal_tim.c.obj
LOAD CMakeFiles/nucleo_l073rz_initialize.out.dir/Drivers/STM32L0xx_HAL_Driver/Src/stm32l0xx_hal_tim_ex.c.obj
LOAD CMakeFiles/nucleo_l073rz_initialize.out.dir/Drivers/STM32L0xx_HAL_Driver/Src/stm32l0xx_hal_uart.c.obj
LOAD CMakeFiles/nucleo_l073rz_initialize.out.dir/Drivers/STM32L0xx_HAL_Driver/Src/stm32l0xx_hal_uart_ex.c.obj
LOAD CMakeFiles/nucleo_l073rz_initialize.out.dir/Drivers/STM32L0xx_HAL_Driver/Src/stm32l0xx_hal.c.obj
LOAD CMakeFiles/nucleo_l073rz_initialize.out.dir/Drivers/STM32L0xx_HAL_Driver/Src/stm32l0xx_hal_i2c.c.obj
LOAD CMakeFiles/nucleo_l073rz_initialize.out.dir/Drivers/STM32L0xx_HAL_Driver/Src/stm32l0xx_hal_i2c_ex.c.obj
LOAD CMakeFiles/nucleo_l073rz_initialize.out.dir/Drivers/STM32L0xx_HAL_Driver/Src/stm32l0xx_hal_rcc.c.obj
LOAD CMakeFiles/nucleo_l073rz_initialize.out.dir/Drivers/STM32L0xx_HAL_Driver/Src/stm32l0xx_hal_rcc_ex.c.obj
LOAD CMakeFiles/nucleo_l073rz_initialize.out.dir/Drivers/STM32L0xx_HAL_Driver/Src/stm32l0xx_hal_flash_ramfunc.c.obj
LOAD CMakeFiles/nucleo_l073rz_initialize.out.dir/Drivers/STM32L0xx_HAL_Driver/Src/stm32l0xx_hal_flash.c.obj
LOAD CMakeFiles/nucleo_l073rz_initialize.out.dir/Drivers/STM32L0xx_HAL_Driver/Src/stm32l0xx_hal_flash_ex.c.obj
LOAD CMakeFiles/nucleo_l073rz_initialize.out.dir/Drivers/STM32L0xx_HAL_Driver/Src/stm32l0xx_hal_gpio.c.obj
LOAD CMakeFiles/nucleo_l073rz_initialize.out.dir/Drivers/STM32L0xx_HAL_Driver/Src/stm32l0xx_hal_dma.c.obj
LOAD CMakeFiles/nucleo_l073rz_initialize.out.dir/Drivers/STM32L0xx_HAL_Driver/Src/stm32l0xx_hal_pwr.c.obj
LOAD CMakeFiles/nucleo_l073rz_initialize.out.dir/Drivers/STM32L0xx_HAL_Driver/Src/stm32l0xx_hal_pwr_ex.c.obj
LOAD CMakeFiles/nucleo_l073rz_initialize.out.dir/Drivers/STM32L0xx_HAL_Driver/Src/stm32l0xx_hal_cortex.c.obj
LOAD CMakeFiles/nucleo_l073rz_initialize.out.dir/Drivers/STM32L0xx_HAL_Driver/Src/stm32l0xx_hal_exti.c.obj
LOAD CMakeFiles/nucleo_l073rz_initialize.out.dir/Src/system_stm32l0xx.c.obj
LOAD CMakeFiles/nucleo_l073rz_initialize.out.dir/startup_stm32l073xx.s.obj
START GROUP
LOAD /opt/gcc-arm-none-eabi-9-2020-q2-update/bin/../lib/gcc/arm-none-eabi/9.3.1/thumb/v6-m/nofp/libgcc.a
LOAD /opt/gcc-arm-none-eabi-9-2020-q2-update/bin/../lib/gcc/arm-none-eabi/9.3.1/../../../../arm-none-eabi/lib/thumb/v6-m/nofp/libg_nano.a
LOAD /opt/gcc-arm-none-eabi-9-2020-q2-update/bin/../lib/gcc/arm-none-eabi/9.3.1/../../../../arm-none-eabi/lib/thumb/v6-m/nofp/libc_nano.a
END GROUP
START GROUP
LOAD /opt/gcc-arm-none-eabi-9-2020-q2-update/bin/../lib/gcc/arm-none-eabi/9.3.1/thumb/v6-m/nofp/libgcc.a
LOAD /opt/gcc-arm-none-eabi-9-2020-q2-update/bin/../lib/gcc/arm-none-eabi/9.3.1/../../../../arm-none-eabi/lib/thumb/v6-m/nofp/libc_nano.a
END GROUP
LOAD /opt/gcc-arm-none-eabi-9-2020-q2-update/bin/../lib/gcc/arm-none-eabi/9.3.1/thumb/v6-m/nofp/crtend.o
LOAD /opt/gcc-arm-none-eabi-9-2020-q2-update/bin/../lib/gcc/arm-none-eabi/9.3.1/thumb/v6-m/nofp/crtn.o
                0x0000000020005000                _estack = (ORIGIN (RAM) + LENGTH (RAM))
                0x0000000000000200                _Min_Heap_Size = 0x200
                0x0000000000000400                _Min_Stack_Size = 0x400

.isr_vector     0x0000000008000000       0xc0
                0x0000000008000000                . = ALIGN (0x4)
 *(.isr_vector)
 .isr_vector    0x0000000008000000       0xc0 CMakeFiles/nucleo_l073rz_initialize.out.dir/startup_stm32l073xx.s.obj
                0x0000000008000000                g_pfnVectors
                0x00000000080000c0                . = ALIGN (0x4)

.text           0x00000000080000c0     0x1950
                0x00000000080000c0                . = ALIGN (0x4)
 *(.text)
 .text          0x00000000080000c0       0x48 /opt/gcc-arm-none-eabi-9-2020-q2-update/bin/../lib/gcc/arm-none-eabi/9.3.1/thumb/v6-m/nofp/crtbegin.o
 .text          0x0000000008000108      0x114 /opt/gcc-arm-none-eabi-9-2020-q2-update/bin/../lib/gcc/arm-none-eabi/9.3.1/thumb/v6-m/nofp/libgcc.a(_udivsi3.o)
                0x0000000008000108                __udivsi3
                0x0000000008000108                __aeabi_uidiv
                0x0000000008000214                __aeabi_uidivmod
 .text          0x000000000800021c        0x4 /opt/gcc-arm-none-eabi-9-2020-q2-update/bin/../lib/gcc/arm-none-eabi/9.3.1/thumb/v6-m/nofp/libgcc.a(_dvmd_tls.o)
                0x000000000800021c                __aeabi_ldiv0
                0x000000000800021c                __aeabi_idiv0
 .text          0x0000000008000220       0x40 /opt/gcc-arm-none-eabi-9-2020-q2-update/bin/../lib/gcc/arm-none-eabi/9.3.1/thumb/v6-m/nofp/libgcc.a(_aeabi_uldivmod.o)
                0x0000000008000220                __aeabi_uldivmod
 .text          0x0000000008000260       0x50 /opt/gcc-arm-none-eabi-9-2020-q2-update/bin/../lib/gcc/arm-none-eabi/9.3.1/thumb/v6-m/nofp/libgcc.a(_muldi3.o)
                0x0000000008000260                __aeabi_lmul
                0x0000000008000260                __muldi3
 .text          0x00000000080002b0      0x198 /opt/gcc-arm-none-eabi-9-2020-q2-update/bin/../lib/gcc/arm-none-eabi/9.3.1/thumb/v6-m/nofp/libgcc.a(_udivmoddi4.o)
                0x00000000080002b0                __udivmoddi4
 .text          0x0000000008000448       0x18 /opt/gcc-arm-none-eabi-9-2020-q2-update/bin/../lib/gcc/arm-none-eabi/9.3.1/thumb/v6-m/nofp/libgcc.a(_clzdi2.o)
                0x0000000008000448                __clzdi2
 .text          0x0000000008000460       0x3c /opt/gcc-arm-none-eabi-9-2020-q2-update/bin/../lib/gcc/arm-none-eabi/9.3.1/thumb/v6-m/nofp/libgcc.a(_clzsi2.o)
                0x0000000008000460                __clzsi2
 *(.text*)
 .text.__libc_init_array
                0x000000000800049c       0x48 /opt/gcc-arm-none-eabi-9-2020-q2-update/bin/../lib/gcc/arm-none-eabi/9.3.1/../../../../arm-none-eabi/lib/thumb/v6-m/nofp/libc_nano.a(lib_a-init.o)
                0x000000000800049c                __libc_init_array
 .text.memset   0x00000000080004e4       0x10 /opt/gcc-arm-none-eabi-9-2020-q2-update/bin/../lib/gcc/arm-none-eabi/9.3.1/../../../../arm-none-eabi/lib/thumb/v6-m/nofp/libc_nano.a(lib_a-memset.o)
                0x00000000080004e4                memset
 .text.MX_GPIO_Init
                0x00000000080004f4       0x84 CMakeFiles/nucleo_l073rz_initialize.out.dir/Src/main.c.obj
 .text.Error_Handler
                0x0000000008000578        0x4 CMakeFiles/nucleo_l073rz_initialize.out.dir/Src/main.c.obj
                0x0000000008000578                Error_Handler
 .text.MX_USART2_UART_Init
                0x000000000800057c       0x38 CMakeFiles/nucleo_l073rz_initialize.out.dir/Src/main.c.obj
 .text.SystemClock_Config
                0x00000000080005b4       0x94 CMakeFiles/nucleo_l073rz_initialize.out.dir/Src/main.c.obj
                0x00000000080005b4                SystemClock_Config
 .text.main     0x0000000008000648       0x14 CMakeFiles/nucleo_l073rz_initialize.out.dir/Src/main.c.obj
                0x0000000008000648                main
 .text.NMI_Handler
                0x000000000800065c        0x2 CMakeFiles/nucleo_l073rz_initialize.out.dir/Src/stm32l0xx_it.c.obj
                0x000000000800065c                NMI_Handler
 .text.HardFault_Handler
                0x000000000800065e        0x2 CMakeFiles/nucleo_l073rz_initialize.out.dir/Src/stm32l0xx_it.c.obj
                0x000000000800065e                HardFault_Handler
 .text.SVC_Handler
                0x0000000008000660        0x2 CMakeFiles/nucleo_l073rz_initialize.out.dir/Src/stm32l0xx_it.c.obj
                0x0000000008000660                SVC_Handler
 .text.PendSV_Handler
                0x0000000008000662        0x2 CMakeFiles/nucleo_l073rz_initialize.out.dir/Src/stm32l0xx_it.c.obj
                0x0000000008000662                PendSV_Handler
 .text.SysTick_Handler
                0x0000000008000664        0x8 CMakeFiles/nucleo_l073rz_initialize.out.dir/Src/stm32l0xx_it.c.obj
                0x0000000008000664                SysTick_Handler
 .text.HAL_MspInit
                0x000000000800066c       0x1c CMakeFiles/nucleo_l073rz_initialize.out.dir/Src/stm32l0xx_hal_msp.c.obj
                0x000000000800066c                HAL_MspInit
 .text.HAL_UART_MspInit
                0x0000000008000688       0x60 CMakeFiles/nucleo_l073rz_initialize.out.dir/Src/stm32l0xx_hal_msp.c.obj
                0x0000000008000688                HAL_UART_MspInit
 .text.UART_SetConfig
                0x00000000080006e8      0x2c4 CMakeFiles/nucleo_l073rz_initialize.out.dir/Drivers/STM32L0xx_HAL_Driver/Src/stm32l0xx_hal_uart.c.obj
                0x00000000080006e8                UART_SetConfig
 .text.UART_AdvFeatureConfig
                0x00000000080009ac       0xe0 CMakeFiles/nucleo_l073rz_initialize.out.dir/Drivers/STM32L0xx_HAL_Driver/Src/stm32l0xx_hal_uart.c.obj
                0x00000000080009ac                UART_AdvFeatureConfig
 .text.UART_WaitOnFlagUntilTimeout
                0x0000000008000a8c       0xdc CMakeFiles/nucleo_l073rz_initialize.out.dir/Drivers/STM32L0xx_HAL_Driver/Src/stm32l0xx_hal_uart.c.obj
                0x0000000008000a8c                UART_WaitOnFlagUntilTimeout
 .text.UART_CheckIdleState
                0x0000000008000b68       0x70 CMakeFiles/nucleo_l073rz_initialize.out.dir/Drivers/STM32L0xx_HAL_Driver/Src/stm32l0xx_hal_uart.c.obj
                0x0000000008000b68                UART_CheckIdleState
 .text.HAL_UART_Init
                0x0000000008000bd8       0x6c CMakeFiles/nucleo_l073rz_initialize.out.dir/Drivers/STM32L0xx_HAL_Driver/Src/stm32l0xx_hal_uart.c.obj
                0x0000000008000bd8                HAL_UART_Init
 .text.HAL_InitTick
                0x0000000008000c44       0x50 CMakeFiles/nucleo_l073rz_initialize.out.dir/Drivers/STM32L0xx_HAL_Driver/Src/stm32l0xx_hal.c.obj
                0x0000000008000c44                HAL_InitTick
 .text.HAL_Init
                0x0000000008000c94       0x28 CMakeFiles/nucleo_l073rz_initialize.out.dir/Drivers/STM32L0xx_HAL_Driver/Src/stm32l0xx_hal.c.obj
                0x0000000008000c94                HAL_Init
 .text.HAL_IncTick
                0x0000000008000cbc       0x18 CMakeFiles/nucleo_l073rz_initialize.out.dir/Drivers/STM32L0xx_HAL_Driver/Src/stm32l0xx_hal.c.obj
                0x0000000008000cbc                HAL_IncTick
 .text.HAL_GetTick
                0x0000000008000cd4        0xc CMakeFiles/nucleo_l073rz_initialize.out.dir/Drivers/STM32L0xx_HAL_Driver/Src/stm32l0xx_hal.c.obj
                0x0000000008000cd4                HAL_GetTick
 .text.HAL_RCC_GetSysClockFreq
                0x0000000008000ce0       0xb0 CMakeFiles/nucleo_l073rz_initialize.out.dir/Drivers/STM32L0xx_HAL_Driver/Src/stm32l0xx_hal_rcc.c.obj
                0x0000000008000ce0                HAL_RCC_GetSysClockFreq
 .text.HAL_RCC_OscConfig
                0x0000000008000d90      0x598 CMakeFiles/nucleo_l073rz_initialize.out.dir/Drivers/STM32L0xx_HAL_Driver/Src/stm32l0xx_hal_rcc.c.obj
                0x0000000008000d90                HAL_RCC_OscConfig
 .text.HAL_RCC_ClockConfig
                0x0000000008001328      0x1d8 CMakeFiles/nucleo_l073rz_initialize.out.dir/Drivers/STM32L0xx_HAL_Driver/Src/stm32l0xx_hal_rcc.c.obj
                0x0000000008001328                HAL_RCC_ClockConfig
 .text.HAL_RCC_GetHCLKFreq
                0x0000000008001500        0xc CMakeFiles/nucleo_l073rz_initialize.out.dir/Drivers/STM32L0xx_HAL_Driver/Src/stm32l0xx_hal_rcc.c.obj
                0x0000000008001500                HAL_RCC_GetHCLKFreq
 .text.HAL_RCC_GetPCLK1Freq
                0x000000000800150c       0x20 CMakeFiles/nucleo_l073rz_initialize.out.dir/Drivers/STM32L0xx_HAL_Driver/Src/stm32l0xx_hal_rcc.c.obj
                0x000000000800150c                HAL_RCC_GetPCLK1Freq
 .text.HAL_RCC_GetPCLK2Freq
                0x000000000800152c       0x20 CMakeFiles/nucleo_l073rz_initialize.out.dir/Drivers/STM32L0xx_HAL_Driver/Src/stm32l0xx_hal_rcc.c.obj
                0x000000000800152c                HAL_RCC_GetPCLK2Freq
 .text.HAL_RCCEx_PeriphCLKConfig
                0x000000000800154c      0x214 CMakeFiles/nucleo_l073rz_initialize.out.dir/Drivers/STM32L0xx_HAL_Driver/Src/stm32l0xx_hal_rcc_ex.c.obj
                0x000000000800154c                HAL_RCCEx_PeriphCLKConfig
 .text.HAL_GPIO_Init
                0x0000000008001760      0x19c CMakeFiles/nucleo_l073rz_initialize.out.dir/Drivers/STM32L0xx_HAL_Driver/Src/stm32l0xx_hal_gpio.c.obj
                0x0000000008001760                HAL_GPIO_Init
 .text.HAL_GPIO_WritePin
                0x00000000080018fc        0xc CMakeFiles/nucleo_l073rz_initialize.out.dir/Drivers/STM32L0xx_HAL_Driver/Src/stm32l0xx_hal_gpio.c.obj
                0x00000000080018fc                HAL_GPIO_WritePin
 .text.HAL_NVIC_SetPriority
                0x0000000008001908       0x60 CMakeFiles/nucleo_l073rz_initialize.out.dir/Drivers/STM32L0xx_HAL_Driver/Src/stm32l0xx_hal_cortex.c.obj
                0x0000000008001908                HAL_NVIC_SetPriority
 .text.HAL_SYSTICK_Config
                0x0000000008001968       0x38 CMakeFiles/nucleo_l073rz_initialize.out.dir/Drivers/STM32L0xx_HAL_Driver/Src/stm32l0xx_hal_cortex.c.obj
                0x0000000008001968                HAL_SYSTICK_Config
 .text.SystemInit
                0x00000000080019a0        0x2 CMakeFiles/nucleo_l073rz_initialize.out.dir/Src/system_stm32l0xx.c.obj
                0x00000000080019a0                SystemInit
 *fill*         0x00000000080019a2        0x2 
 .text.Reset_Handler
                0x00000000080019a4       0x50 CMakeFiles/nucleo_l073rz_initialize.out.dir/startup_stm32l073xx.s.obj
                0x00000000080019a4                Reset_Handler
 .text.Default_Handler
                0x00000000080019f4        0x2 CMakeFiles/nucleo_l073rz_initialize.out.dir/startup_stm32l073xx.s.obj
                0x00000000080019f4                TSC_IRQHandler
                0x00000000080019f4                ADC1_COMP_IRQHandler
                0x00000000080019f4                PVD_IRQHandler
                0x00000000080019f4                I2C1_IRQHandler
                0x00000000080019f4                RCC_CRS_IRQHandler
                0x00000000080019f4                SPI1_IRQHandler
                0x00000000080019f4                TIM6_DAC_IRQHandler
                0x00000000080019f4                EXTI2_3_IRQHandler
                0x00000000080019f4                I2C2_IRQHandler
                0x00000000080019f4                RTC_IRQHandler
                0x00000000080019f4                LCD_IRQHandler
                0x00000000080019f4                DMA1_Channel4_5_6_7_IRQHandler
                0x00000000080019f4                TIM3_IRQHandler
                0x00000000080019f4                EXTI4_15_IRQHandler
                0x00000000080019f4                DMA1_Channel1_IRQHandler
                0x00000000080019f4                USART4_5_IRQHandler
                0x00000000080019f4                Default_Handler
                0x00000000080019f4                TIM22_IRQHandler
                0x00000000080019f4                TIM7_IRQHandler
                0x00000000080019f4                EXTI0_1_IRQHandler
                0x00000000080019f4                USB_IRQHandler
                0x00000000080019f4                I2C3_IRQHandler
                0x00000000080019f4                SPI2_IRQHandler
                0x00000000080019f4                TIM21_IRQHandler
                0x00000000080019f4                WWDG_IRQHandler
                0x00000000080019f4                TIM2_IRQHandler
                0x00000000080019f4                DMA1_Channel2_3_IRQHandler
                0x00000000080019f4                USART2_IRQHandler
                0x00000000080019f4                FLASH_IRQHandler
                0x00000000080019f4                USART1_IRQHandler
                0x00000000080019f4                RNG_LPUART1_IRQHandler
                0x00000000080019f4                LPTIM1_IRQHandler
 *(.glue_7)
 .glue_7        0x00000000080019f6        0x0 linker stubs
 *(.glue_7t)
 .glue_7t       0x00000000080019f6        0x0 linker stubs
 *(.eh_frame)
 *fill*         0x00000000080019f6        0x2 
 .eh_frame      0x00000000080019f8        0x0 /opt/gcc-arm-none-eabi-9-2020-q2-update/bin/../lib/gcc/arm-none-eabi/9.3.1/thumb/v6-m/nofp/crtbegin.o
 *(.init)
 .init          0x00000000080019f8        0x4 /opt/gcc-arm-none-eabi-9-2020-q2-update/bin/../lib/gcc/arm-none-eabi/9.3.1/thumb/v6-m/nofp/crti.o
                0x00000000080019f8                _init
 .init          0x00000000080019fc        0x8 /opt/gcc-arm-none-eabi-9-2020-q2-update/bin/../lib/gcc/arm-none-eabi/9.3.1/thumb/v6-m/nofp/crtn.o
 *(.fini)
 .fini          0x0000000008001a04        0x4 /opt/gcc-arm-none-eabi-9-2020-q2-update/bin/../lib/gcc/arm-none-eabi/9.3.1/thumb/v6-m/nofp/crti.o
                0x0000000008001a04                _fini
 .fini          0x0000000008001a08        0x8 /opt/gcc-arm-none-eabi-9-2020-q2-update/bin/../lib/gcc/arm-none-eabi/9.3.1/thumb/v6-m/nofp/crtn.o
                0x0000000008001a10                . = ALIGN (0x4)
                0x0000000008001a10                _etext = .

.vfp11_veneer   0x0000000008001a10        0x0
 .vfp11_veneer  0x0000000008001a10        0x0 linker stubs

.v4_bx          0x0000000008001a10        0x0
 .v4_bx         0x0000000008001a10        0x0 linker stubs

.iplt           0x0000000008001a10        0x0
 .iplt          0x0000000008001a10        0x0 /opt/gcc-arm-none-eabi-9-2020-q2-update/bin/../lib/gcc/arm-none-eabi/9.3.1/thumb/v6-m/nofp/crtbegin.o

.rodata         0x0000000008001a10       0x6c
                0x0000000008001a10                . = ALIGN (0x4)
 *(.rodata)
 *(.rodata*)
 .rodata.UART_SetConfig
                0x0000000008001a10       0x48 CMakeFiles/nucleo_l073rz_initialize.out.dir/Drivers/STM32L0xx_HAL_Driver/Src/stm32l0xx_hal_uart.c.obj
 .rodata.AHBPrescTable
                0x0000000008001a58       0x10 CMakeFiles/nucleo_l073rz_initialize.out.dir/Src/system_stm32l0xx.c.obj
                0x0000000008001a58                AHBPrescTable
 .rodata.APBPrescTable
                0x0000000008001a68        0x8 CMakeFiles/nucleo_l073rz_initialize.out.dir/Src/system_stm32l0xx.c.obj
                0x0000000008001a68                APBPrescTable
 .rodata.PLLMulTable
                0x0000000008001a70        0x9 CMakeFiles/nucleo_l073rz_initialize.out.dir/Src/system_stm32l0xx.c.obj
                0x0000000008001a70                PLLMulTable
                0x0000000008001a7c                . = ALIGN (0x4)
 *fill*         0x0000000008001a79        0x3 

.ARM.extab
 *(.ARM.extab* .gnu.linkonce.armextab.*)

.ARM            0x0000000008001a7c        0x8
                0x0000000008001a7c                __exidx_start = .
 *(.ARM.exidx*)
 .ARM.exidx     0x0000000008001a7c        0x8 /opt/gcc-arm-none-eabi-9-2020-q2-update/bin/../lib/gcc/arm-none-eabi/9.3.1/thumb/v6-m/nofp/libgcc.a(_udivmoddi4.o)
                0x0000000008001a84                __exidx_end = .

.rel.dyn        0x0000000008001a84        0x0
 .rel.iplt      0x0000000008001a84        0x0 /opt/gcc-arm-none-eabi-9-2020-q2-update/bin/../lib/gcc/arm-none-eabi/9.3.1/thumb/v6-m/nofp/crtbegin.o

.preinit_array  0x0000000008001a84        0x0
                0x0000000008001a84                PROVIDE (__preinit_array_start = .)
 *(.preinit_array*)
                0x0000000008001a84                PROVIDE (__preinit_array_end = .)

.init_array     0x0000000008001a84        0x4
                0x0000000008001a84                PROVIDE (__init_array_start = .)
 *(SORT_BY_NAME(.init_array.*))
 *(.init_array*)
 .init_array    0x0000000008001a84        0x4 /opt/gcc-arm-none-eabi-9-2020-q2-update/bin/../lib/gcc/arm-none-eabi/9.3.1/thumb/v6-m/nofp/crtbegin.o
                0x0000000008001a88                PROVIDE (__init_array_end = .)

.fini_array     0x0000000008001a88        0x4
                [!provide]                        PROVIDE (__fini_array_start = .)
 *(SORT_BY_NAME(.fini_array.*))
 *(.fini_array*)
 .fini_array    0x0000000008001a88        0x4 /opt/gcc-arm-none-eabi-9-2020-q2-update/bin/../lib/gcc/arm-none-eabi/9.3.1/thumb/v6-m/nofp/crtbegin.o
                [!provide]                        PROVIDE (__fini_array_end = .)
                0x0000000008001a8c                _sidata = LOADADDR (.data)

.data           0x0000000020000000        0xc load address 0x0000000008001a8c
                0x0000000020000000                . = ALIGN (0x4)
                0x0000000020000000                _sdata = .
 *(.data)
 *(.data*)
 .data.uwTickFreq
                0x0000000020000000        0x1 CMakeFiles/nucleo_l073rz_initialize.out.dir/Drivers/STM32L0xx_HAL_Driver/Src/stm32l0xx_hal.c.obj
                0x0000000020000000                uwTickFreq
 *fill*         0x0000000020000001        0x3 
 .data.uwTickPrio
                0x0000000020000004        0x4 CMakeFiles/nucleo_l073rz_initialize.out.dir/Drivers/STM32L0xx_HAL_Driver/Src/stm32l0xx_hal.c.obj
                0x0000000020000004                uwTickPrio
 .data.SystemCoreClock
                0x0000000020000008        0x4 CMakeFiles/nucleo_l073rz_initialize.out.dir/Src/system_stm32l0xx.c.obj
                0x0000000020000008                SystemCoreClock
                0x000000002000000c                . = ALIGN (0x4)
                0x000000002000000c                _edata = .

.igot.plt       0x000000002000000c        0x0 load address 0x0000000008001a98
 .igot.plt      0x000000002000000c        0x0 /opt/gcc-arm-none-eabi-9-2020-q2-update/bin/../lib/gcc/arm-none-eabi/9.3.1/thumb/v6-m/nofp/crtbegin.o
                0x000000002000000c                . = ALIGN (0x4)

.bss            0x000000002000000c       0xa4 load address 0x0000000008001a98
                0x000000002000000c                _sbss = .
                0x000000002000000c                __bss_start__ = _sbss
 *(.bss)
 .bss           0x000000002000000c       0x1c /opt/gcc-arm-none-eabi-9-2020-q2-update/bin/../lib/gcc/arm-none-eabi/9.3.1/thumb/v6-m/nofp/crtbegin.o
 *(.bss*)
 *(COMMON)
 COMMON         0x0000000020000028       0x84 CMakeFiles/nucleo_l073rz_initialize.out.dir/Src/main.c.obj
                0x0000000020000028                huart2
 COMMON         0x00000000200000ac        0x4 CMakeFiles/nucleo_l073rz_initialize.out.dir/Drivers/STM32L0xx_HAL_Driver/Src/stm32l0xx_hal.c.obj
                0x00000000200000ac                uwTick
                0x00000000200000b0                . = ALIGN (0x4)
                0x00000000200000b0                _ebss = .
                0x00000000200000b0                __bss_end__ = _ebss

._user_heap_stack
                0x00000000200000b0      0x600 load address 0x0000000008001a98
                0x00000000200000b0                . = ALIGN (0x8)
                [!provide]                        PROVIDE (end = .)
                [!provide]                        PROVIDE (_end = .)
                0x00000000200002b0                . = (. + _Min_Heap_Size)
 *fill*         0x00000000200000b0      0x200 
                0x00000000200006b0                . = (. + _Min_Stack_Size)
 *fill*         0x00000000200002b0      0x400 
                0x00000000200006b0                . = ALIGN (0x8)

/DISCARD/
 libc.a(*)
 libm.a(*)
 libgcc.a(*)

.ARM.attributes
                0x0000000000000000       0x28
 *(.ARM.attributes)
 .ARM.attributes
                0x0000000000000000       0x1e /opt/gcc-arm-none-eabi-9-2020-q2-update/bin/../lib/gcc/arm-none-eabi/9.3.1/thumb/v6-m/nofp/crti.o
 .ARM.attributes
                0x000000000000001e       0x2c /opt/gcc-arm-none-eabi-9-2020-q2-update/bin/../lib/gcc/arm-none-eabi/9.3.1/thumb/v6-m/nofp/crtbegin.o
 .ARM.attributes
                0x000000000000004a       0x2c /opt/gcc-arm-none-eabi-9-2020-q2-update/bin/../lib/gcc/arm-none-eabi/9.3.1/../../../../arm-none-eabi/lib/thumb/v6-m/nofp/libc_nano.a(lib_a-init.o)
 .ARM.attributes
                0x0000000000000076       0x2c /opt/gcc-arm-none-eabi-9-2020-q2-update/bin/../lib/gcc/arm-none-eabi/9.3.1/../../../../arm-none-eabi/lib/thumb/v6-m/nofp/libc_nano.a(lib_a-memset.o)
 .ARM.attributes
                0x00000000000000a2       0x2c CMakeFiles/nucleo_l073rz_initialize.out.dir/Src/main.c.obj
 .ARM.attributes
                0x00000000000000ce       0x2c CMakeFiles/nucleo_l073rz_initialize.out.dir/Src/stm32l0xx_it.c.obj
 .ARM.attributes
                0x00000000000000fa       0x2c CMakeFiles/nucleo_l073rz_initialize.out.dir/Src/stm32l0xx_hal_msp.c.obj
 .ARM.attributes
                0x0000000000000126       0x2c CMakeFiles/nucleo_l073rz_initialize.out.dir/Drivers/STM32L0xx_HAL_Driver/Src/stm32l0xx_hal_uart.c.obj
 .ARM.attributes
                0x0000000000000152       0x2c CMakeFiles/nucleo_l073rz_initialize.out.dir/Drivers/STM32L0xx_HAL_Driver/Src/stm32l0xx_hal.c.obj
 .ARM.attributes
                0x000000000000017e       0x2c CMakeFiles/nucleo_l073rz_initialize.out.dir/Drivers/STM32L0xx_HAL_Driver/Src/stm32l0xx_hal_rcc.c.obj
 .ARM.attributes
                0x00000000000001aa       0x2c CMakeFiles/nucleo_l073rz_initialize.out.dir/Drivers/STM32L0xx_HAL_Driver/Src/stm32l0xx_hal_rcc_ex.c.obj
 .ARM.attributes
                0x00000000000001d6       0x2c CMakeFiles/nucleo_l073rz_initialize.out.dir/Drivers/STM32L0xx_HAL_Driver/Src/stm32l0xx_hal_gpio.c.obj
 .ARM.attributes
                0x0000000000000202       0x2c CMakeFiles/nucleo_l073rz_initialize.out.dir/Drivers/STM32L0xx_HAL_Driver/Src/stm32l0xx_hal_cortex.c.obj
 .ARM.attributes
                0x000000000000022e       0x2c CMakeFiles/nucleo_l073rz_initialize.out.dir/Src/system_stm32l0xx.c.obj
 .ARM.attributes
                0x000000000000025a       0x22 CMakeFiles/nucleo_l073rz_initialize.out.dir/startup_stm32l073xx.s.obj
 .ARM.attributes
                0x000000000000027c       0x1e /opt/gcc-arm-none-eabi-9-2020-q2-update/bin/../lib/gcc/arm-none-eabi/9.3.1/thumb/v6-m/nofp/libgcc.a(_udivsi3.o)
 .ARM.attributes
                0x000000000000029a       0x1e /opt/gcc-arm-none-eabi-9-2020-q2-update/bin/../lib/gcc/arm-none-eabi/9.3.1/thumb/v6-m/nofp/libgcc.a(_dvmd_tls.o)
 .ARM.attributes
                0x00000000000002b8       0x1e /opt/gcc-arm-none-eabi-9-2020-q2-update/bin/../lib/gcc/arm-none-eabi/9.3.1/thumb/v6-m/nofp/libgcc.a(_aeabi_uldivmod.o)
 .ARM.attributes
                0x00000000000002d6       0x2c /opt/gcc-arm-none-eabi-9-2020-q2-update/bin/../lib/gcc/arm-none-eabi/9.3.1/thumb/v6-m/nofp/libgcc.a(_muldi3.o)
 .ARM.attributes
                0x0000000000000302       0x2c /opt/gcc-arm-none-eabi-9-2020-q2-update/bin/../lib/gcc/arm-none-eabi/9.3.1/thumb/v6-m/nofp/libgcc.a(_udivmoddi4.o)
 .ARM.attributes
                0x000000000000032e       0x1e /opt/gcc-arm-none-eabi-9-2020-q2-update/bin/../lib/gcc/arm-none-eabi/9.3.1/thumb/v6-m/nofp/libgcc.a(_clzdi2.o)
 .ARM.attributes
                0x000000000000034c       0x1e /opt/gcc-arm-none-eabi-9-2020-q2-update/bin/../lib/gcc/arm-none-eabi/9.3.1/thumb/v6-m/nofp/libgcc.a(_clzsi2.o)
 .ARM.attributes
                0x000000000000036a       0x1e /opt/gcc-arm-none-eabi-9-2020-q2-update/bin/../lib/gcc/arm-none-eabi/9.3.1/thumb/v6-m/nofp/crtn.o
OUTPUT(nucleo_l073rz_initialize.out elf32-littlearm)
LOAD linker stubs
LOAD /opt/gcc-arm-none-eabi-9-2020-q2-update/bin/../lib/gcc/arm-none-eabi/9.3.1/../../../../arm-none-eabi/lib/thumb/v6-m/nofp/libc.a
LOAD /opt/gcc-arm-none-eabi-9-2020-q2-update/bin/../lib/gcc/arm-none-eabi/9.3.1/../../../../arm-none-eabi/lib/thumb/v6-m/nofp/libm.a
LOAD /opt/gcc-arm-none-eabi-9-2020-q2-update/bin/../lib/gcc/arm-none-eabi/9.3.1/thumb/v6-m/nofp/libgcc.a

.debug_frame    0x0000000000000000      0xf74
 .debug_frame   0x0000000000000000       0x2c /opt/gcc-arm-none-eabi-9-2020-q2-update/bin/../lib/gcc/arm-none-eabi/9.3.1/../../../../arm-none-eabi/lib/thumb/v6-m/nofp/libc_nano.a(lib_a-init.o)
 .debug_frame   0x000000000000002c       0x20 /opt/gcc-arm-none-eabi-9-2020-q2-update/bin/../lib/gcc/arm-none-eabi/9.3.1/../../../../arm-none-eabi/lib/thumb/v6-m/nofp/libc_nano.a(lib_a-memset.o)
 .debug_frame   0x000000000000004c       0x8c CMakeFiles/nucleo_l073rz_initialize.out.dir/Src/main.c.obj
 .debug_frame   0x00000000000000d8       0x68 CMakeFiles/nucleo_l073rz_initialize.out.dir/Src/stm32l0xx_it.c.obj
 .debug_frame   0x0000000000000140       0x54 CMakeFiles/nucleo_l073rz_initialize.out.dir/Src/stm32l0xx_hal_msp.c.obj
 .debug_frame   0x0000000000000194      0x65c CMakeFiles/nucleo_l073rz_initialize.out.dir/Drivers/STM32L0xx_HAL_Driver/Src/stm32l0xx_hal_uart.c.obj
 .debug_frame   0x00000000000007f0      0x22c CMakeFiles/nucleo_l073rz_initialize.out.dir/Drivers/STM32L0xx_HAL_Driver/Src/stm32l0xx_hal.c.obj
 .debug_frame   0x0000000000000a1c      0x144 CMakeFiles/nucleo_l073rz_initialize.out.dir/Drivers/STM32L0xx_HAL_Driver/Src/stm32l0xx_hal_rcc.c.obj
 .debug_frame   0x0000000000000b60      0x178 CMakeFiles/nucleo_l073rz_initialize.out.dir/Drivers/STM32L0xx_HAL_Driver/Src/stm32l0xx_hal_rcc_ex.c.obj
 .debug_frame   0x0000000000000cd8       0xc0 CMakeFiles/nucleo_l073rz_initialize.out.dir/Drivers/STM32L0xx_HAL_Driver/Src/stm32l0xx_hal_gpio.c.obj
 .debug_frame   0x0000000000000d98      0x114 CMakeFiles/nucleo_l073rz_initialize.out.dir/Drivers/STM32L0xx_HAL_Driver/Src/stm32l0xx_hal_cortex.c.obj
 .debug_frame   0x0000000000000eac       0x38 CMakeFiles/nucleo_l073rz_initialize.out.dir/Src/system_stm32l0xx.c.obj
 .debug_frame   0x0000000000000ee4       0x20 /opt/gcc-arm-none-eabi-9-2020-q2-update/bin/../lib/gcc/arm-none-eabi/9.3.1/thumb/v6-m/nofp/libgcc.a(_udivsi3.o)
 .debug_frame   0x0000000000000f04       0x34 /opt/gcc-arm-none-eabi-9-2020-q2-update/bin/../lib/gcc/arm-none-eabi/9.3.1/thumb/v6-m/nofp/libgcc.a(_muldi3.o)
 .debug_frame   0x0000000000000f38       0x3c /opt/gcc-arm-none-eabi-9-2020-q2-update/bin/../lib/gcc/arm-none-eabi/9.3.1/thumb/v6-m/nofp/libgcc.a(_udivmoddi4.o)

.debug_info     0x0000000000000000     0xa395
 .debug_info    0x0000000000000000      0xea2 CMakeFiles/nucleo_l073rz_initialize.out.dir/Src/main.c.obj
 .debug_info    0x0000000000000ea2      0x1e4 CMakeFiles/nucleo_l073rz_initialize.out.dir/Src/stm32l0xx_it.c.obj
 .debug_info    0x0000000000001086      0xa3a CMakeFiles/nucleo_l073rz_initialize.out.dir/Src/stm32l0xx_hal_msp.c.obj
 .debug_info    0x0000000000001ac0     0x50f6 CMakeFiles/nucleo_l073rz_initialize.out.dir/Drivers/STM32L0xx_HAL_Driver/Src/stm32l0xx_hal_uart.c.obj
 .debug_info    0x0000000000006bb6      0x9c8 CMakeFiles/nucleo_l073rz_initialize.out.dir/Drivers/STM32L0xx_HAL_Driver/Src/stm32l0xx_hal.c.obj
 .debug_info    0x000000000000757e      0xd83 CMakeFiles/nucleo_l073rz_initialize.out.dir/Drivers/STM32L0xx_HAL_Driver/Src/stm32l0xx_hal_rcc.c.obj
 .debug_info    0x0000000000008301      0xa41 CMakeFiles/nucleo_l073rz_initialize.out.dir/Drivers/STM32L0xx_HAL_Driver/Src/stm32l0xx_hal_rcc_ex.c.obj
 .debug_info    0x0000000000008d42      0x7c5 CMakeFiles/nucleo_l073rz_initialize.out.dir/Drivers/STM32L0xx_HAL_Driver/Src/stm32l0xx_hal_gpio.c.obj
 .debug_info    0x0000000000009507      0xafb CMakeFiles/nucleo_l073rz_initialize.out.dir/Drivers/STM32L0xx_HAL_Driver/Src/stm32l0xx_hal_cortex.c.obj
 .debug_info    0x000000000000a002      0x371 CMakeFiles/nucleo_l073rz_initialize.out.dir/Src/system_stm32l0xx.c.obj
 .debug_info    0x000000000000a373       0x22 CMakeFiles/nucleo_l073rz_initialize.out.dir/startup_stm32l073xx.s.obj

.debug_abbrev   0x0000000000000000     0x15aa
 .debug_abbrev  0x0000000000000000      0x23a CMakeFiles/nucleo_l073rz_initialize.out.dir/Src/main.c.obj
 .debug_abbrev  0x000000000000023a       0xef CMakeFiles/nucleo_l073rz_initialize.out.dir/Src/stm32l0xx_it.c.obj
 .debug_abbrev  0x0000000000000329      0x1eb CMakeFiles/nucleo_l073rz_initialize.out.dir/Src/stm32l0xx_hal_msp.c.obj
 .debug_abbrev  0x0000000000000514      0x321 CMakeFiles/nucleo_l073rz_initialize.out.dir/Drivers/STM32L0xx_HAL_Driver/Src/stm32l0xx_hal_uart.c.obj
 .debug_abbrev  0x0000000000000835      0x28d CMakeFiles/nucleo_l073rz_initialize.out.dir/Drivers/STM32L0xx_HAL_Driver/Src/stm32l0xx_hal.c.obj
 .debug_abbrev  0x0000000000000ac2      0x2af CMakeFiles/nucleo_l073rz_initialize.out.dir/Drivers/STM32L0xx_HAL_Driver/Src/stm32l0xx_hal_rcc.c.obj
 .debug_abbrev  0x0000000000000d71      0x22d CMakeFiles/nucleo_l073rz_initialize.out.dir/Drivers/STM32L0xx_HAL_Driver/Src/stm32l0xx_hal_rcc_ex.c.obj
 .debug_abbrev  0x0000000000000f9e      0x202 CMakeFiles/nucleo_l073rz_initialize.out.dir/Drivers/STM32L0xx_HAL_Driver/Src/stm32l0xx_hal_gpio.c.obj
 .debug_abbrev  0x00000000000011a0      0x2b0 CMakeFiles/nucleo_l073rz_initialize.out.dir/Drivers/STM32L0xx_HAL_Driver/Src/stm32l0xx_hal_cortex.c.obj
 .debug_abbrev  0x0000000000001450      0x148 CMakeFiles/nucleo_l073rz_initialize.out.dir/Src/system_stm32l0xx.c.obj
 .debug_abbrev  0x0000000000001598       0x12 CMakeFiles/nucleo_l073rz_initialize.out.dir/startup_stm32l073xx.s.obj

.debug_aranges  0x0000000000000000      0x650
 .debug_aranges
                0x0000000000000000       0x40 CMakeFiles/nucleo_l073rz_initialize.out.dir/Src/main.c.obj
 .debug_aranges
                0x0000000000000040       0x40 CMakeFiles/nucleo_l073rz_initialize.out.dir/Src/stm32l0xx_it.c.obj
 .debug_aranges
                0x0000000000000080       0x30 CMakeFiles/nucleo_l073rz_initialize.out.dir/Src/stm32l0xx_hal_msp.c.obj
 .debug_aranges
                0x00000000000000b0      0x228 CMakeFiles/nucleo_l073rz_initialize.out.dir/Drivers/STM32L0xx_HAL_Driver/Src/stm32l0xx_hal_uart.c.obj
 .debug_aranges
                0x00000000000002d8      0x110 CMakeFiles/nucleo_l073rz_initialize.out.dir/Drivers/STM32L0xx_HAL_Driver/Src/stm32l0xx_hal.c.obj
 .debug_aranges
                0x00000000000003e8       0x80 CMakeFiles/nucleo_l073rz_initialize.out.dir/Drivers/STM32L0xx_HAL_Driver/Src/stm32l0xx_hal_rcc.c.obj
 .debug_aranges
                0x0000000000000468       0xb0 CMakeFiles/nucleo_l073rz_initialize.out.dir/Drivers/STM32L0xx_HAL_Driver/Src/stm32l0xx_hal_rcc_ex.c.obj
 .debug_aranges
                0x0000000000000518       0x58 CMakeFiles/nucleo_l073rz_initialize.out.dir/Drivers/STM32L0xx_HAL_Driver/Src/stm32l0xx_hal_gpio.c.obj
 .debug_aranges
                0x0000000000000570       0x90 CMakeFiles/nucleo_l073rz_initialize.out.dir/Drivers/STM32L0xx_HAL_Driver/Src/stm32l0xx_hal_cortex.c.obj
 .debug_aranges
                0x0000000000000600       0x28 CMakeFiles/nucleo_l073rz_initialize.out.dir/Src/system_stm32l0xx.c.obj
 .debug_aranges
                0x0000000000000628       0x28 CMakeFiles/nucleo_l073rz_initialize.out.dir/startup_stm32l073xx.s.obj

.debug_ranges   0x0000000000000000      0x638
 .debug_ranges  0x0000000000000000       0x30 CMakeFiles/nucleo_l073rz_initialize.out.dir/Src/main.c.obj
 .debug_ranges  0x0000000000000030       0x30 CMakeFiles/nucleo_l073rz_initialize.out.dir/Src/stm32l0xx_it.c.obj
 .debug_ranges  0x0000000000000060       0x20 CMakeFiles/nucleo_l073rz_initialize.out.dir/Src/stm32l0xx_hal_msp.c.obj
 .debug_ranges  0x0000000000000080      0x218 CMakeFiles/nucleo_l073rz_initialize.out.dir/Drivers/STM32L0xx_HAL_Driver/Src/stm32l0xx_hal_uart.c.obj
 .debug_ranges  0x0000000000000298      0x100 CMakeFiles/nucleo_l073rz_initialize.out.dir/Drivers/STM32L0xx_HAL_Driver/Src/stm32l0xx_hal.c.obj
 .debug_ranges  0x0000000000000398       0xa0 CMakeFiles/nucleo_l073rz_initialize.out.dir/Drivers/STM32L0xx_HAL_Driver/Src/stm32l0xx_hal_rcc.c.obj
 .debug_ranges  0x0000000000000438       0xa0 CMakeFiles/nucleo_l073rz_initialize.out.dir/Drivers/STM32L0xx_HAL_Driver/Src/stm32l0xx_hal_rcc_ex.c.obj
 .debug_ranges  0x00000000000004d8       0x48 CMakeFiles/nucleo_l073rz_initialize.out.dir/Drivers/STM32L0xx_HAL_Driver/Src/stm32l0xx_hal_gpio.c.obj
 .debug_ranges  0x0000000000000520       0xe0 CMakeFiles/nucleo_l073rz_initialize.out.dir/Drivers/STM32L0xx_HAL_Driver/Src/stm32l0xx_hal_cortex.c.obj
 .debug_ranges  0x0000000000000600       0x18 CMakeFiles/nucleo_l073rz_initialize.out.dir/Src/system_stm32l0xx.c.obj
 .debug_ranges  0x0000000000000618       0x20 CMakeFiles/nucleo_l073rz_initialize.out.dir/startup_stm32l073xx.s.obj

.debug_line     0x0000000000000000     0x7b6f
 .debug_line    0x0000000000000000      0x4da CMakeFiles/nucleo_l073rz_initialize.out.dir/Src/main.c.obj
 .debug_line    0x00000000000004da      0x26c CMakeFiles/nucleo_l073rz_initialize.out.dir/Src/stm32l0xx_it.c.obj
 .debug_line    0x0000000000000746      0x315 CMakeFiles/nucleo_l073rz_initialize.out.dir/Src/stm32l0xx_hal_msp.c.obj
 .debug_line    0x0000000000000a5b     0x3e43 CMakeFiles/nucleo_l073rz_initialize.out.dir/Drivers/STM32L0xx_HAL_Driver/Src/stm32l0xx_hal_uart.c.obj
 .debug_line    0x000000000000489e      0x6a6 CMakeFiles/nucleo_l073rz_initialize.out.dir/Drivers/STM32L0xx_HAL_Driver/Src/stm32l0xx_hal.c.obj
 .debug_line    0x0000000000004f44      0xe47 CMakeFiles/nucleo_l073rz_initialize.out.dir/Drivers/STM32L0xx_HAL_Driver/Src/stm32l0xx_hal_rcc.c.obj
 .debug_line    0x0000000000005d8b      0xc0c CMakeFiles/nucleo_l073rz_initialize.out.dir/Drivers/STM32L0xx_HAL_Driver/Src/stm32l0xx_hal_rcc_ex.c.obj
 .debug_line    0x0000000000006997      0x702 CMakeFiles/nucleo_l073rz_initialize.out.dir/Drivers/STM32L0xx_HAL_Driver/Src/stm32l0xx_hal_gpio.c.obj
 .debug_line    0x0000000000007099      0x727 CMakeFiles/nucleo_l073rz_initialize.out.dir/Drivers/STM32L0xx_HAL_Driver/Src/stm32l0xx_hal_cortex.c.obj
 .debug_line    0x00000000000077c0      0x307 CMakeFiles/nucleo_l073rz_initialize.out.dir/Src/system_stm32l0xx.c.obj
 .debug_line    0x0000000000007ac7       0xa8 CMakeFiles/nucleo_l073rz_initialize.out.dir/startup_stm32l073xx.s.obj

.debug_str      0x0000000000000000     0x2447
 .debug_str     0x0000000000000000      0xa26 CMakeFiles/nucleo_l073rz_initialize.out.dir/Src/main.c.obj
                                        0xac8 (size before relaxing)
 .debug_str     0x0000000000000a26       0x99 CMakeFiles/nucleo_l073rz_initialize.out.dir/Src/stm32l0xx_it.c.obj
                                        0x2c7 (size before relaxing)
 .debug_str     0x0000000000000abf       0x8f CMakeFiles/nucleo_l073rz_initialize.out.dir/Src/stm32l0xx_hal_msp.c.obj
                                        0x7de (size before relaxing)
 .debug_str     0x0000000000000b4e      0x8ad CMakeFiles/nucleo_l073rz_initialize.out.dir/Drivers/STM32L0xx_HAL_Driver/Src/stm32l0xx_hal_uart.c.obj
                                        0xff7 (size before relaxing)
 .debug_str     0x00000000000013fb      0x590 CMakeFiles/nucleo_l073rz_initialize.out.dir/Drivers/STM32L0xx_HAL_Driver/Src/stm32l0xx_hal.c.obj
                                        0x8d7 (size before relaxing)
 .debug_str     0x000000000000198b      0x198 CMakeFiles/nucleo_l073rz_initialize.out.dir/Drivers/STM32L0xx_HAL_Driver/Src/stm32l0xx_hal_rcc.c.obj
                                        0x7a6 (size before relaxing)
 .debug_str     0x0000000000001b23      0x3aa CMakeFiles/nucleo_l073rz_initialize.out.dir/Drivers/STM32L0xx_HAL_Driver/Src/stm32l0xx_hal_rcc_ex.c.obj
                                        0x884 (size before relaxing)
 .debug_str     0x0000000000001ecd      0x106 CMakeFiles/nucleo_l073rz_initialize.out.dir/Drivers/STM32L0xx_HAL_Driver/Src/stm32l0xx_hal_gpio.c.obj
                                        0x52d (size before relaxing)
 .debug_str     0x0000000000001fd3      0x3a3 CMakeFiles/nucleo_l073rz_initialize.out.dir/Drivers/STM32L0xx_HAL_Driver/Src/stm32l0xx_hal_cortex.c.obj
                                        0x812 (size before relaxing)
 .debug_str     0x0000000000002376       0x7c CMakeFiles/nucleo_l073rz_initialize.out.dir/Src/system_stm32l0xx.c.obj
                                        0x350 (size before relaxing)
 .debug_str     0x00000000000023f2       0x55 CMakeFiles/nucleo_l073rz_initialize.out.dir/startup_stm32l073xx.s.obj
                                         0x8c (size before relaxing)

.comment        0x0000000000000000       0x4c
 .comment       0x0000000000000000       0x4c CMakeFiles/nucleo_l073rz_initialize.out.dir/Src/main.c.obj
                                         0x4d (size before relaxing)
 .comment       0x000000000000004c       0x4d CMakeFiles/nucleo_l073rz_initialize.out.dir/Src/stm32l0xx_it.c.obj
 .comment       0x000000000000004c       0x4d CMakeFiles/nucleo_l073rz_initialize.out.dir/Src/stm32l0xx_hal_msp.c.obj
 .comment       0x000000000000004c       0x4d CMakeFiles/nucleo_l073rz_initialize.out.dir/Drivers/STM32L0xx_HAL_Driver/Src/stm32l0xx_hal_uart.c.obj
 .comment       0x000000000000004c       0x4d CMakeFiles/nucleo_l073rz_initialize.out.dir/Drivers/STM32L0xx_HAL_Driver/Src/stm32l0xx_hal.c.obj
 .comment       0x000000000000004c       0x4d CMakeFiles/nucleo_l073rz_initialize.out.dir/Drivers/STM32L0xx_HAL_Driver/Src/stm32l0xx_hal_rcc.c.obj
 .comment       0x000000000000004c       0x4d CMakeFiles/nucleo_l073rz_initialize.out.dir/Drivers/STM32L0xx_HAL_Driver/Src/stm32l0xx_hal_rcc_ex.c.obj
 .comment       0x000000000000004c       0x4d CMakeFiles/nucleo_l073rz_initialize.out.dir/Drivers/STM32L0xx_HAL_Driver/Src/stm32l0xx_hal_gpio.c.obj
 .comment       0x000000000000004c       0x4d CMakeFiles/nucleo_l073rz_initialize.out.dir/Drivers/STM32L0xx_HAL_Driver/Src/stm32l0xx_hal_cortex.c.obj
 .comment       0x000000000000004c       0x4d CMakeFiles/nucleo_l073rz_initialize.out.dir/Src/system_stm32l0xx.c.obj

.debug_loc      0x0000000000000000     0x5695
 .debug_loc     0x0000000000000000       0x81 CMakeFiles/nucleo_l073rz_initialize.out.dir/Src/stm32l0xx_hal_msp.c.obj
 .debug_loc     0x0000000000000081     0x3bee CMakeFiles/nucleo_l073rz_initialize.out.dir/Drivers/STM32L0xx_HAL_Driver/Src/stm32l0xx_hal_uart.c.obj
 .debug_loc     0x0000000000003c6f      0x172 CMakeFiles/nucleo_l073rz_initialize.out.dir/Drivers/STM32L0xx_HAL_Driver/Src/stm32l0xx_hal.c.obj
 .debug_loc     0x0000000000003de1      0x75b CMakeFiles/nucleo_l073rz_initialize.out.dir/Drivers/STM32L0xx_HAL_Driver/Src/stm32l0xx_hal_rcc.c.obj
 .debug_loc     0x000000000000453c      0x752 CMakeFiles/nucleo_l073rz_initialize.out.dir/Drivers/STM32L0xx_HAL_Driver/Src/stm32l0xx_hal_rcc_ex.c.obj
 .debug_loc     0x0000000000004c8e      0x3c0 CMakeFiles/nucleo_l073rz_initialize.out.dir/Drivers/STM32L0xx_HAL_Driver/Src/stm32l0xx_hal_gpio.c.obj
 .debug_loc     0x000000000000504e      0x458 CMakeFiles/nucleo_l073rz_initialize.out.dir/Drivers/STM32L0xx_HAL_Driver/Src/stm32l0xx_hal_cortex.c.obj
 .debug_loc     0x00000000000054a6      0x1ef CMakeFiles/nucleo_l073rz_initialize.out.dir/Src/system_stm32l0xx.c.obj

Cross Reference Table

Symbol                                            File
ADC1_COMP_IRQHandler                              CMakeFiles/nucleo_l073rz_initialize.out.dir/startup_stm32l073xx.s.obj
AHBPrescTable                                     CMakeFiles/nucleo_l073rz_initialize.out.dir/Src/system_stm32l0xx.c.obj
                                                  CMakeFiles/nucleo_l073rz_initialize.out.dir/Drivers/STM32L0xx_HAL_Driver/Src/stm32l0xx_hal_rcc.c.obj
APBPrescTable                                     CMakeFiles/nucleo_l073rz_initialize.out.dir/Src/system_stm32l0xx.c.obj
                                                  CMakeFiles/nucleo_l073rz_initialize.out.dir/Drivers/STM32L0xx_HAL_Driver/Src/stm32l0xx_hal_rcc.c.obj
DMA1_Channel1_IRQHandler                          CMakeFiles/nucleo_l073rz_initialize.out.dir/startup_stm32l073xx.s.obj
DMA1_Channel2_3_IRQHandler                        CMakeFiles/nucleo_l073rz_initialize.out.dir/startup_stm32l073xx.s.obj
DMA1_Channel4_5_6_7_IRQHandler                    CMakeFiles/nucleo_l073rz_initialize.out.dir/startup_stm32l073xx.s.obj
Default_Handler                                   CMakeFiles/nucleo_l073rz_initialize.out.dir/startup_stm32l073xx.s.obj
EXTI0_1_IRQHandler                                CMakeFiles/nucleo_l073rz_initialize.out.dir/startup_stm32l073xx.s.obj
EXTI2_3_IRQHandler                                CMakeFiles/nucleo_l073rz_initialize.out.dir/startup_stm32l073xx.s.obj
EXTI4_15_IRQHandler                               CMakeFiles/nucleo_l073rz_initialize.out.dir/startup_stm32l073xx.s.obj
Error_Handler                                     CMakeFiles/nucleo_l073rz_initialize.out.dir/Src/main.c.obj
FLASH_IRQHandler                                  CMakeFiles/nucleo_l073rz_initialize.out.dir/startup_stm32l073xx.s.obj
FLASH_PageErase                                   CMakeFiles/nucleo_l073rz_initialize.out.dir/Drivers/STM32L0xx_HAL_Driver/Src/stm32l0xx_hal_flash_ex.c.obj
                                                  CMakeFiles/nucleo_l073rz_initialize.out.dir/Drivers/STM32L0xx_HAL_Driver/Src/stm32l0xx_hal_flash.c.obj
FLASH_WaitForLastOperation                        CMakeFiles/nucleo_l073rz_initialize.out.dir/Drivers/STM32L0xx_HAL_Driver/Src/stm32l0xx_hal_flash.c.obj
                                                  CMakeFiles/nucleo_l073rz_initialize.out.dir/Drivers/STM32L0xx_HAL_Driver/Src/stm32l0xx_hal_flash_ex.c.obj
HAL_DBGMCU_DBG_DisableLowPowerConfig              CMakeFiles/nucleo_l073rz_initialize.out.dir/Drivers/STM32L0xx_HAL_Driver/Src/stm32l0xx_hal.c.obj
HAL_DBGMCU_DBG_EnableLowPowerConfig               CMakeFiles/nucleo_l073rz_initialize.out.dir/Drivers/STM32L0xx_HAL_Driver/Src/stm32l0xx_hal.c.obj
HAL_DBGMCU_DisableDBGSleepMode                    CMakeFiles/nucleo_l073rz_initialize.out.dir/Drivers/STM32L0xx_HAL_Driver/Src/stm32l0xx_hal.c.obj
HAL_DBGMCU_DisableDBGStandbyMode                  CMakeFiles/nucleo_l073rz_initialize.out.dir/Drivers/STM32L0xx_HAL_Driver/Src/stm32l0xx_hal.c.obj
HAL_DBGMCU_DisableDBGStopMode                     CMakeFiles/nucleo_l073rz_initialize.out.dir/Drivers/STM32L0xx_HAL_Driver/Src/stm32l0xx_hal.c.obj
HAL_DBGMCU_EnableDBGSleepMode                     CMakeFiles/nucleo_l073rz_initialize.out.dir/Drivers/STM32L0xx_HAL_Driver/Src/stm32l0xx_hal.c.obj
HAL_DBGMCU_EnableDBGStandbyMode                   CMakeFiles/nucleo_l073rz_initialize.out.dir/Drivers/STM32L0xx_HAL_Driver/Src/stm32l0xx_hal.c.obj
HAL_DBGMCU_EnableDBGStopMode                      CMakeFiles/nucleo_l073rz_initialize.out.dir/Drivers/STM32L0xx_HAL_Driver/Src/stm32l0xx_hal.c.obj
HAL_DMA_Abort                                     CMakeFiles/nucleo_l073rz_initialize.out.dir/Drivers/STM32L0xx_HAL_Driver/Src/stm32l0xx_hal_dma.c.obj
                                                  CMakeFiles/nucleo_l073rz_initialize.out.dir/Drivers/STM32L0xx_HAL_Driver/Src/stm32l0xx_hal_uart.c.obj
HAL_DMA_Abort_IT                                  CMakeFiles/nucleo_l073rz_initialize.out.dir/Drivers/STM32L0xx_HAL_Driver/Src/stm32l0xx_hal_dma.c.obj
                                                  CMakeFiles/nucleo_l073rz_initialize.out.dir/Drivers/STM32L0xx_HAL_Driver/Src/stm32l0xx_hal_i2c.c.obj
                                                  CMakeFiles/nucleo_l073rz_initialize.out.dir/Drivers/STM32L0xx_HAL_Driver/Src/stm32l0xx_hal_uart.c.obj
HAL_DMA_DeInit                                    CMakeFiles/nucleo_l073rz_initialize.out.dir/Drivers/STM32L0xx_HAL_Driver/Src/stm32l0xx_hal_dma.c.obj
HAL_DMA_GetError                                  CMakeFiles/nucleo_l073rz_initialize.out.dir/Drivers/STM32L0xx_HAL_Driver/Src/stm32l0xx_hal_dma.c.obj
                                                  CMakeFiles/nucleo_l073rz_initialize.out.dir/Drivers/STM32L0xx_HAL_Driver/Src/stm32l0xx_hal_uart.c.obj
HAL_DMA_GetState                                  CMakeFiles/nucleo_l073rz_initialize.out.dir/Drivers/STM32L0xx_HAL_Driver/Src/stm32l0xx_hal_dma.c.obj
                                                  CMakeFiles/nucleo_l073rz_initialize.out.dir/Drivers/STM32L0xx_HAL_Driver/Src/stm32l0xx_hal_i2c.c.obj
HAL_DMA_IRQHandler                                CMakeFiles/nucleo_l073rz_initialize.out.dir/Drivers/STM32L0xx_HAL_Driver/Src/stm32l0xx_hal_dma.c.obj
HAL_DMA_Init                                      CMakeFiles/nucleo_l073rz_initialize.out.dir/Drivers/STM32L0xx_HAL_Driver/Src/stm32l0xx_hal_dma.c.obj
HAL_DMA_PollForTransfer                           CMakeFiles/nucleo_l073rz_initialize.out.dir/Drivers/STM32L0xx_HAL_Driver/Src/stm32l0xx_hal_dma.c.obj
HAL_DMA_RegisterCallback                          CMakeFiles/nucleo_l073rz_initialize.out.dir/Drivers/STM32L0xx_HAL_Driver/Src/stm32l0xx_hal_dma.c.obj
HAL_DMA_Start                                     CMakeFiles/nucleo_l073rz_initialize.out.dir/Drivers/STM32L0xx_HAL_Driver/Src/stm32l0xx_hal_dma.c.obj
HAL_DMA_Start_IT                                  CMakeFiles/nucleo_l073rz_initialize.out.dir/Drivers/STM32L0xx_HAL_Driver/Src/stm32l0xx_hal_dma.c.obj
                                                  CMakeFiles/nucleo_l073rz_initialize.out.dir/Drivers/STM32L0xx_HAL_Driver/Src/stm32l0xx_hal_i2c.c.obj
                                                  CMakeFiles/nucleo_l073rz_initialize.out.dir/Drivers/STM32L0xx_HAL_Driver/Src/stm32l0xx_hal_uart.c.obj
HAL_DMA_UnRegisterCallback                        CMakeFiles/nucleo_l073rz_initialize.out.dir/Drivers/STM32L0xx_HAL_Driver/Src/stm32l0xx_hal_dma.c.obj
HAL_DeInit                                        CMakeFiles/nucleo_l073rz_initialize.out.dir/Drivers/STM32L0xx_HAL_Driver/Src/stm32l0xx_hal.c.obj
HAL_Delay                                         CMakeFiles/nucleo_l073rz_initialize.out.dir/Drivers/STM32L0xx_HAL_Driver/Src/stm32l0xx_hal.c.obj
HAL_EXTI_ClearConfigLine                          CMakeFiles/nucleo_l073rz_initialize.out.dir/Drivers/STM32L0xx_HAL_Driver/Src/stm32l0xx_hal_exti.c.obj
HAL_EXTI_ClearPending                             CMakeFiles/nucleo_l073rz_initialize.out.dir/Drivers/STM32L0xx_HAL_Driver/Src/stm32l0xx_hal_exti.c.obj
HAL_EXTI_GenerateSWI                              CMakeFiles/nucleo_l073rz_initialize.out.dir/Drivers/STM32L0xx_HAL_Driver/Src/stm32l0xx_hal_exti.c.obj
HAL_EXTI_GetConfigLine                            CMakeFiles/nucleo_l073rz_initialize.out.dir/Drivers/STM32L0xx_HAL_Driver/Src/stm32l0xx_hal_exti.c.obj
HAL_EXTI_GetHandle                                CMakeFiles/nucleo_l073rz_initialize.out.dir/Drivers/STM32L0xx_HAL_Driver/Src/stm32l0xx_hal_exti.c.obj
HAL_EXTI_GetPending                               CMakeFiles/nucleo_l073rz_initialize.out.dir/Drivers/STM32L0xx_HAL_Driver/Src/stm32l0xx_hal_exti.c.obj
HAL_EXTI_IRQHandler                               CMakeFiles/nucleo_l073rz_initialize.out.dir/Drivers/STM32L0xx_HAL_Driver/Src/stm32l0xx_hal_exti.c.obj
HAL_EXTI_RegisterCallback                         CMakeFiles/nucleo_l073rz_initialize.out.dir/Drivers/STM32L0xx_HAL_Driver/Src/stm32l0xx_hal_exti.c.obj
HAL_EXTI_SetConfigLine                            CMakeFiles/nucleo_l073rz_initialize.out.dir/Drivers/STM32L0xx_HAL_Driver/Src/stm32l0xx_hal_exti.c.obj
HAL_FLASHEx_AdvOBGetConfig                        CMakeFiles/nucleo_l073rz_initialize.out.dir/Drivers/STM32L0xx_HAL_Driver/Src/stm32l0xx_hal_flash_ex.c.obj
HAL_FLASHEx_AdvOBProgram                          CMakeFiles/nucleo_l073rz_initialize.out.dir/Drivers/STM32L0xx_HAL_Driver/Src/stm32l0xx_hal_flash_ex.c.obj
HAL_FLASHEx_DATAEEPROM_DisableFixedTimeProgram    CMakeFiles/nucleo_l073rz_initialize.out.dir/Drivers/STM32L0xx_HAL_Driver/Src/stm32l0xx_hal_flash_ex.c.obj
HAL_FLASHEx_DATAEEPROM_EnableFixedTimeProgram     CMakeFiles/nucleo_l073rz_initialize.out.dir/Drivers/STM32L0xx_HAL_Driver/Src/stm32l0xx_hal_flash_ex.c.obj
HAL_FLASHEx_DATAEEPROM_Erase                      CMakeFiles/nucleo_l073rz_initialize.out.dir/Drivers/STM32L0xx_HAL_Driver/Src/stm32l0xx_hal_flash_ex.c.obj
HAL_FLASHEx_DATAEEPROM_Lock                       CMakeFiles/nucleo_l073rz_initialize.out.dir/Drivers/STM32L0xx_HAL_Driver/Src/stm32l0xx_hal_flash_ex.c.obj
HAL_FLASHEx_DATAEEPROM_Program                    CMakeFiles/nucleo_l073rz_initialize.out.dir/Drivers/STM32L0xx_HAL_Driver/Src/stm32l0xx_hal_flash_ex.c.obj
HAL_FLASHEx_DATAEEPROM_Unlock                     CMakeFiles/nucleo_l073rz_initialize.out.dir/Drivers/STM32L0xx_HAL_Driver/Src/stm32l0xx_hal_flash_ex.c.obj
HAL_FLASHEx_DisableRunPowerDown                   CMakeFiles/nucleo_l073rz_initialize.out.dir/Drivers/STM32L0xx_HAL_Driver/Src/stm32l0xx_hal_flash_ramfunc.c.obj
HAL_FLASHEx_EnableRunPowerDown                    CMakeFiles/nucleo_l073rz_initialize.out.dir/Drivers/STM32L0xx_HAL_Driver/Src/stm32l0xx_hal_flash_ramfunc.c.obj
HAL_FLASHEx_Erase                                 CMakeFiles/nucleo_l073rz_initialize.out.dir/Drivers/STM32L0xx_HAL_Driver/Src/stm32l0xx_hal_flash_ex.c.obj
HAL_FLASHEx_EraseParallelPage                     CMakeFiles/nucleo_l073rz_initialize.out.dir/Drivers/STM32L0xx_HAL_Driver/Src/stm32l0xx_hal_flash_ramfunc.c.obj
HAL_FLASHEx_Erase_IT                              CMakeFiles/nucleo_l073rz_initialize.out.dir/Drivers/STM32L0xx_HAL_Driver/Src/stm32l0xx_hal_flash_ex.c.obj
HAL_FLASHEx_GetError                              CMakeFiles/nucleo_l073rz_initialize.out.dir/Drivers/STM32L0xx_HAL_Driver/Src/stm32l0xx_hal_flash_ramfunc.c.obj
HAL_FLASHEx_HalfPageProgram                       CMakeFiles/nucleo_l073rz_initialize.out.dir/Drivers/STM32L0xx_HAL_Driver/Src/stm32l0xx_hal_flash_ramfunc.c.obj
HAL_FLASHEx_OBGetConfig                           CMakeFiles/nucleo_l073rz_initialize.out.dir/Drivers/STM32L0xx_HAL_Driver/Src/stm32l0xx_hal_flash_ex.c.obj
HAL_FLASHEx_OBProgram                             CMakeFiles/nucleo_l073rz_initialize.out.dir/Drivers/STM32L0xx_HAL_Driver/Src/stm32l0xx_hal_flash_ex.c.obj
HAL_FLASHEx_OB_DeSelectPCROP                      CMakeFiles/nucleo_l073rz_initialize.out.dir/Drivers/STM32L0xx_HAL_Driver/Src/stm32l0xx_hal_flash_ex.c.obj
HAL_FLASHEx_OB_SelectPCROP                        CMakeFiles/nucleo_l073rz_initialize.out.dir/Drivers/STM32L0xx_HAL_Driver/Src/stm32l0xx_hal_flash_ex.c.obj
HAL_FLASHEx_ProgramParallelHalfPage               CMakeFiles/nucleo_l073rz_initialize.out.dir/Drivers/STM32L0xx_HAL_Driver/Src/stm32l0xx_hal_flash_ramfunc.c.obj
HAL_FLASH_EndOfOperationCallback                  CMakeFiles/nucleo_l073rz_initialize.out.dir/Drivers/STM32L0xx_HAL_Driver/Src/stm32l0xx_hal_flash.c.obj
HAL_FLASH_GetError                                CMakeFiles/nucleo_l073rz_initialize.out.dir/Drivers/STM32L0xx_HAL_Driver/Src/stm32l0xx_hal_flash.c.obj
HAL_FLASH_IRQHandler                              CMakeFiles/nucleo_l073rz_initialize.out.dir/Drivers/STM32L0xx_HAL_Driver/Src/stm32l0xx_hal_flash.c.obj
HAL_FLASH_Lock                                    CMakeFiles/nucleo_l073rz_initialize.out.dir/Drivers/STM32L0xx_HAL_Driver/Src/stm32l0xx_hal_flash.c.obj
HAL_FLASH_OB_Launch                               CMakeFiles/nucleo_l073rz_initialize.out.dir/Drivers/STM32L0xx_HAL_Driver/Src/stm32l0xx_hal_flash.c.obj
HAL_FLASH_OB_Lock                                 CMakeFiles/nucleo_l073rz_initialize.out.dir/Drivers/STM32L0xx_HAL_Driver/Src/stm32l0xx_hal_flash.c.obj
HAL_FLASH_OB_Unlock                               CMakeFiles/nucleo_l073rz_initialize.out.dir/Drivers/STM32L0xx_HAL_Driver/Src/stm32l0xx_hal_flash.c.obj
HAL_FLASH_OperationErrorCallback                  CMakeFiles/nucleo_l073rz_initialize.out.dir/Drivers/STM32L0xx_HAL_Driver/Src/stm32l0xx_hal_flash.c.obj
HAL_FLASH_Program                                 CMakeFiles/nucleo_l073rz_initialize.out.dir/Drivers/STM32L0xx_HAL_Driver/Src/stm32l0xx_hal_flash.c.obj
HAL_FLASH_Program_IT                              CMakeFiles/nucleo_l073rz_initialize.out.dir/Drivers/STM32L0xx_HAL_Driver/Src/stm32l0xx_hal_flash.c.obj
HAL_FLASH_Unlock                                  CMakeFiles/nucleo_l073rz_initialize.out.dir/Drivers/STM32L0xx_HAL_Driver/Src/stm32l0xx_hal_flash.c.obj
HAL_GPIO_DeInit                                   CMakeFiles/nucleo_l073rz_initialize.out.dir/Drivers/STM32L0xx_HAL_Driver/Src/stm32l0xx_hal_gpio.c.obj
                                                  CMakeFiles/nucleo_l073rz_initialize.out.dir/Src/stm32l0xx_hal_msp.c.obj
HAL_GPIO_EXTI_Callback                            CMakeFiles/nucleo_l073rz_initialize.out.dir/Drivers/STM32L0xx_HAL_Driver/Src/stm32l0xx_hal_gpio.c.obj
HAL_GPIO_EXTI_IRQHandler                          CMakeFiles/nucleo_l073rz_initialize.out.dir/Drivers/STM32L0xx_HAL_Driver/Src/stm32l0xx_hal_gpio.c.obj
HAL_GPIO_Init                                     CMakeFiles/nucleo_l073rz_initialize.out.dir/Drivers/STM32L0xx_HAL_Driver/Src/stm32l0xx_hal_gpio.c.obj
                                                  CMakeFiles/nucleo_l073rz_initialize.out.dir/Drivers/STM32L0xx_HAL_Driver/Src/stm32l0xx_hal_rcc.c.obj
                                                  CMakeFiles/nucleo_l073rz_initialize.out.dir/Src/stm32l0xx_hal_msp.c.obj
                                                  CMakeFiles/nucleo_l073rz_initialize.out.dir/Src/main.c.obj
HAL_GPIO_LockPin                                  CMakeFiles/nucleo_l073rz_initialize.out.dir/Drivers/STM32L0xx_HAL_Driver/Src/stm32l0xx_hal_gpio.c.obj
HAL_GPIO_ReadPin                                  CMakeFiles/nucleo_l073rz_initialize.out.dir/Drivers/STM32L0xx_HAL_Driver/Src/stm32l0xx_hal_gpio.c.obj
HAL_GPIO_TogglePin                                CMakeFiles/nucleo_l073rz_initialize.out.dir/Drivers/STM32L0xx_HAL_Driver/Src/stm32l0xx_hal_gpio.c.obj
HAL_GPIO_WritePin                                 CMakeFiles/nucleo_l073rz_initialize.out.dir/Drivers/STM32L0xx_HAL_Driver/Src/stm32l0xx_hal_gpio.c.obj
                                                  CMakeFiles/nucleo_l073rz_initialize.out.dir/Src/main.c.obj
HAL_GetDEVID                                      CMakeFiles/nucleo_l073rz_initialize.out.dir/Drivers/STM32L0xx_HAL_Driver/Src/stm32l0xx_hal.c.obj
HAL_GetHalVersion                                 CMakeFiles/nucleo_l073rz_initialize.out.dir/Drivers/STM32L0xx_HAL_Driver/Src/stm32l0xx_hal.c.obj
HAL_GetREVID                                      CMakeFiles/nucleo_l073rz_initialize.out.dir/Drivers/STM32L0xx_HAL_Driver/Src/stm32l0xx_hal.c.obj
HAL_GetTick                                       CMakeFiles/nucleo_l073rz_initialize.out.dir/Drivers/STM32L0xx_HAL_Driver/Src/stm32l0xx_hal.c.obj
                                                  CMakeFiles/nucleo_l073rz_initialize.out.dir/Drivers/STM32L0xx_HAL_Driver/Src/stm32l0xx_hal_dma.c.obj
                                                  CMakeFiles/nucleo_l073rz_initialize.out.dir/Drivers/STM32L0xx_HAL_Driver/Src/stm32l0xx_hal_flash.c.obj
                                                  CMakeFiles/nucleo_l073rz_initialize.out.dir/Drivers/STM32L0xx_HAL_Driver/Src/stm32l0xx_hal_rcc_ex.c.obj
                                                  CMakeFiles/nucleo_l073rz_initialize.out.dir/Drivers/STM32L0xx_HAL_Driver/Src/stm32l0xx_hal_rcc.c.obj
                                                  CMakeFiles/nucleo_l073rz_initialize.out.dir/Drivers/STM32L0xx_HAL_Driver/Src/stm32l0xx_hal_i2c.c.obj
                                                  CMakeFiles/nucleo_l073rz_initialize.out.dir/Drivers/STM32L0xx_HAL_Driver/Src/stm32l0xx_hal_uart_ex.c.obj
                                                  CMakeFiles/nucleo_l073rz_initialize.out.dir/Drivers/STM32L0xx_HAL_Driver/Src/stm32l0xx_hal_uart.c.obj
HAL_GetTickFreq                                   CMakeFiles/nucleo_l073rz_initialize.out.dir/Drivers/STM32L0xx_HAL_Driver/Src/stm32l0xx_hal.c.obj
HAL_GetTickPrio                                   CMakeFiles/nucleo_l073rz_initialize.out.dir/Drivers/STM32L0xx_HAL_Driver/Src/stm32l0xx_hal.c.obj
HAL_GetUIDw0                                      CMakeFiles/nucleo_l073rz_initialize.out.dir/Drivers/STM32L0xx_HAL_Driver/Src/stm32l0xx_hal.c.obj
HAL_GetUIDw1                                      CMakeFiles/nucleo_l073rz_initialize.out.dir/Drivers/STM32L0xx_HAL_Driver/Src/stm32l0xx_hal.c.obj
HAL_GetUIDw2                                      CMakeFiles/nucleo_l073rz_initialize.out.dir/Drivers/STM32L0xx_HAL_Driver/Src/stm32l0xx_hal.c.obj
HAL_HalfDuplex_EnableReceiver                     CMakeFiles/nucleo_l073rz_initialize.out.dir/Drivers/STM32L0xx_HAL_Driver/Src/stm32l0xx_hal_uart.c.obj
HAL_HalfDuplex_EnableTransmitter                  CMakeFiles/nucleo_l073rz_initialize.out.dir/Drivers/STM32L0xx_HAL_Driver/Src/stm32l0xx_hal_uart.c.obj
HAL_HalfDuplex_Init                               CMakeFiles/nucleo_l073rz_initialize.out.dir/Drivers/STM32L0xx_HAL_Driver/Src/stm32l0xx_hal_uart.c.obj
HAL_I2CEx_ConfigAnalogFilter                      CMakeFiles/nucleo_l073rz_initialize.out.dir/Drivers/STM32L0xx_HAL_Driver/Src/stm32l0xx_hal_i2c_ex.c.obj
HAL_I2CEx_ConfigDigitalFilter                     CMakeFiles/nucleo_l073rz_initialize.out.dir/Drivers/STM32L0xx_HAL_Driver/Src/stm32l0xx_hal_i2c_ex.c.obj
HAL_I2CEx_DisableFastModePlus                     CMakeFiles/nucleo_l073rz_initialize.out.dir/Drivers/STM32L0xx_HAL_Driver/Src/stm32l0xx_hal_i2c_ex.c.obj
HAL_I2CEx_DisableWakeUp                           CMakeFiles/nucleo_l073rz_initialize.out.dir/Drivers/STM32L0xx_HAL_Driver/Src/stm32l0xx_hal_i2c_ex.c.obj
HAL_I2CEx_EnableFastModePlus                      CMakeFiles/nucleo_l073rz_initialize.out.dir/Drivers/STM32L0xx_HAL_Driver/Src/stm32l0xx_hal_i2c_ex.c.obj
HAL_I2CEx_EnableWakeUp                            CMakeFiles/nucleo_l073rz_initialize.out.dir/Drivers/STM32L0xx_HAL_Driver/Src/stm32l0xx_hal_i2c_ex.c.obj
HAL_I2C_AbortCpltCallback                         CMakeFiles/nucleo_l073rz_initialize.out.dir/Drivers/STM32L0xx_HAL_Driver/Src/stm32l0xx_hal_i2c.c.obj
HAL_I2C_AddrCallback                              CMakeFiles/nucleo_l073rz_initialize.out.dir/Drivers/STM32L0xx_HAL_Driver/Src/stm32l0xx_hal_i2c.c.obj
HAL_I2C_DeInit                                    CMakeFiles/nucleo_l073rz_initialize.out.dir/Drivers/STM32L0xx_HAL_Driver/Src/stm32l0xx_hal_i2c.c.obj
HAL_I2C_DisableListen_IT                          CMakeFiles/nucleo_l073rz_initialize.out.dir/Drivers/STM32L0xx_HAL_Driver/Src/stm32l0xx_hal_i2c.c.obj
HAL_I2C_ER_IRQHandler                             CMakeFiles/nucleo_l073rz_initialize.out.dir/Drivers/STM32L0xx_HAL_Driver/Src/stm32l0xx_hal_i2c.c.obj
HAL_I2C_EV_IRQHandler                             CMakeFiles/nucleo_l073rz_initialize.out.dir/Drivers/STM32L0xx_HAL_Driver/Src/stm32l0xx_hal_i2c.c.obj
HAL_I2C_EnableListen_IT                           CMakeFiles/nucleo_l073rz_initialize.out.dir/Drivers/STM32L0xx_HAL_Driver/Src/stm32l0xx_hal_i2c.c.obj
HAL_I2C_ErrorCallback                             CMakeFiles/nucleo_l073rz_initialize.out.dir/Drivers/STM32L0xx_HAL_Driver/Src/stm32l0xx_hal_i2c.c.obj
HAL_I2C_GetError                                  CMakeFiles/nucleo_l073rz_initialize.out.dir/Drivers/STM32L0xx_HAL_Driver/Src/stm32l0xx_hal_i2c.c.obj
HAL_I2C_GetMode                                   CMakeFiles/nucleo_l073rz_initialize.out.dir/Drivers/STM32L0xx_HAL_Driver/Src/stm32l0xx_hal_i2c.c.obj
HAL_I2C_GetState                                  CMakeFiles/nucleo_l073rz_initialize.out.dir/Drivers/STM32L0xx_HAL_Driver/Src/stm32l0xx_hal_i2c.c.obj
HAL_I2C_Init                                      CMakeFiles/nucleo_l073rz_initialize.out.dir/Drivers/STM32L0xx_HAL_Driver/Src/stm32l0xx_hal_i2c.c.obj
HAL_I2C_IsDeviceReady                             CMakeFiles/nucleo_l073rz_initialize.out.dir/Drivers/STM32L0xx_HAL_Driver/Src/stm32l0xx_hal_i2c.c.obj
HAL_I2C_ListenCpltCallback                        CMakeFiles/nucleo_l073rz_initialize.out.dir/Drivers/STM32L0xx_HAL_Driver/Src/stm32l0xx_hal_i2c.c.obj
HAL_I2C_MasterRxCpltCallback                      CMakeFiles/nucleo_l073rz_initialize.out.dir/Drivers/STM32L0xx_HAL_Driver/Src/stm32l0xx_hal_i2c.c.obj
HAL_I2C_MasterTxCpltCallback                      CMakeFiles/nucleo_l073rz_initialize.out.dir/Drivers/STM32L0xx_HAL_Driver/Src/stm32l0xx_hal_i2c.c.obj
HAL_I2C_Master_Abort_IT                           CMakeFiles/nucleo_l073rz_initialize.out.dir/Drivers/STM32L0xx_HAL_Driver/Src/stm32l0xx_hal_i2c.c.obj
HAL_I2C_Master_Receive                            CMakeFiles/nucleo_l073rz_initialize.out.dir/Drivers/STM32L0xx_HAL_Driver/Src/stm32l0xx_hal_i2c.c.obj
HAL_I2C_Master_Receive_DMA                        CMakeFiles/nucleo_l073rz_initialize.out.dir/Drivers/STM32L0xx_HAL_Driver/Src/stm32l0xx_hal_i2c.c.obj
HAL_I2C_Master_Receive_IT                         CMakeFiles/nucleo_l073rz_initialize.out.dir/Drivers/STM32L0xx_HAL_Driver/Src/stm32l0xx_hal_i2c.c.obj
HAL_I2C_Master_Seq_Receive_DMA                    CMakeFiles/nucleo_l073rz_initialize.out.dir/Drivers/STM32L0xx_HAL_Driver/Src/stm32l0xx_hal_i2c.c.obj
HAL_I2C_Master_Seq_Receive_IT                     CMakeFiles/nucleo_l073rz_initialize.out.dir/Drivers/STM32L0xx_HAL_Driver/Src/stm32l0xx_hal_i2c.c.obj
HAL_I2C_Master_Seq_Transmit_DMA                   CMakeFiles/nucleo_l073rz_initialize.out.dir/Drivers/STM32L0xx_HAL_Driver/Src/stm32l0xx_hal_i2c.c.obj
HAL_I2C_Master_Seq_Transmit_IT                    CMakeFiles/nucleo_l073rz_initialize.out.dir/Drivers/STM32L0xx_HAL_Driver/Src/stm32l0xx_hal_i2c.c.obj
HAL_I2C_Master_Transmit                           CMakeFiles/nucleo_l073rz_initialize.out.dir/Drivers/STM32L0xx_HAL_Driver/Src/stm32l0xx_hal_i2c.c.obj
HAL_I2C_Master_Transmit_DMA                       CMakeFiles/nucleo_l073rz_initialize.out.dir/Drivers/STM32L0xx_HAL_Driver/Src/stm32l0xx_hal_i2c.c.obj
HAL_I2C_Master_Transmit_IT                        CMakeFiles/nucleo_l073rz_initialize.out.dir/Drivers/STM32L0xx_HAL_Driver/Src/stm32l0xx_hal_i2c.c.obj
HAL_I2C_MemRxCpltCallback                         CMakeFiles/nucleo_l073rz_initialize.out.dir/Drivers/STM32L0xx_HAL_Driver/Src/stm32l0xx_hal_i2c.c.obj
HAL_I2C_MemTxCpltCallback                         CMakeFiles/nucleo_l073rz_initialize.out.dir/Drivers/STM32L0xx_HAL_Driver/Src/stm32l0xx_hal_i2c.c.obj
HAL_I2C_Mem_Read                                  CMakeFiles/nucleo_l073rz_initialize.out.dir/Drivers/STM32L0xx_HAL_Driver/Src/stm32l0xx_hal_i2c.c.obj
HAL_I2C_Mem_Read_DMA                              CMakeFiles/nucleo_l073rz_initialize.out.dir/Drivers/STM32L0xx_HAL_Driver/Src/stm32l0xx_hal_i2c.c.obj
HAL_I2C_Mem_Read_IT                               CMakeFiles/nucleo_l073rz_initialize.out.dir/Drivers/STM32L0xx_HAL_Driver/Src/stm32l0xx_hal_i2c.c.obj
HAL_I2C_Mem_Write                                 CMakeFiles/nucleo_l073rz_initialize.out.dir/Drivers/STM32L0xx_HAL_Driver/Src/stm32l0xx_hal_i2c.c.obj
HAL_I2C_Mem_Write_DMA                             CMakeFiles/nucleo_l073rz_initialize.out.dir/Drivers/STM32L0xx_HAL_Driver/Src/stm32l0xx_hal_i2c.c.obj
HAL_I2C_Mem_Write_IT                              CMakeFiles/nucleo_l073rz_initialize.out.dir/Drivers/STM32L0xx_HAL_Driver/Src/stm32l0xx_hal_i2c.c.obj
HAL_I2C_MspDeInit                                 CMakeFiles/nucleo_l073rz_initialize.out.dir/Drivers/STM32L0xx_HAL_Driver/Src/stm32l0xx_hal_i2c.c.obj
HAL_I2C_MspInit                                   CMakeFiles/nucleo_l073rz_initialize.out.dir/Drivers/STM32L0xx_HAL_Driver/Src/stm32l0xx_hal_i2c.c.obj
HAL_I2C_SlaveRxCpltCallback                       CMakeFiles/nucleo_l073rz_initialize.out.dir/Drivers/STM32L0xx_HAL_Driver/Src/stm32l0xx_hal_i2c.c.obj
HAL_I2C_SlaveTxCpltCallback                       CMakeFiles/nucleo_l073rz_initialize.out.dir/Drivers/STM32L0xx_HAL_Driver/Src/stm32l0xx_hal_i2c.c.obj
HAL_I2C_Slave_Receive                             CMakeFiles/nucleo_l073rz_initialize.out.dir/Drivers/STM32L0xx_HAL_Driver/Src/stm32l0xx_hal_i2c.c.obj
HAL_I2C_Slave_Receive_DMA                         CMakeFiles/nucleo_l073rz_initialize.out.dir/Drivers/STM32L0xx_HAL_Driver/Src/stm32l0xx_hal_i2c.c.obj
HAL_I2C_Slave_Receive_IT                          CMakeFiles/nucleo_l073rz_initialize.out.dir/Drivers/STM32L0xx_HAL_Driver/Src/stm32l0xx_hal_i2c.c.obj
HAL_I2C_Slave_Seq_Receive_DMA                     CMakeFiles/nucleo_l073rz_initialize.out.dir/Drivers/STM32L0xx_HAL_Driver/Src/stm32l0xx_hal_i2c.c.obj
HAL_I2C_Slave_Seq_Receive_IT                      CMakeFiles/nucleo_l073rz_initialize.out.dir/Drivers/STM32L0xx_HAL_Driver/Src/stm32l0xx_hal_i2c.c.obj
HAL_I2C_Slave_Seq_Transmit_DMA                    CMakeFiles/nucleo_l073rz_initialize.out.dir/Drivers/STM32L0xx_HAL_Driver/Src/stm32l0xx_hal_i2c.c.obj
HAL_I2C_Slave_Seq_Transmit_IT                     CMakeFiles/nucleo_l073rz_initialize.out.dir/Drivers/STM32L0xx_HAL_Driver/Src/stm32l0xx_hal_i2c.c.obj
HAL_I2C_Slave_Transmit                            CMakeFiles/nucleo_l073rz_initialize.out.dir/Drivers/STM32L0xx_HAL_Driver/Src/stm32l0xx_hal_i2c.c.obj
HAL_I2C_Slave_Transmit_DMA                        CMakeFiles/nucleo_l073rz_initialize.out.dir/Drivers/STM32L0xx_HAL_Driver/Src/stm32l0xx_hal_i2c.c.obj
HAL_I2C_Slave_Transmit_IT                         CMakeFiles/nucleo_l073rz_initialize.out.dir/Drivers/STM32L0xx_HAL_Driver/Src/stm32l0xx_hal_i2c.c.obj
HAL_IncTick                                       CMakeFiles/nucleo_l073rz_initialize.out.dir/Drivers/STM32L0xx_HAL_Driver/Src/stm32l0xx_hal.c.obj
                                                  CMakeFiles/nucleo_l073rz_initialize.out.dir/Src/stm32l0xx_it.c.obj
HAL_Init                                          CMakeFiles/nucleo_l073rz_initialize.out.dir/Drivers/STM32L0xx_HAL_Driver/Src/stm32l0xx_hal.c.obj
                                                  CMakeFiles/nucleo_l073rz_initialize.out.dir/Src/main.c.obj
HAL_InitTick                                      CMakeFiles/nucleo_l073rz_initialize.out.dir/Drivers/STM32L0xx_HAL_Driver/Src/stm32l0xx_hal.c.obj
                                                  CMakeFiles/nucleo_l073rz_initialize.out.dir/Drivers/STM32L0xx_HAL_Driver/Src/stm32l0xx_hal_rcc.c.obj
HAL_LIN_Init                                      CMakeFiles/nucleo_l073rz_initialize.out.dir/Drivers/STM32L0xx_HAL_Driver/Src/stm32l0xx_hal_uart.c.obj
HAL_LIN_SendBreak                                 CMakeFiles/nucleo_l073rz_initialize.out.dir/Drivers/STM32L0xx_HAL_Driver/Src/stm32l0xx_hal_uart.c.obj
HAL_MPU_ConfigRegion                              CMakeFiles/nucleo_l073rz_initialize.out.dir/Drivers/STM32L0xx_HAL_Driver/Src/stm32l0xx_hal_cortex.c.obj
HAL_MPU_Disable                                   CMakeFiles/nucleo_l073rz_initialize.out.dir/Drivers/STM32L0xx_HAL_Driver/Src/stm32l0xx_hal_cortex.c.obj
HAL_MPU_Enable                                    CMakeFiles/nucleo_l073rz_initialize.out.dir/Drivers/STM32L0xx_HAL_Driver/Src/stm32l0xx_hal_cortex.c.obj
HAL_MspDeInit                                     CMakeFiles/nucleo_l073rz_initialize.out.dir/Drivers/STM32L0xx_HAL_Driver/Src/stm32l0xx_hal.c.obj
HAL_MspInit                                       CMakeFiles/nucleo_l073rz_initialize.out.dir/Src/stm32l0xx_hal_msp.c.obj
HAL_MultiProcessorEx_AddressLength_Set            CMakeFiles/nucleo_l073rz_initialize.out.dir/Drivers/STM32L0xx_HAL_Driver/Src/stm32l0xx_hal_uart_ex.c.obj
HAL_MultiProcessor_DisableMuteMode                CMakeFiles/nucleo_l073rz_initialize.out.dir/Drivers/STM32L0xx_HAL_Driver/Src/stm32l0xx_hal_uart.c.obj
HAL_MultiProcessor_EnableMuteMode                 CMakeFiles/nucleo_l073rz_initialize.out.dir/Drivers/STM32L0xx_HAL_Driver/Src/stm32l0xx_hal_uart.c.obj
HAL_MultiProcessor_EnterMuteMode                  CMakeFiles/nucleo_l073rz_initialize.out.dir/Drivers/STM32L0xx_HAL_Driver/Src/stm32l0xx_hal_uart.c.obj
HAL_MultiProcessor_Init                           CMakeFiles/nucleo_l073rz_initialize.out.dir/Drivers/STM32L0xx_HAL_Driver/Src/stm32l0xx_hal_uart.c.obj
HAL_NVIC_ClearPendingIRQ                          CMakeFiles/nucleo_l073rz_initialize.out.dir/Drivers/STM32L0xx_HAL_Driver/Src/stm32l0xx_hal_cortex.c.obj
HAL_NVIC_DisableIRQ                               CMakeFiles/nucleo_l073rz_initialize.out.dir/Drivers/STM32L0xx_HAL_Driver/Src/stm32l0xx_hal_cortex.c.obj
HAL_NVIC_EnableIRQ                                CMakeFiles/nucleo_l073rz_initialize.out.dir/Drivers/STM32L0xx_HAL_Driver/Src/stm32l0xx_hal_cortex.c.obj
HAL_NVIC_GetPendingIRQ                            CMakeFiles/nucleo_l073rz_initialize.out.dir/Drivers/STM32L0xx_HAL_Driver/Src/stm32l0xx_hal_cortex.c.obj
HAL_NVIC_GetPriority                              CMakeFiles/nucleo_l073rz_initialize.out.dir/Drivers/STM32L0xx_HAL_Driver/Src/stm32l0xx_hal_cortex.c.obj
HAL_NVIC_SetPendingIRQ                            CMakeFiles/nucleo_l073rz_initialize.out.dir/Drivers/STM32L0xx_HAL_Driver/Src/stm32l0xx_hal_cortex.c.obj
HAL_NVIC_SetPriority                              CMakeFiles/nucleo_l073rz_initialize.out.dir/Drivers/STM32L0xx_HAL_Driver/Src/stm32l0xx_hal_cortex.c.obj
                                                  CMakeFiles/nucleo_l073rz_initialize.out.dir/Drivers/STM32L0xx_HAL_Driver/Src/stm32l0xx_hal.c.obj
HAL_NVIC_SystemReset                              CMakeFiles/nucleo_l073rz_initialize.out.dir/Drivers/STM32L0xx_HAL_Driver/Src/stm32l0xx_hal_cortex.c.obj
HAL_PWREx_DisableFastWakeUp                       CMakeFiles/nucleo_l073rz_initialize.out.dir/Drivers/STM32L0xx_HAL_Driver/Src/stm32l0xx_hal_pwr_ex.c.obj
HAL_PWREx_DisableLowPowerRunMode                  CMakeFiles/nucleo_l073rz_initialize.out.dir/Drivers/STM32L0xx_HAL_Driver/Src/stm32l0xx_hal_pwr_ex.c.obj
HAL_PWREx_DisableUltraLowPower                    CMakeFiles/nucleo_l073rz_initialize.out.dir/Drivers/STM32L0xx_HAL_Driver/Src/stm32l0xx_hal_pwr_ex.c.obj
HAL_PWREx_EnableFastWakeUp                        CMakeFiles/nucleo_l073rz_initialize.out.dir/Drivers/STM32L0xx_HAL_Driver/Src/stm32l0xx_hal_pwr_ex.c.obj
HAL_PWREx_EnableLowPowerRunMode                   CMakeFiles/nucleo_l073rz_initialize.out.dir/Drivers/STM32L0xx_HAL_Driver/Src/stm32l0xx_hal_pwr_ex.c.obj
HAL_PWREx_EnableUltraLowPower                     CMakeFiles/nucleo_l073rz_initialize.out.dir/Drivers/STM32L0xx_HAL_Driver/Src/stm32l0xx_hal_pwr_ex.c.obj
HAL_PWREx_GetVoltageRange                         CMakeFiles/nucleo_l073rz_initialize.out.dir/Drivers/STM32L0xx_HAL_Driver/Src/stm32l0xx_hal_pwr_ex.c.obj
HAL_PWR_ConfigPVD                                 CMakeFiles/nucleo_l073rz_initialize.out.dir/Drivers/STM32L0xx_HAL_Driver/Src/stm32l0xx_hal_pwr.c.obj
HAL_PWR_DeInit                                    CMakeFiles/nucleo_l073rz_initialize.out.dir/Drivers/STM32L0xx_HAL_Driver/Src/stm32l0xx_hal_pwr.c.obj
HAL_PWR_DisableBkUpAccess                         CMakeFiles/nucleo_l073rz_initialize.out.dir/Drivers/STM32L0xx_HAL_Driver/Src/stm32l0xx_hal_pwr.c.obj
HAL_PWR_DisablePVD                                CMakeFiles/nucleo_l073rz_initialize.out.dir/Drivers/STM32L0xx_HAL_Driver/Src/stm32l0xx_hal_pwr.c.obj
HAL_PWR_DisableSEVOnPend                          CMakeFiles/nucleo_l073rz_initialize.out.dir/Drivers/STM32L0xx_HAL_Driver/Src/stm32l0xx_hal_pwr.c.obj
HAL_PWR_DisableSleepOnExit                        CMakeFiles/nucleo_l073rz_initialize.out.dir/Drivers/STM32L0xx_HAL_Driver/Src/stm32l0xx_hal_pwr.c.obj
HAL_PWR_DisableWakeUpPin                          CMakeFiles/nucleo_l073rz_initialize.out.dir/Drivers/STM32L0xx_HAL_Driver/Src/stm32l0xx_hal_pwr.c.obj
HAL_PWR_EnableBkUpAccess                          CMakeFiles/nucleo_l073rz_initialize.out.dir/Drivers/STM32L0xx_HAL_Driver/Src/stm32l0xx_hal_pwr.c.obj
HAL_PWR_EnablePVD                                 CMakeFiles/nucleo_l073rz_initialize.out.dir/Drivers/STM32L0xx_HAL_Driver/Src/stm32l0xx_hal_pwr.c.obj
HAL_PWR_EnableSEVOnPend                           CMakeFiles/nucleo_l073rz_initialize.out.dir/Drivers/STM32L0xx_HAL_Driver/Src/stm32l0xx_hal_pwr.c.obj
HAL_PWR_EnableSleepOnExit                         CMakeFiles/nucleo_l073rz_initialize.out.dir/Drivers/STM32L0xx_HAL_Driver/Src/stm32l0xx_hal_pwr.c.obj
HAL_PWR_EnableWakeUpPin                           CMakeFiles/nucleo_l073rz_initialize.out.dir/Drivers/STM32L0xx_HAL_Driver/Src/stm32l0xx_hal_pwr.c.obj
HAL_PWR_EnterSLEEPMode                            CMakeFiles/nucleo_l073rz_initialize.out.dir/Drivers/STM32L0xx_HAL_Driver/Src/stm32l0xx_hal_pwr.c.obj
HAL_PWR_EnterSTANDBYMode                          CMakeFiles/nucleo_l073rz_initialize.out.dir/Drivers/STM32L0xx_HAL_Driver/Src/stm32l0xx_hal_pwr.c.obj
HAL_PWR_EnterSTOPMode                             CMakeFiles/nucleo_l073rz_initialize.out.dir/Drivers/STM32L0xx_HAL_Driver/Src/stm32l0xx_hal_pwr.c.obj
HAL_PWR_PVDCallback                               CMakeFiles/nucleo_l073rz_initialize.out.dir/Drivers/STM32L0xx_HAL_Driver/Src/stm32l0xx_hal_pwr.c.obj
HAL_PWR_PVD_IRQHandler                            CMakeFiles/nucleo_l073rz_initialize.out.dir/Drivers/STM32L0xx_HAL_Driver/Src/stm32l0xx_hal_pwr.c.obj
HAL_RCCEx_CRSConfig                               CMakeFiles/nucleo_l073rz_initialize.out.dir/Drivers/STM32L0xx_HAL_Driver/Src/stm32l0xx_hal_rcc_ex.c.obj
HAL_RCCEx_CRSGetSynchronizationInfo               CMakeFiles/nucleo_l073rz_initialize.out.dir/Drivers/STM32L0xx_HAL_Driver/Src/stm32l0xx_hal_rcc_ex.c.obj
HAL_RCCEx_CRSSoftwareSynchronizationGenerate      CMakeFiles/nucleo_l073rz_initialize.out.dir/Drivers/STM32L0xx_HAL_Driver/Src/stm32l0xx_hal_rcc_ex.c.obj
HAL_RCCEx_CRSWaitSynchronization                  CMakeFiles/nucleo_l073rz_initialize.out.dir/Drivers/STM32L0xx_HAL_Driver/Src/stm32l0xx_hal_rcc_ex.c.obj
HAL_RCCEx_CRS_ErrorCallback                       CMakeFiles/nucleo_l073rz_initialize.out.dir/Drivers/STM32L0xx_HAL_Driver/Src/stm32l0xx_hal_rcc_ex.c.obj
HAL_RCCEx_CRS_ExpectedSyncCallback                CMakeFiles/nucleo_l073rz_initialize.out.dir/Drivers/STM32L0xx_HAL_Driver/Src/stm32l0xx_hal_rcc_ex.c.obj
HAL_RCCEx_CRS_IRQHandler                          CMakeFiles/nucleo_l073rz_initialize.out.dir/Drivers/STM32L0xx_HAL_Driver/Src/stm32l0xx_hal_rcc_ex.c.obj
HAL_RCCEx_CRS_SyncOkCallback                      CMakeFiles/nucleo_l073rz_initialize.out.dir/Drivers/STM32L0xx_HAL_Driver/Src/stm32l0xx_hal_rcc_ex.c.obj
HAL_RCCEx_CRS_SyncWarnCallback                    CMakeFiles/nucleo_l073rz_initialize.out.dir/Drivers/STM32L0xx_HAL_Driver/Src/stm32l0xx_hal_rcc_ex.c.obj
HAL_RCCEx_DisableHSI48_VREFINT                    CMakeFiles/nucleo_l073rz_initialize.out.dir/Drivers/STM32L0xx_HAL_Driver/Src/stm32l0xx_hal_rcc_ex.c.obj
HAL_RCCEx_DisableLSECSS                           CMakeFiles/nucleo_l073rz_initialize.out.dir/Drivers/STM32L0xx_HAL_Driver/Src/stm32l0xx_hal_rcc_ex.c.obj
HAL_RCCEx_EnableHSI48_VREFINT                     CMakeFiles/nucleo_l073rz_initialize.out.dir/Drivers/STM32L0xx_HAL_Driver/Src/stm32l0xx_hal_rcc_ex.c.obj
HAL_RCCEx_EnableLSECSS                            CMakeFiles/nucleo_l073rz_initialize.out.dir/Drivers/STM32L0xx_HAL_Driver/Src/stm32l0xx_hal_rcc_ex.c.obj
HAL_RCCEx_EnableLSECSS_IT                         CMakeFiles/nucleo_l073rz_initialize.out.dir/Drivers/STM32L0xx_HAL_Driver/Src/stm32l0xx_hal_rcc_ex.c.obj
HAL_RCCEx_GetPeriphCLKConfig                      CMakeFiles/nucleo_l073rz_initialize.out.dir/Drivers/STM32L0xx_HAL_Driver/Src/stm32l0xx_hal_rcc_ex.c.obj
HAL_RCCEx_GetPeriphCLKFreq                        CMakeFiles/nucleo_l073rz_initialize.out.dir/Drivers/STM32L0xx_HAL_Driver/Src/stm32l0xx_hal_rcc_ex.c.obj
HAL_RCCEx_LSECSS_Callback                         CMakeFiles/nucleo_l073rz_initialize.out.dir/Drivers/STM32L0xx_HAL_Driver/Src/stm32l0xx_hal_rcc_ex.c.obj
HAL_RCCEx_LSECSS_IRQHandler                       CMakeFiles/nucleo_l073rz_initialize.out.dir/Drivers/STM32L0xx_HAL_Driver/Src/stm32l0xx_hal_rcc_ex.c.obj
HAL_RCCEx_PeriphCLKConfig                         CMakeFiles/nucleo_l073rz_initialize.out.dir/Drivers/STM32L0xx_HAL_Driver/Src/stm32l0xx_hal_rcc_ex.c.obj
                                                  CMakeFiles/nucleo_l073rz_initialize.out.dir/Src/main.c.obj
HAL_RCC_CSSCallback                               CMakeFiles/nucleo_l073rz_initialize.out.dir/Drivers/STM32L0xx_HAL_Driver/Src/stm32l0xx_hal_rcc.c.obj
HAL_RCC_ClockConfig                               CMakeFiles/nucleo_l073rz_initialize.out.dir/Drivers/STM32L0xx_HAL_Driver/Src/stm32l0xx_hal_rcc.c.obj
                                                  CMakeFiles/nucleo_l073rz_initialize.out.dir/Src/main.c.obj
HAL_RCC_DeInit                                    CMakeFiles/nucleo_l073rz_initialize.out.dir/Drivers/STM32L0xx_HAL_Driver/Src/stm32l0xx_hal_rcc.c.obj
HAL_RCC_EnableCSS                                 CMakeFiles/nucleo_l073rz_initialize.out.dir/Drivers/STM32L0xx_HAL_Driver/Src/stm32l0xx_hal_rcc.c.obj
HAL_RCC_GetClockConfig                            CMakeFiles/nucleo_l073rz_initialize.out.dir/Drivers/STM32L0xx_HAL_Driver/Src/stm32l0xx_hal_rcc.c.obj
HAL_RCC_GetHCLKFreq                               CMakeFiles/nucleo_l073rz_initialize.out.dir/Drivers/STM32L0xx_HAL_Driver/Src/stm32l0xx_hal_rcc.c.obj
HAL_RCC_GetOscConfig                              CMakeFiles/nucleo_l073rz_initialize.out.dir/Drivers/STM32L0xx_HAL_Driver/Src/stm32l0xx_hal_rcc.c.obj
HAL_RCC_GetPCLK1Freq                              CMakeFiles/nucleo_l073rz_initialize.out.dir/Drivers/STM32L0xx_HAL_Driver/Src/stm32l0xx_hal_rcc.c.obj
                                                  CMakeFiles/nucleo_l073rz_initialize.out.dir/Drivers/STM32L0xx_HAL_Driver/Src/stm32l0xx_hal_rcc_ex.c.obj
                                                  CMakeFiles/nucleo_l073rz_initialize.out.dir/Drivers/STM32L0xx_HAL_Driver/Src/stm32l0xx_hal_uart.c.obj
HAL_RCC_GetPCLK2Freq                              CMakeFiles/nucleo_l073rz_initialize.out.dir/Drivers/STM32L0xx_HAL_Driver/Src/stm32l0xx_hal_rcc.c.obj
                                                  CMakeFiles/nucleo_l073rz_initialize.out.dir/Drivers/STM32L0xx_HAL_Driver/Src/stm32l0xx_hal_rcc_ex.c.obj
                                                  CMakeFiles/nucleo_l073rz_initialize.out.dir/Drivers/STM32L0xx_HAL_Driver/Src/stm32l0xx_hal_uart.c.obj
HAL_RCC_GetSysClockFreq                           CMakeFiles/nucleo_l073rz_initialize.out.dir/Drivers/STM32L0xx_HAL_Driver/Src/stm32l0xx_hal_rcc.c.obj
                                                  CMakeFiles/nucleo_l073rz_initialize.out.dir/Drivers/STM32L0xx_HAL_Driver/Src/stm32l0xx_hal_rcc_ex.c.obj
                                                  CMakeFiles/nucleo_l073rz_initialize.out.dir/Drivers/STM32L0xx_HAL_Driver/Src/stm32l0xx_hal_uart.c.obj
HAL_RCC_MCOConfig                                 CMakeFiles/nucleo_l073rz_initialize.out.dir/Drivers/STM32L0xx_HAL_Driver/Src/stm32l0xx_hal_rcc.c.obj
HAL_RCC_NMI_IRQHandler                            CMakeFiles/nucleo_l073rz_initialize.out.dir/Drivers/STM32L0xx_HAL_Driver/Src/stm32l0xx_hal_rcc.c.obj
HAL_RCC_OscConfig                                 CMakeFiles/nucleo_l073rz_initialize.out.dir/Drivers/STM32L0xx_HAL_Driver/Src/stm32l0xx_hal_rcc.c.obj
                                                  CMakeFiles/nucleo_l073rz_initialize.out.dir/Src/main.c.obj
HAL_RS485Ex_Init                                  CMakeFiles/nucleo_l073rz_initialize.out.dir/Drivers/STM32L0xx_HAL_Driver/Src/stm32l0xx_hal_uart_ex.c.obj
HAL_ResumeTick                                    CMakeFiles/nucleo_l073rz_initialize.out.dir/Drivers/STM32L0xx_HAL_Driver/Src/stm32l0xx_hal.c.obj
HAL_SYSCFG_Disable_Lock_VREFINT                   CMakeFiles/nucleo_l073rz_initialize.out.dir/Drivers/STM32L0xx_HAL_Driver/Src/stm32l0xx_hal.c.obj
HAL_SYSCFG_Enable_Lock_VREFINT                    CMakeFiles/nucleo_l073rz_initialize.out.dir/Drivers/STM32L0xx_HAL_Driver/Src/stm32l0xx_hal.c.obj
HAL_SYSCFG_GetBootMode                            CMakeFiles/nucleo_l073rz_initialize.out.dir/Drivers/STM32L0xx_HAL_Driver/Src/stm32l0xx_hal.c.obj
HAL_SYSCFG_VREFINT_OutputSelect                   CMakeFiles/nucleo_l073rz_initialize.out.dir/Drivers/STM32L0xx_HAL_Driver/Src/stm32l0xx_hal.c.obj
HAL_SYSTICK_CLKSourceConfig                       CMakeFiles/nucleo_l073rz_initialize.out.dir/Drivers/STM32L0xx_HAL_Driver/Src/stm32l0xx_hal_cortex.c.obj
HAL_SYSTICK_Callback                              CMakeFiles/nucleo_l073rz_initialize.out.dir/Drivers/STM32L0xx_HAL_Driver/Src/stm32l0xx_hal_cortex.c.obj
HAL_SYSTICK_Config                                CMakeFiles/nucleo_l073rz_initialize.out.dir/Drivers/STM32L0xx_HAL_Driver/Src/stm32l0xx_hal_cortex.c.obj
                                                  CMakeFiles/nucleo_l073rz_initialize.out.dir/Drivers/STM32L0xx_HAL_Driver/Src/stm32l0xx_hal.c.obj
HAL_SYSTICK_IRQHandler                            CMakeFiles/nucleo_l073rz_initialize.out.dir/Drivers/STM32L0xx_HAL_Driver/Src/stm32l0xx_hal_cortex.c.obj
HAL_SetTickFreq                                   CMakeFiles/nucleo_l073rz_initialize.out.dir/Drivers/STM32L0xx_HAL_Driver/Src/stm32l0xx_hal.c.obj
HAL_SuspendTick                                   CMakeFiles/nucleo_l073rz_initialize.out.dir/Drivers/STM32L0xx_HAL_Driver/Src/stm32l0xx_hal.c.obj
HAL_UARTEx_DisableClockStopMode                   CMakeFiles/nucleo_l073rz_initialize.out.dir/Drivers/STM32L0xx_HAL_Driver/Src/stm32l0xx_hal_uart_ex.c.obj
HAL_UARTEx_DisableStopMode                        CMakeFiles/nucleo_l073rz_initialize.out.dir/Drivers/STM32L0xx_HAL_Driver/Src/stm32l0xx_hal_uart_ex.c.obj
HAL_UARTEx_EnableClockStopMode                    CMakeFiles/nucleo_l073rz_initialize.out.dir/Drivers/STM32L0xx_HAL_Driver/Src/stm32l0xx_hal_uart_ex.c.obj
HAL_UARTEx_EnableStopMode                         CMakeFiles/nucleo_l073rz_initialize.out.dir/Drivers/STM32L0xx_HAL_Driver/Src/stm32l0xx_hal_uart_ex.c.obj
HAL_UARTEx_ReceiveToIdle                          CMakeFiles/nucleo_l073rz_initialize.out.dir/Drivers/STM32L0xx_HAL_Driver/Src/stm32l0xx_hal_uart_ex.c.obj
HAL_UARTEx_ReceiveToIdle_DMA                      CMakeFiles/nucleo_l073rz_initialize.out.dir/Drivers/STM32L0xx_HAL_Driver/Src/stm32l0xx_hal_uart_ex.c.obj
HAL_UARTEx_ReceiveToIdle_IT                       CMakeFiles/nucleo_l073rz_initialize.out.dir/Drivers/STM32L0xx_HAL_Driver/Src/stm32l0xx_hal_uart_ex.c.obj
HAL_UARTEx_RxEventCallback                        CMakeFiles/nucleo_l073rz_initialize.out.dir/Drivers/STM32L0xx_HAL_Driver/Src/stm32l0xx_hal_uart.c.obj
HAL_UARTEx_StopModeWakeUpSourceConfig             CMakeFiles/nucleo_l073rz_initialize.out.dir/Drivers/STM32L0xx_HAL_Driver/Src/stm32l0xx_hal_uart_ex.c.obj
HAL_UARTEx_WakeupCallback                         CMakeFiles/nucleo_l073rz_initialize.out.dir/Drivers/STM32L0xx_HAL_Driver/Src/stm32l0xx_hal_uart_ex.c.obj
                                                  CMakeFiles/nucleo_l073rz_initialize.out.dir/Drivers/STM32L0xx_HAL_Driver/Src/stm32l0xx_hal_uart.c.obj
HAL_UART_Abort                                    CMakeFiles/nucleo_l073rz_initialize.out.dir/Drivers/STM32L0xx_HAL_Driver/Src/stm32l0xx_hal_uart.c.obj
HAL_UART_AbortCpltCallback                        CMakeFiles/nucleo_l073rz_initialize.out.dir/Drivers/STM32L0xx_HAL_Driver/Src/stm32l0xx_hal_uart.c.obj
HAL_UART_AbortReceive                             CMakeFiles/nucleo_l073rz_initialize.out.dir/Drivers/STM32L0xx_HAL_Driver/Src/stm32l0xx_hal_uart.c.obj
HAL_UART_AbortReceiveCpltCallback                 CMakeFiles/nucleo_l073rz_initialize.out.dir/Drivers/STM32L0xx_HAL_Driver/Src/stm32l0xx_hal_uart.c.obj
HAL_UART_AbortReceive_IT                          CMakeFiles/nucleo_l073rz_initialize.out.dir/Drivers/STM32L0xx_HAL_Driver/Src/stm32l0xx_hal_uart.c.obj
HAL_UART_AbortTransmit                            CMakeFiles/nucleo_l073rz_initialize.out.dir/Drivers/STM32L0xx_HAL_Driver/Src/stm32l0xx_hal_uart.c.obj
HAL_UART_AbortTransmitCpltCallback                CMakeFiles/nucleo_l073rz_initialize.out.dir/Drivers/STM32L0xx_HAL_Driver/Src/stm32l0xx_hal_uart.c.obj
HAL_UART_AbortTransmit_IT                         CMakeFiles/nucleo_l073rz_initialize.out.dir/Drivers/STM32L0xx_HAL_Driver/Src/stm32l0xx_hal_uart.c.obj
HAL_UART_Abort_IT                                 CMakeFiles/nucleo_l073rz_initialize.out.dir/Drivers/STM32L0xx_HAL_Driver/Src/stm32l0xx_hal_uart.c.obj
HAL_UART_DMAPause                                 CMakeFiles/nucleo_l073rz_initialize.out.dir/Drivers/STM32L0xx_HAL_Driver/Src/stm32l0xx_hal_uart.c.obj
HAL_UART_DMAResume                                CMakeFiles/nucleo_l073rz_initialize.out.dir/Drivers/STM32L0xx_HAL_Driver/Src/stm32l0xx_hal_uart.c.obj
HAL_UART_DMAStop                                  CMakeFiles/nucleo_l073rz_initialize.out.dir/Drivers/STM32L0xx_HAL_Driver/Src/stm32l0xx_hal_uart.c.obj
HAL_UART_DeInit                                   CMakeFiles/nucleo_l073rz_initialize.out.dir/Drivers/STM32L0xx_HAL_Driver/Src/stm32l0xx_hal_uart.c.obj
HAL_UART_DisableReceiverTimeout                   CMakeFiles/nucleo_l073rz_initialize.out.dir/Drivers/STM32L0xx_HAL_Driver/Src/stm32l0xx_hal_uart.c.obj
HAL_UART_EnableReceiverTimeout                    CMakeFiles/nucleo_l073rz_initialize.out.dir/Drivers/STM32L0xx_HAL_Driver/Src/stm32l0xx_hal_uart.c.obj
HAL_UART_ErrorCallback                            CMakeFiles/nucleo_l073rz_initialize.out.dir/Drivers/STM32L0xx_HAL_Driver/Src/stm32l0xx_hal_uart.c.obj
HAL_UART_GetError                                 CMakeFiles/nucleo_l073rz_initialize.out.dir/Drivers/STM32L0xx_HAL_Driver/Src/stm32l0xx_hal_uart.c.obj
HAL_UART_GetState                                 CMakeFiles/nucleo_l073rz_initialize.out.dir/Drivers/STM32L0xx_HAL_Driver/Src/stm32l0xx_hal_uart.c.obj
HAL_UART_IRQHandler                               CMakeFiles/nucleo_l073rz_initialize.out.dir/Drivers/STM32L0xx_HAL_Driver/Src/stm32l0xx_hal_uart.c.obj
HAL_UART_Init                                     CMakeFiles/nucleo_l073rz_initialize.out.dir/Drivers/STM32L0xx_HAL_Driver/Src/stm32l0xx_hal_uart.c.obj
                                                  CMakeFiles/nucleo_l073rz_initialize.out.dir/Src/main.c.obj
HAL_UART_MspDeInit                                CMakeFiles/nucleo_l073rz_initialize.out.dir/Src/stm32l0xx_hal_msp.c.obj
HAL_UART_MspInit                                  CMakeFiles/nucleo_l073rz_initialize.out.dir/Src/stm32l0xx_hal_msp.c.obj
                                                  CMakeFiles/nucleo_l073rz_initialize.out.dir/Drivers/STM32L0xx_HAL_Driver/Src/stm32l0xx_hal_uart_ex.c.obj
HAL_UART_Receive                                  CMakeFiles/nucleo_l073rz_initialize.out.dir/Drivers/STM32L0xx_HAL_Driver/Src/stm32l0xx_hal_uart.c.obj
HAL_UART_Receive_DMA                              CMakeFiles/nucleo_l073rz_initialize.out.dir/Drivers/STM32L0xx_HAL_Driver/Src/stm32l0xx_hal_uart.c.obj
HAL_UART_Receive_IT                               CMakeFiles/nucleo_l073rz_initialize.out.dir/Drivers/STM32L0xx_HAL_Driver/Src/stm32l0xx_hal_uart.c.obj
HAL_UART_ReceiverTimeout_Config                   CMakeFiles/nucleo_l073rz_initialize.out.dir/Drivers/STM32L0xx_HAL_Driver/Src/stm32l0xx_hal_uart.c.obj
HAL_UART_RxCpltCallback                           CMakeFiles/nucleo_l073rz_initialize.out.dir/Drivers/STM32L0xx_HAL_Driver/Src/stm32l0xx_hal_uart.c.obj
HAL_UART_RxHalfCpltCallback                       CMakeFiles/nucleo_l073rz_initialize.out.dir/Drivers/STM32L0xx_HAL_Driver/Src/stm32l0xx_hal_uart.c.obj
HAL_UART_Transmit                                 CMakeFiles/nucleo_l073rz_initialize.out.dir/Drivers/STM32L0xx_HAL_Driver/Src/stm32l0xx_hal_uart.c.obj
HAL_UART_Transmit_DMA                             CMakeFiles/nucleo_l073rz_initialize.out.dir/Drivers/STM32L0xx_HAL_Driver/Src/stm32l0xx_hal_uart.c.obj
HAL_UART_Transmit_IT                              CMakeFiles/nucleo_l073rz_initialize.out.dir/Drivers/STM32L0xx_HAL_Driver/Src/stm32l0xx_hal_uart.c.obj
HAL_UART_TxCpltCallback                           CMakeFiles/nucleo_l073rz_initialize.out.dir/Drivers/STM32L0xx_HAL_Driver/Src/stm32l0xx_hal_uart.c.obj
HAL_UART_TxHalfCpltCallback                       CMakeFiles/nucleo_l073rz_initialize.out.dir/Drivers/STM32L0xx_HAL_Driver/Src/stm32l0xx_hal_uart.c.obj
HardFault_Handler                                 CMakeFiles/nucleo_l073rz_initialize.out.dir/Src/stm32l0xx_it.c.obj
I2C1_IRQHandler                                   CMakeFiles/nucleo_l073rz_initialize.out.dir/startup_stm32l073xx.s.obj
I2C2_IRQHandler                                   CMakeFiles/nucleo_l073rz_initialize.out.dir/startup_stm32l073xx.s.obj
I2C3_IRQHandler                                   CMakeFiles/nucleo_l073rz_initialize.out.dir/startup_stm32l073xx.s.obj
LCD_IRQHandler                                    CMakeFiles/nucleo_l073rz_initialize.out.dir/startup_stm32l073xx.s.obj
LPTIM1_IRQHandler                                 CMakeFiles/nucleo_l073rz_initialize.out.dir/startup_stm32l073xx.s.obj
NMI_Handler                                       CMakeFiles/nucleo_l073rz_initialize.out.dir/Src/stm32l0xx_it.c.obj
PLLMulTable                                       CMakeFiles/nucleo_l073rz_initialize.out.dir/Src/system_stm32l0xx.c.obj
                                                  CMakeFiles/nucleo_l073rz_initialize.out.dir/Drivers/STM32L0xx_HAL_Driver/Src/stm32l0xx_hal_rcc_ex.c.obj
                                                  CMakeFiles/nucleo_l073rz_initialize.out.dir/Drivers/STM32L0xx_HAL_Driver/Src/stm32l0xx_hal_rcc.c.obj
PVD_IRQHandler                                    CMakeFiles/nucleo_l073rz_initialize.out.dir/startup_stm32l073xx.s.obj
PendSV_Handler                                    CMakeFiles/nucleo_l073rz_initialize.out.dir/Src/stm32l0xx_it.c.obj
RCC_CRS_IRQHandler                                CMakeFiles/nucleo_l073rz_initialize.out.dir/startup_stm32l073xx.s.obj
RNG_LPUART1_IRQHandler                            CMakeFiles/nucleo_l073rz_initialize.out.dir/startup_stm32l073xx.s.obj
RTC_IRQHandler                                    CMakeFiles/nucleo_l073rz_initialize.out.dir/startup_stm32l073xx.s.obj
Reset_Handler                                     CMakeFiles/nucleo_l073rz_initialize.out.dir/startup_stm32l073xx.s.obj
SPI1_IRQHandler                                   CMakeFiles/nucleo_l073rz_initialize.out.dir/startup_stm32l073xx.s.obj
SPI2_IRQHandler                                   CMakeFiles/nucleo_l073rz_initialize.out.dir/startup_stm32l073xx.s.obj
SVC_Handler                                       CMakeFiles/nucleo_l073rz_initialize.out.dir/Src/stm32l0xx_it.c.obj
SysTick_Handler                                   CMakeFiles/nucleo_l073rz_initialize.out.dir/Src/stm32l0xx_it.c.obj
SystemClock_Config                                CMakeFiles/nucleo_l073rz_initialize.out.dir/Src/main.c.obj
SystemCoreClock                                   CMakeFiles/nucleo_l073rz_initialize.out.dir/Src/system_stm32l0xx.c.obj